03-27 14:29:42.355  1736  1736 W CompatConfig: Trying to remove overrides for unknown Change ID 460405642. Skipping Change ID.
03-27 14:29:42.355  1736  1736 W CompatConfig: Trying to remove overrides for unknown Change ID 483802160. Skipping Change ID.
03-27 14:29:42.356  1736  1736 W CompatConfig: Trying to remove overrides for unknown Change ID 460405642. Skipping Change ID.
03-27 14:29:42.356  1736  1736 W CompatConfig: Trying to remove overrides for unknown Change ID 483802160. Skipping Change ID.
03-27 14:29:42.357  1736  1736 W CompatConfig: Trying to remove overrides for unknown Change ID 460405642. Skipping Change ID.
03-27 14:29:42.357  1736  1736 W CompatConfig: Trying to remove overrides for unknown Change ID 483802160. Skipping Change ID.
03-27 14:29:42.357  1736  1736 W CompatConfig: Trying to remove overrides for unknown Change ID 460405642. Skipping Change ID.
03-27 14:29:42.357  1736  1736 W CompatConfig: Trying to remove overrides for unknown Change ID 483802160. Skipping Change ID.
03-27 14:29:42.358  1736  1736 W CompatConfig: Trying to remove overrides for unknown Change ID 460405642. Skipping Change ID.
03-27 14:29:42.358  1736  1736 W CompatConfig: Trying to remove overrides for unknown Change ID 483802160. Skipping Change ID.
03-27 14:29:42.359  1736  1736 W CompatConfig: Trying to remove overrides for unknown Change ID 460405642. Skipping Change ID.
03-27 14:29:42.359  1736  1736 W CompatConfig: Trying to remove overrides for unknown Change ID 483802160. Skipping Change ID.
03-27 14:29:42.360  1736  1736 W CompatConfig: Trying to remove overrides for unknown Change ID 460405642. Skipping Change ID.
03-27 14:29:42.360  1736  1736 W CompatConfig: Trying to remove overrides for unknown Change ID 483802160. Skipping Change ID.
03-27 14:29:42.361  1736  1736 W CompatConfig: Trying to remove overrides for unknown Change ID 460405642. Skipping Change ID.
03-27 14:29:42.361  1736  1736 W CompatConfig: Trying to remove overrides for unknown Change ID 483802160. Skipping Change ID.
03-27 14:29:42.362  1736  8090 E SettingsToPropertiesMapper: key=persist.device_config.configuration.AdbWritableFlags__adb_writable_flags_list value=adservices/disable_sdk_sandbox,adservices/enforce_broadcast_receiver_restrictions,adservices/fledge_ad_selection_enforce_foreground_status_custom_audience,adservices/fledge_custom_audience_max_count,adservices/fledge_custom_audience_max_num_ads,adservices/fledge_custom_audience_max_owner_count,adservices/fledge_custom_audience_per_app_max_count,adservices/fledge_js_isolate_enforce_max_heap_size,adservices/fledge_js_isolate_max_heap_size_bytes,adservices/sdk_request_permits_per_second,adservices/sdksandbox_customized_sdk_context_enabled,configuration/namespace_to_package_mapping,constrain_display_apis/always_constrain_display_apis,constrain_display_apis/never_constrain_display_apis,constrain_display_apis/never_constrain_display_apis_all_packages,device_policy_manager/disable_resources_updatability,flipendo/default_savings_mode_launch,flipendo/essential_apps,flipendo/flipendo_enabled_launch,flipendo/grayscale_enabled_launch,flipendo/lever_ble_scanning_enabled_launch,flipendo/lever_hotspot_enabled_launch,flipendo/lever_work_profile_enabled_launch,flipendo/resuspend_delay_minutes,namespace/key,namespace1/key1,namespace1/key2,namespace2/key1,namespace2/key2,package_manager_service/incfs_default_timeouts,package_manager_service/known_digesters_list,privacy/location_access_check_periodic_interval_millis,rollback/enable_rollback_timeout,rollback/watchdog_explicit_health_check_enabled,rollback/watchdog_request_timeout_millis,rollback/watchdog_trigger_failure_count,rollback/watchdog_trigger_failure_duration_millis,rollback_boot/rollback_lifetime_in_millis,systemui/nas_generate_actions,systemui/nas_generate_replies,systemui/nas_max_messages_to_extract,systemui/nas_max_suggestions,testspace/another,testspace/flagname,textclassifier/config_updater_model_enabled,textclassifier/key,textclassifier/key2,textclassifier/manifest_url_annotator_en,textclassifier/manifest_url_annotator_ru,textclassifier/model_download_backoff_delay_in_millis,textclassifier/model_download_manager_enabled,textclassifier/multi_language_support_enabled,textclassifier/testing_locale_list_override,textclassifier/textclassifier_service_package_override,window_manager/enable_default_rescind_bal_privileges_from_pending_intent_sender,wrong/nas_generate_replies, exceeds system property max length.
03-27 14:29:42.362  1736  1736 W CompatConfig: Trying to remove overrides for unknown Change ID 460405642. Skipping Change ID.
03-27 14:29:42.362  1736  1736 W CompatConfig: Trying to remove overrides for unknown Change ID 483802160. Skipping Change ID.
03-27 14:29:42.363  1736  1736 W CompatConfig: Trying to remove overrides for unknown Change ID 460405642. Skipping Change ID.
03-27 14:29:42.363  1736  1736 W CompatConfig: Trying to remove overrides for unknown Change ID 483802160. Skipping Change ID.
03-27 14:29:42.363  1736  1736 W CompatConfig: Trying to remove overrides for unknown Change ID 460405642. Skipping Change ID.
03-27 14:29:42.363  1736  1736 W CompatConfig: Trying to remove overrides for unknown Change ID 483802160. Skipping Change ID.
03-27 14:29:42.365  1736  1736 W CompatConfig: Trying to remove overrides for unknown Change ID 460405642. Skipping Change ID.
03-27 14:29:42.365  1736  1736 W CompatConfig: Trying to remove overrides for unknown Change ID 483802160. Skipping Change ID.
03-27 14:29:42.365  1736  1736 W CompatConfig: Trying to remove overrides for unknown Change ID 460405642. Skipping Change ID.
03-27 14:29:42.365  1736  1736 W CompatConfig: Trying to remove overrides for unknown Change ID 483802160. Skipping Change ID.
03-27 14:29:42.366  1736  1736 W CompatConfig: Trying to remove overrides for unknown Change ID 460405642. Skipping Change ID.
03-27 14:29:42.366  1736  1736 W CompatConfig: Trying to remove overrides for unknown Change ID 483802160. Skipping Change ID.
03-27 14:29:42.367  1736  1736 W CompatConfig: Trying to remove overrides for unknown Change ID 460405642. Skipping Change ID.
03-27 14:29:42.367  1736  1736 W CompatConfig: Trying to remove overrides for unknown Change ID 483802160. Skipping Change ID.
03-27 14:29:42.368  1736  1736 W CompatConfig: Trying to remove overrides for unknown Change ID 460405642. Skipping Change ID.
03-27 14:29:42.368  1736  1736 W CompatConfig: Trying to remove overrides for unknown Change ID 483802160. Skipping Change ID.
03-27 14:29:42.369  1736  1736 W CompatConfig: Trying to remove overrides for unknown Change ID 460405642. Skipping Change ID.
03-27 14:29:42.369  1736  1736 W CompatConfig: Trying to remove overrides for unknown Change ID 483802160. Skipping Change ID.
03-27 14:29:42.369  1736  1736 W CompatConfig: Trying to remove overrides for unknown Change ID 460405642. Skipping Change ID.
03-27 14:29:42.369  1736  1736 W CompatConfig: Trying to remove overrides for unknown Change ID 483802160. Skipping Change ID.
03-27 14:29:42.370  1736  1736 W CompatConfig: Trying to remove overrides for unknown Change ID 460405642. Skipping Change ID.
03-27 14:29:42.370  1736  1736 W CompatConfig: Trying to remove overrides for unknown Change ID 483802160. Skipping Change ID.
03-27 14:29:42.371  1736  1736 W CompatConfig: Trying to remove overrides for unknown Change ID 460405642. Skipping Change ID.
03-27 14:29:42.371  1736  1736 W CompatConfig: Trying to remove overrides for unknown Change ID 483802160. Skipping Change ID.
03-27 14:29:42.372  1736  1736 W CompatConfig: Trying to remove overrides for unknown Change ID 460405642. Skipping Change ID.
03-27 14:29:42.372  1736  1736 W CompatConfig: Trying to remove overrides for unknown Change ID 483802160. Skipping Change ID.
03-27 14:29:42.373  1736  1736 W CompatConfig: Trying to remove overrides for unknown Change ID 460405642. Skipping Change ID.
03-27 14:29:42.373  1736  1736 W CompatConfig: Trying to remove overrides for unknown Change ID 483802160. Skipping Change ID.
03-27 14:29:42.373  1736  1736 W CompatConfig: Trying to remove overrides for unknown Change ID 460405642. Skipping Change ID.
03-27 14:29:42.373  1736  1736 W CompatConfig: Trying to remove overrides for unknown Change ID 483802160. Skipping Change ID.
03-27 14:29:42.374  1736  1736 W CompatConfig: Trying to remove overrides for unknown Change ID 460405642. Skipping Change ID.
03-27 14:29:42.374  1736  1736 W CompatConfig: Trying to remove overrides for unknown Change ID 483802160. Skipping Change ID.
03-27 14:29:42.375  2791  8066 I PlatformConfigurator: updateFromConfigurations using legacy put method [CONTEXT service_id=204 ]
03-27 14:29:42.375  1736  1736 W CompatConfig: Trying to remove overrides for unknown Change ID 460405642. Skipping Change ID.
03-27 14:29:42.375  1736  1736 W CompatConfig: Trying to remove overrides for unknown Change ID 483802160. Skipping Change ID.
03-27 14:29:42.376  1736  1736 W CompatConfig: Trying to remove overrides for unknown Change ID 460405642. Skipping Change ID.
03-27 14:29:42.376  1736  1736 W CompatConfig: Trying to remove overrides for unknown Change ID 483802160. Skipping Change ID.
03-27 14:29:42.377  1736  1736 W CompatConfig: Trying to remove overrides for unknown Change ID 460405642. Skipping Change ID.
03-27 14:29:42.377  1736  1736 W CompatConfig: Trying to remove overrides for unknown Change ID 483802160. Skipping Change ID.
03-27 14:29:42.378  1736  1736 W CompatConfig: Trying to remove overrides for unknown Change ID 460405642. Skipping Change ID.
03-27 14:29:42.378  1736  1736 W CompatConfig: Trying to remove overrides for unknown Change ID 483802160. Skipping Change ID.
03-27 14:29:42.378  1736  1736 W CompatConfig: Trying to remove overrides for unknown Change ID 460405642. Skipping Change ID.
03-27 14:29:42.378  1736  1736 W CompatConfig: Trying to remove overrides for unknown Change ID 483802160. Skipping Change ID.
03-27 14:29:42.379  1736  1736 W CompatConfig: Trying to remove overrides for unknown Change ID 460405642. Skipping Change ID.
03-27 14:29:42.379  1736  1736 W CompatConfig: Trying to remove overrides for unknown Change ID 483802160. Skipping Change ID.
03-27 14:29:42.380  1736  1736 W CompatConfig: Trying to remove overrides for unknown Change ID 460405642. Skipping Change ID.
03-27 14:29:42.380  1736  1736 W CompatConfig: Trying to remove overrides for unknown Change ID 483802160. Skipping Change ID.
03-27 14:29:42.381  1736  1736 W CompatConfig: Trying to remove overrides for unknown Change ID 460405642. Skipping Change ID.
03-27 14:29:42.381  1736  1736 W CompatConfig: Trying to remove overrides for unknown Change ID 483802160. Skipping Change ID.
03-27 14:29:42.382  1736  1736 W CompatConfig: Trying to remove overrides for unknown Change ID 460405642. Skipping Change ID.
03-27 14:29:42.382  1736  1736 W CompatConfig: Trying to remove overrides for unknown Change ID 483802160. Skipping Change ID.
03-27 14:29:42.382  1736  1736 W CompatConfig: Trying to remove overrides for unknown Change ID 460405642. Skipping Change ID.
03-27 14:29:42.382  1736  1736 W CompatConfig: Trying to remove overrides for unknown Change ID 483802160. Skipping Change ID.
03-27 14:29:42.383  1736  1736 W CompatConfig: Trying to remove overrides for unknown Change ID 460405642. Skipping Change ID.
03-27 14:29:42.383  1736  1736 W CompatConfig: Trying to remove overrides for unknown Change ID 483802160. Skipping Change ID.
03-27 14:29:42.384  1736  1736 W CompatConfig: Trying to remove overrides for unknown Change ID 460405642. Skipping Change ID.
03-27 14:29:42.384  1736  1736 W CompatConfig: Trying to remove overrides for unknown Change ID 483802160. Skipping Change ID.
03-27 14:29:42.385  1736  1736 W CompatConfig: Trying to remove overrides for unknown Change ID 460405642. Skipping Change ID.
03-27 14:29:42.385  1736  1736 W CompatConfig: Trying to remove overrides for unknown Change ID 483802160. Skipping Change ID.
03-27 14:29:42.386  1736  1736 W CompatConfig: Trying to remove overrides for unknown Change ID 460405642. Skipping Change ID.
03-27 14:29:42.386  1736  1736 W CompatConfig: Trying to remove overrides for unknown Change ID 483802160. Skipping Change ID.
03-27 14:29:42.386  2108  2108 D NavigationModeController: getCurrentUserContext: contextUser=0 currentUser=0
03-27 14:29:42.386  1736  1736 W CompatConfig: Trying to remove overrides for unknown Change ID 460405642. Skipping Change ID.
03-27 14:29:42.386  1736  1736 W CompatConfig: Trying to remove overrides for unknown Change ID 483802160. Skipping Change ID.
03-27 14:29:42.387  1736  1736 W CompatConfig: Trying to remove overrides for unknown Change ID 460405642. Skipping Change ID.
03-27 14:29:42.387  1736  1736 W CompatConfig: Trying to remove overrides for unknown Change ID 483802160. Skipping Change ID.
03-27 14:29:42.388  1736  1736 W CompatConfig: Trying to remove overrides for unknown Change ID 460405642. Skipping Change ID.
03-27 14:29:42.388  1736  1736 W CompatConfig: Trying to remove overrides for unknown Change ID 483802160. Skipping Change ID.
03-27 14:29:42.389  1736  1736 W CompatConfig: Trying to remove overrides for unknown Change ID 460405642. Skipping Change ID.
03-27 14:29:42.389  1736  1736 W CompatConfig: Trying to remove overrides for unknown Change ID 483802160. Skipping Change ID.
03-27 14:29:42.390  1736  1736 W CompatConfig: Trying to remove overrides for unknown Change ID 460405642. Skipping Change ID.
03-27 14:29:42.390  1736  1736 W CompatConfig: Trying to remove overrides for unknown Change ID 483802160. Skipping Change ID.
03-27 14:29:42.390  1736  1736 W CompatConfig: Trying to remove overrides for unknown Change ID 460405642. Skipping Change ID.
03-27 14:29:42.390  1736  1736 W CompatConfig: Trying to remove overrides for unknown Change ID 483802160. Skipping Change ID.
03-27 14:29:42.391  1736  1736 W CompatConfig: Trying to remove overrides for unknown Change ID 460405642. Skipping Change ID.
03-27 14:29:42.391  1736  1736 W CompatConfig: Trying to remove overrides for unknown Change ID 483802160. Skipping Change ID.
03-27 14:29:42.392  1736  1736 W CompatConfig: Trying to remove overrides for unknown Change ID 460405642. Skipping Change ID.
03-27 14:29:42.392  1736  1736 W CompatConfig: Trying to remove overrides for unknown Change ID 483802160. Skipping Change ID.
03-27 14:29:42.393  1736  1736 W CompatConfig: Trying to remove overrides for unknown Change ID 460405642. Skipping Change ID.
03-27 14:29:42.393  1736  1736 W CompatConfig: Trying to remove overrides for unknown Change ID 483802160. Skipping Change ID.
03-27 14:29:42.394  1736  1736 W CompatConfig: Trying to remove overrides for unknown Change ID 460405642. Skipping Change ID.
03-27 14:29:42.394  1736  1736 W CompatConfig: Trying to remove overrides for unknown Change ID 483802160. Skipping Change ID.
03-27 14:29:42.394  1736  1736 W CompatConfig: Trying to remove overrides for unknown Change ID 460405642. Skipping Change ID.
03-27 14:29:42.394  1736  1736 W CompatConfig: Trying to remove overrides for unknown Change ID 483802160. Skipping Change ID.
03-27 14:29:42.395  1736  1736 W CompatConfig: Trying to remove overrides for unknown Change ID 460405642. Skipping Change ID.
03-27 14:29:42.395  1736  1736 W CompatConfig: Trying to remove overrides for unknown Change ID 483802160. Skipping Change ID.
03-27 14:29:42.396  1736  1736 W CompatConfig: Trying to remove overrides for unknown Change ID 460405642. Skipping Change ID.
03-27 14:29:42.396  1736  1736 W CompatConfig: Trying to remove overrides for unknown Change ID 483802160. Skipping Change ID.
03-27 14:29:42.397  1736  1736 W CompatConfig: Trying to remove overrides for unknown Change ID 460405642. Skipping Change ID.
03-27 14:29:42.397  1736  1736 W CompatConfig: Trying to remove overrides for unknown Change ID 483802160. Skipping Change ID.
03-27 14:29:42.398  1736  1736 W CompatConfig: Trying to remove overrides for unknown Change ID 460405642. Skipping Change ID.
03-27 14:29:42.398  1736  1736 W CompatConfig: Trying to remove overrides for unknown Change ID 483802160. Skipping Change ID.
03-27 14:29:42.398  1736  1736 W CompatConfig: Trying to remove overrides for unknown Change ID 460405642. Skipping Change ID.
03-27 14:29:42.398  1736  1736 W CompatConfig: Trying to remove overrides for unknown Change ID 483802160. Skipping Change ID.
03-27 14:29:42.399  1736  1736 W CompatConfig: Trying to remove overrides for unknown Change ID 460405642. Skipping Change ID.
03-27 14:29:42.399  1736  1736 W CompatConfig: Trying to remove overrides for unknown Change ID 483802160. Skipping Change ID.
03-27 14:29:42.400  1736  1736 W CompatConfig: Trying to remove overrides for unknown Change ID 460405642. Skipping Change ID.
03-27 14:29:42.400  1736  1736 W CompatConfig: Trying to remove overrides for unknown Change ID 483802160. Skipping Change ID.
03-27 14:29:42.401  1736  1736 W CompatConfig: Trying to remove overrides for unknown Change ID 460405642. Skipping Change ID.
03-27 14:29:42.401  1736  1736 W CompatConfig: Trying to remove overrides for unknown Change ID 483802160. Skipping Change ID.
03-27 14:29:42.402  1736  1736 W CompatConfig: Trying to remove overrides for unknown Change ID 460405642. Skipping Change ID.
03-27 14:29:42.402  1736  1736 W CompatConfig: Trying to remove overrides for unknown Change ID 483802160. Skipping Change ID.
03-27 14:29:42.402  1736  1736 W CompatConfig: Trying to remove overrides for unknown Change ID 460405642. Skipping Change ID.
03-27 14:29:42.403  1736  1736 W CompatConfig: Trying to remove overrides for unknown Change ID 483802160. Skipping Change ID.
03-27 14:29:42.403  1736  1736 W CompatConfig: Trying to remove overrides for unknown Change ID 460405642. Skipping Change ID.
03-27 14:29:42.403  1736  1736 W CompatConfig: Trying to remove overrides for unknown Change ID 483802160. Skipping Change ID.
03-27 14:29:42.404  1736  1736 W CompatConfig: Trying to remove overrides for unknown Change ID 460405642. Skipping Change ID.
03-27 14:29:42.404  1736  1736 W CompatConfig: Trying to remove overrides for unknown Change ID 483802160. Skipping Change ID.
03-27 14:29:42.405  1736  1736 W CompatConfig: Trying to remove overrides for unknown Change ID 460405642. Skipping Change ID.
03-27 14:29:42.405  1736  1736 W CompatConfig: Trying to remove overrides for unknown Change ID 483802160. Skipping Change ID.
03-27 14:29:42.406  1736  1736 W CompatConfig: Trying to remove overrides for unknown Change ID 460405642. Skipping Change ID.
03-27 14:29:42.406  1736  1736 W CompatConfig: Trying to remove overrides for unknown Change ID 483802160. Skipping Change ID.
03-27 14:29:42.407  1736  1736 W CompatConfig: Trying to remove overrides for unknown Change ID 460405642. Skipping Change ID.
03-27 14:29:42.407  1736  1736 W CompatConfig: Trying to remove overrides for unknown Change ID 483802160. Skipping Change ID.
03-27 14:29:42.408  1736  1736 W CompatConfig: Trying to remove overrides for unknown Change ID 460405642. Skipping Change ID.
03-27 14:29:42.408  1736  1736 W CompatConfig: Trying to remove overrides for unknown Change ID 483802160. Skipping Change ID.
03-27 14:29:42.408  1736  1736 W CompatConfig: Trying to remove overrides for unknown Change ID 460405642. Skipping Change ID.
03-27 14:29:42.408  1736  1736 W CompatConfig: Trying to remove overrides for unknown Change ID 483802160. Skipping Change ID.
03-27 14:29:42.409  1736  1736 W CompatConfig: Trying to remove overrides for unknown Change ID 460405642. Skipping Change ID.
03-27 14:29:42.409  1736  1736 W CompatConfig: Trying to remove overrides for unknown Change ID 483802160. Skipping Change ID.
03-27 14:29:42.410  1736  1736 W CompatConfig: Trying to remove overrides for unknown Change ID 460405642. Skipping Change ID.
03-27 14:29:42.410  1736  1736 W CompatConfig: Trying to remove overrides for unknown Change ID 483802160. Skipping Change ID.
03-27 14:29:42.411  1736  1736 W CompatConfig: Trying to remove overrides for unknown Change ID 460405642. Skipping Change ID.
03-27 14:29:42.411  1736  1736 W CompatConfig: Trying to remove overrides for unknown Change ID 483802160. Skipping Change ID.
03-27 14:29:42.412  1736  1736 W CompatConfig: Trying to remove overrides for unknown Change ID 460405642. Skipping Change ID.
03-27 14:29:42.412  1736  1736 W CompatConfig: Trying to remove overrides for unknown Change ID 483802160. Skipping Change ID.
03-27 14:29:42.413  1736  1736 W CompatConfig: Trying to remove overrides for unknown Change ID 460405642. Skipping Change ID.
03-27 14:29:42.413  1736  1736 W CompatConfig: Trying to remove overrides for unknown Change ID 483802160. Skipping Change ID.
03-27 14:29:42.413  1736  1736 W CompatConfig: Trying to remove overrides for unknown Change ID 460405642. Skipping Change ID.
03-27 14:29:42.413  1736  1736 W CompatConfig: Trying to remove overrides for unknown Change ID 483802160. Skipping Change ID.
03-27 14:29:42.414  1736  1736 W CompatConfig: Trying to remove overrides for unknown Change ID 460405642. Skipping Change ID.
03-27 14:29:42.414  1736  1736 W CompatConfig: Trying to remove overrides for unknown Change ID 483802160. Skipping Change ID.
03-27 14:29:42.415  1736  1736 W CompatConfig: Trying to remove overrides for unknown Change ID 460405642. Skipping Change ID.
03-27 14:29:42.415  1736  1736 W CompatConfig: Trying to remove overrides for unknown Change ID 483802160. Skipping Change ID.
03-27 14:29:42.416  1736  1736 W CompatConfig: Trying to remove overrides for unknown Change ID 460405642. Skipping Change ID.
03-27 14:29:42.416  1736  1736 W CompatConfig: Trying to remove overrides for unknown Change ID 483802160. Skipping Change ID.
03-27 14:29:42.417  1736  1736 W CompatConfig: Trying to remove overrides for unknown Change ID 460405642. Skipping Change ID.
03-27 14:29:42.417  1736  1736 W CompatConfig: Trying to remove overrides for unknown Change ID 483802160. Skipping Change ID.
03-27 14:29:42.417  1736  1736 W CompatConfig: Trying to remove overrides for unknown Change ID 460405642. Skipping Change ID.
03-27 14:29:42.417  1736  1736 W CompatConfig: Trying to remove overrides for unknown Change ID 483802160. Skipping Change ID.
03-27 14:29:42.418  1736  1736 W CompatConfig: Trying to remove overrides for unknown Change ID 460405642. Skipping Change ID.
03-27 14:29:42.418  1736  1736 W CompatConfig: Trying to remove overrides for unknown Change ID 483802160. Skipping Change ID.
03-27 14:29:42.419  1736  1736 W CompatConfig: Trying to remove overrides for unknown Change ID 460405642. Skipping Change ID.
03-27 14:29:42.419  1736  1736 W CompatConfig: Trying to remove overrides for unknown Change ID 483802160. Skipping Change ID.
03-27 14:29:42.420  1736  1736 W CompatConfig: Trying to remove overrides for unknown Change ID 460405642. Skipping Change ID.
03-27 14:29:42.420  1736  1736 W CompatConfig: Trying to remove overrides for unknown Change ID 483802160. Skipping Change ID.
03-27 14:29:42.421  1736  1736 W CompatConfig: Trying to remove overrides for unknown Change ID 460405642. Skipping Change ID.
03-27 14:29:42.421  1736  1736 W CompatConfig: Trying to remove overrides for unknown Change ID 483802160. Skipping Change ID.
03-27 14:29:42.421  1736  1736 W CompatConfig: Trying to remove overrides for unknown Change ID 460405642. Skipping Change ID.
03-27 14:29:42.421  1736  1736 W CompatConfig: Trying to remove overrides for unknown Change ID 483802160. Skipping Change ID.
03-27 14:29:42.423  1736  1736 W CompatConfig: Trying to remove overrides for unknown Change ID 460405642. Skipping Change ID.
03-27 14:29:42.423  1736  1736 W CompatConfig: Trying to remove overrides for unknown Change ID 483802160. Skipping Change ID.
03-27 14:29:42.424  1736  1736 W CompatConfig: Trying to remove overrides for unknown Change ID 460405642. Skipping Change ID.
03-27 14:29:42.424  1736  1736 W CompatConfig: Trying to remove overrides for unknown Change ID 483802160. Skipping Change ID.
03-27 14:29:42.425  1736  1736 W CompatConfig: Trying to remove overrides for unknown Change ID 460405642. Skipping Change ID.
03-27 14:29:42.425  1736  1736 W CompatConfig: Trying to remove overrides for unknown Change ID 483802160. Skipping Change ID.
03-27 14:29:42.425  1736  1736 W CompatConfig: Trying to remove overrides for unknown Change ID 460405642. Skipping Change ID.
03-27 14:29:42.425  1736  1736 W CompatConfig: Trying to remove overrides for unknown Change ID 483802160. Skipping Change ID.
03-27 14:29:42.426  1736  1736 W CompatConfig: Trying to remove overrides for unknown Change ID 460405642. Skipping Change ID.
03-27 14:29:42.426  1736  1736 W CompatConfig: Trying to remove overrides for unknown Change ID 483802160. Skipping Change ID.
03-27 14:29:42.427  1736  1736 W CompatConfig: Trying to remove overrides for unknown Change ID 460405642. Skipping Change ID.
03-27 14:29:42.427  1736  1736 W CompatConfig: Trying to remove overrides for unknown Change ID 483802160. Skipping Change ID.
03-27 14:29:42.428  1736  1736 W CompatConfig: Trying to remove overrides for unknown Change ID 460405642. Skipping Change ID.
03-27 14:29:42.428  1736  1736 W CompatConfig: Trying to remove overrides for unknown Change ID 483802160. Skipping Change ID.
03-27 14:29:42.429  1736  1736 W CompatConfig: Trying to remove overrides for unknown Change ID 460405642. Skipping Change ID.
03-27 14:29:42.429  1736  1736 W CompatConfig: Trying to remove overrides for unknown Change ID 483802160. Skipping Change ID.
03-27 14:29:42.430  1736  1736 W CompatConfig: Trying to remove overrides for unknown Change ID 460405642. Skipping Change ID.
03-27 14:29:42.430  1736  1736 W CompatConfig: Trying to remove overrides for unknown Change ID 483802160. Skipping Change ID.
03-27 14:29:42.431  1736  1736 W CompatConfig: Trying to remove overrides for unknown Change ID 460405642. Skipping Change ID.
03-27 14:29:42.431  1736  1736 W CompatConfig: Trying to remove overrides for unknown Change ID 483802160. Skipping Change ID.
03-27 14:29:42.432  1736  1736 W CompatConfig: Trying to remove overrides for unknown Change ID 460405642. Skipping Change ID.
03-27 14:29:42.432  1736  1736 W CompatConfig: Trying to remove overrides for unknown Change ID 483802160. Skipping Change ID.
03-27 14:29:42.432  3627  3627 I SconeUeCapaJobService: onCreate()
03-27 14:29:42.433  1736  1939 D ActivityManager: sync unfroze 6388 com.google.android.apps.turbo:aab for 6
03-27 14:29:42.433  1736  1736 W CompatConfig: Trying to remove overrides for unknown Change ID 460405642. Skipping Change ID.
03-27 14:29:42.433  1736  1736 W CompatConfig: Trying to remove overrides for unknown Change ID 483802160. Skipping Change ID.
03-27 14:29:42.434  1736  1736 W CompatConfig: Trying to remove overrides for unknown Change ID 460405642. Skipping Change ID.
03-27 14:29:42.434  1736  1736 W CompatConfig: Trying to remove overrides for unknown Change ID 483802160. Skipping Change ID.
03-27 14:29:42.436  1736  1736 W CompatConfig: Trying to remove overrides for unknown Change ID 460405642. Skipping Change ID.
03-27 14:29:42.437  1736  1736 W CompatConfig: Trying to remove overrides for unknown Change ID 483802160. Skipping Change ID.
03-27 14:29:42.437  1736  1736 W CompatConfig: Trying to remove overrides for unknown Change ID 460405642. Skipping Change ID.
03-27 14:29:42.437  1736  1736 W CompatConfig: Trying to remove overrides for unknown Change ID 483802160. Skipping Change ID.
03-27 14:29:42.438  1736  1736 W CompatConfig: Trying to remove overrides for unknown Change ID 460405642. Skipping Change ID.
03-27 14:29:42.438  1736  1736 W CompatConfig: Trying to remove overrides for unknown Change ID 483802160. Skipping Change ID.
03-27 14:29:42.439  1736  1736 W CompatConfig: Trying to remove overrides for unknown Change ID 460405642. Skipping Change ID.
03-27 14:29:42.439  1736  1736 W CompatConfig: Trying to remove overrides for unknown Change ID 483802160. Skipping Change ID.
03-27 14:29:42.440  1736  1736 W CompatConfig: Trying to remove overrides for unknown Change ID 460405642. Skipping Change ID.
03-27 14:29:42.440  1736  1736 W CompatConfig: Trying to remove overrides for unknown Change ID 483802160. Skipping Change ID.
03-27 14:29:42.441  1736  1736 W CompatConfig: Trying to remove overrides for unknown Change ID 460405642. Skipping Change ID.
03-27 14:29:42.441  1736  1736 W CompatConfig: Trying to remove overrides for unknown Change ID 483802160. Skipping Change ID.
03-27 14:29:42.442  1736  1736 W CompatConfig: Trying to remove overrides for unknown Change ID 460405642. Skipping Change ID.
03-27 14:29:42.442  1736  1736 W CompatConfig: Trying to remove overrides for unknown Change ID 483802160. Skipping Change ID.
03-27 14:29:42.442  1736  1939 D ActivityManager: sync unfroze 6549 com.google.android.calendar for 6
03-27 14:29:42.443  1736  1736 W CompatConfig: Trying to remove overrides for unknown Change ID 460405642. Skipping Change ID.
03-27 14:29:42.443  1736  1736 W CompatConfig: Trying to remove overrides for unknown Change ID 483802160. Skipping Change ID.
03-27 14:29:42.444  1736  1736 W CompatConfig: Trying to remove overrides for unknown Change ID 460405642. Skipping Change ID.
03-27 14:29:42.444  1736  1736 W CompatConfig: Trying to remove overrides for unknown Change ID 483802160. Skipping Change ID.
03-27 14:29:42.445  1736  1736 W CompatConfig: Trying to remove overrides for unknown Change ID 460405642. Skipping Change ID.
03-27 14:29:42.445  1736  1736 W CompatConfig: Trying to remove overrides for unknown Change ID 483802160. Skipping Change ID.
03-27 14:29:42.445  1736  3320 W ProcessStats: Tracking association SourceState{9fc6099 system/1000 ImpBg #3146} whose proc state 6 is better than process ProcessState{a15c7ae com.google.android.apps.turbo:aab/10174 pkg=com.google.android.apps.turbo} proc state 14 (2 skipped)
03-27 14:29:42.446  1736  1736 W CompatConfig: Trying to remove overrides for unknown Change ID 460405642. Skipping Change ID.
03-27 14:29:42.446  1736  1736 W CompatConfig: Trying to remove overrides for unknown Change ID 483802160. Skipping Change ID.
03-27 14:29:42.447  1736  1736 W CompatConfig: Trying to remove overrides for unknown Change ID 460405642. Skipping Change ID.
03-27 14:29:42.447  1736  1736 W CompatConfig: Trying to remove overrides for unknown Change ID 483802160. Skipping Change ID.
03-27 14:29:42.448  1736  1736 W CompatConfig: Trying to remove overrides for unknown Change ID 460405642. Skipping Change ID.
03-27 14:29:42.448  1736  1736 W CompatConfig: Trying to remove overrides for unknown Change ID 483802160. Skipping Change ID.
03-27 14:29:42.449  1736  1736 W CompatConfig: Trying to remove overrides for unknown Change ID 460405642. Skipping Change ID.
03-27 14:29:42.449  1736  1736 W CompatConfig: Trying to remove overrides for unknown Change ID 483802160. Skipping Change ID.
03-27 14:29:42.450  1736  1736 W CompatConfig: Trying to remove overrides for unknown Change ID 460405642. Skipping Change ID.
03-27 14:29:42.450  1736  1736 W CompatConfig: Trying to remove overrides for unknown Change ID 483802160. Skipping Change ID.
03-27 14:29:42.450  1736  1736 W CompatConfig: Trying to remove overrides for unknown Change ID 460405642. Skipping Change ID.
03-27 14:29:42.450  1736  1736 W CompatConfig: Trying to remove overrides for unknown Change ID 483802160. Skipping Change ID.
03-27 14:29:42.451  1736  1736 W CompatConfig: Trying to remove overrides for unknown Change ID 460405642. Skipping Change ID.
03-27 14:29:42.451  1736  1736 W CompatConfig: Trying to remove overrides for unknown Change ID 483802160. Skipping Change ID.
03-27 14:29:42.451  1736  1939 D ActivityManager: sync unfroze 3088 com.android.vending for 6
03-27 14:29:42.452  1736  1939 D ActivityManager: sync unfroze 3199 com.google.android.gms for 6
03-27 14:29:42.453  1736  1736 W CompatConfig: Trying to remove overrides for unknown Change ID 460405642. Skipping Change ID.
03-27 14:29:42.453  1736  1736 W CompatConfig: Trying to remove overrides for unknown Change ID 483802160. Skipping Change ID.
03-27 14:29:42.453  1736  1939 D ActivityManager: sync unfroze 7495 com.android.vending:quick_launch for 6
03-27 14:29:42.453  1736  1736 W CompatConfig: Trying to remove overrides for unknown Change ID 460405642. Skipping Change ID.
03-27 14:29:42.453  1736  1736 W CompatConfig: Trying to remove overrides for unknown Change ID 483802160. Skipping Change ID.
03-27 14:29:42.454  1736  1736 W CompatConfig: Trying to remove overrides for unknown Change ID 460405642. Skipping Change ID.
03-27 14:29:42.454  1736  1736 W CompatConfig: Trying to remove overrides for unknown Change ID 483802160. Skipping Change ID.
03-27 14:29:42.454  1736  1939 D ActivityManager: sync unfroze 4004 com.android.vending:background for 6
03-27 14:29:42.455  1736  1736 W CompatConfig: Trying to remove overrides for unknown Change ID 460405642. Skipping Change ID.
03-27 14:29:42.455  1736  1736 W CompatConfig: Trying to remove overrides for unknown Change ID 483802160. Skipping Change ID.
03-27 14:29:42.457  1736  1736 W CompatConfig: Trying to remove overrides for unknown Change ID 460405642. Skipping Change ID.
03-27 14:29:42.457  1736  1736 W CompatConfig: Trying to remove overrides for unknown Change ID 483802160. Skipping Change ID.
03-27 14:29:42.460  6549  6699 I c.apzn  : Shutting down the executor due to idle timeout.
03-27 14:29:42.462  1736  1736 W CompatConfig: Trying to remove overrides for unknown Change ID 460405642. Skipping Change ID.
03-27 14:29:42.462  1736  1736 W CompatConfig: Trying to remove overrides for unknown Change ID 483802160. Skipping Change ID.
03-27 14:29:42.467  7495  7513 I Finsky:quick_launch: [40] Stats for Executor: bgExecutor vbt@938cf3b[Running, pool size = 4, active threads = 0, queued tasks = 0, completed tasks = 22]
03-27 14:29:42.467  7495  7513 I Finsky:quick_launch: [40] Stats for Executor: LightweightExecutor vbt@5287f0f[Running, pool size = 4, active threads = 0, queued tasks = 0, completed tasks = 7]
03-27 14:29:42.467  7495  7513 I Finsky:quick_launch: [40] Stats for Executor: BlockingExecutor vbt@ddea845[Running, pool size = 0, active threads = 0, queued tasks = 0, completed tasks = 1]
03-27 14:29:42.469  3088  3446 I Finsky  : [58] AIM: AppInfoManager-Perf > Destroying AppInfoManager ...
03-27 14:29:42.470  1736  1736 W CompatConfig: Trying to remove overrides for unknown Change ID 460405642. Skipping Change ID.
03-27 14:29:42.470  1736  1736 W CompatConfig: Trying to remove overrides for unknown Change ID 483802160. Skipping Change ID.
03-27 14:29:42.470  1736  1736 W CompatConfig: Trying to remove overrides for unknown Change ID 460405642. Skipping Change ID.
03-27 14:29:42.470  1736  1736 W CompatConfig: Trying to remove overrides for unknown Change ID 483802160. Skipping Change ID.
03-27 14:29:42.471  1736  1736 W CompatConfig: Trying to remove overrides for unknown Change ID 460405642. Skipping Change ID.
03-27 14:29:42.471  1736  1736 W CompatConfig: Trying to remove overrides for unknown Change ID 483802160. Skipping Change ID.
03-27 14:29:42.472  1736  1736 W CompatConfig: Trying to remove overrides for unknown Change ID 460405642. Skipping Change ID.
03-27 14:29:42.472  1736  1736 W CompatConfig: Trying to remove overrides for unknown Change ID 483802160. Skipping Change ID.
03-27 14:29:42.474  4004  5372 I PlayCommon: [82] Preparing logs for uploading
03-27 14:29:42.474  2791  2791 D BoundBrokerSvc: onUnbind: Intent { act=com.google.android.gms.instantapps.START xflg=0x4 pkg=com.google.android.gms }
03-27 14:29:42.475  1736  1736 W CompatConfig: Trying to remove overrides for unknown Change ID 460405642. Skipping Change ID.
03-27 14:29:42.475  1736  1736 W CompatConfig: Trying to remove overrides for unknown Change ID 483802160. Skipping Change ID.
03-27 14:29:42.476  1736  1736 W CompatConfig: Trying to remove overrides for unknown Change ID 460405642. Skipping Change ID.
03-27 14:29:42.476  3088  5467 I PlayCommon: [117] Preparing logs for uploading
03-27 14:29:42.476  1736  1736 W CompatConfig: Trying to remove overrides for unknown Change ID 483802160. Skipping Change ID.
03-27 14:29:42.477  1736  1736 W CompatConfig: Trying to remove overrides for unknown Change ID 460405642. Skipping Change ID.
03-27 14:29:42.477  1736  1736 W CompatConfig: Trying to remove overrides for unknown Change ID 483802160. Skipping Change ID.
03-27 14:29:42.478  1736  1736 W CompatConfig: Trying to remove overrides for unknown Change ID 460405642. Skipping Change ID.
03-27 14:29:42.478  1736  1736 W CompatConfig: Trying to remove overrides for unknown Change ID 483802160. Skipping Change ID.
03-27 14:29:42.478  3088  5467 I PlayCommon: [117] Connecting to server for timestamp: https://play.googleapis.com/play/log/timestamp
03-27 14:29:42.478  1736  1736 W CompatConfig: Trying to remove overrides for unknown Change ID 460405642. Skipping Change ID.
03-27 14:29:42.478  1736  1736 W CompatConfig: Trying to remove overrides for unknown Change ID 483802160. Skipping Change ID.
03-27 14:29:42.482  3088  5467 E PlayCommon: [117] Failed to connect to server for server timestamp: java.net.UnknownHostException: Unable to resolve host "play.googleapis.com": No address associated with hostname
03-27 14:29:42.482  3088  5467 W PlayCommon: [117] No account for auth token provided
03-27 14:29:42.482  3088  5467 I PlayCommon: [117] Connecting to server: https://play.googleapis.com/play/log?format=raw&proto_v2=true
03-27 14:29:42.484  1736  1736 W CompatConfig: Trying to remove overrides for unknown Change ID 460405642. Skipping Change ID.
03-27 14:29:42.484  1736  1736 W CompatConfig: Trying to remove overrides for unknown Change ID 483802160. Skipping Change ID.
03-27 14:29:42.485  1736  1736 W CompatConfig: Trying to remove overrides for unknown Change ID 460405642. Skipping Change ID.
03-27 14:29:42.485  1736  1736 W CompatConfig: Trying to remove overrides for unknown Change ID 483802160. Skipping Change ID.
03-27 14:29:42.487  3088  5467 E PlayCommon: [117] Failed to connect to server for log upload.
03-27 14:29:42.489  1736  1736 W CompatConfig: Trying to remove overrides for unknown Change ID 460405642. Skipping Change ID.
03-27 14:29:42.489  1736  1736 W CompatConfig: Trying to remove overrides for unknown Change ID 483802160. Skipping Change ID.
03-27 14:29:42.490  3199  3199 D BoundBrokerSvc: onUnbind: Intent { act=com.google.android.gms.chimera.container.moduleinstall.ModuleInstallService.START dat=chimera-action:/... xflg=0x4 cmp=com.google.android.gms/.chimera.GmsApiService }
03-27 14:29:42.490  1736  1736 W CompatConfig: Trying to remove overrides for unknown Change ID 460405642. Skipping Change ID.
03-27 14:29:42.490  1736  1736 W CompatConfig: Trying to remove overrides for unknown Change ID 483802160. Skipping Change ID.
03-27 14:29:42.491  1736  1736 W CompatConfig: Trying to remove overrides for unknown Change ID 460405642. Skipping Change ID.
03-27 14:29:42.491  1736  1736 W CompatConfig: Trying to remove overrides for unknown Change ID 483802160. Skipping Change ID.
03-27 14:29:42.492  1736  1736 W CompatConfig: Trying to remove overrides for unknown Change ID 460405642. Skipping Change ID.
03-27 14:29:42.492  1736  1736 W CompatConfig: Trying to remove overrides for unknown Change ID 483802160. Skipping Change ID.
03-27 14:29:42.493  1736  1736 W CompatConfig: Trying to remove overrides for unknown Change ID 460405642. Skipping Change ID.
03-27 14:29:42.493  1736  1736 W CompatConfig: Trying to remove overrides for unknown Change ID 483802160. Skipping Change ID.
03-27 14:29:42.494  1736  1736 W CompatConfig: Trying to remove overrides for unknown Change ID 460405642. Skipping Change ID.
03-27 14:29:42.494  1736  1736 W CompatConfig: Trying to remove overrides for unknown Change ID 483802160. Skipping Change ID.
03-27 14:29:42.495  1736  1736 W CompatConfig: Trying to remove overrides for unknown Change ID 460405642. Skipping Change ID.
03-27 14:29:42.495  1736  1736 W CompatConfig: Trying to remove overrides for unknown Change ID 483802160. Skipping Change ID.
03-27 14:29:42.496  1736  1736 W CompatConfig: Trying to remove overrides for unknown Change ID 460405642. Skipping Change ID.
03-27 14:29:42.496  1736  1736 W CompatConfig: Trying to remove overrides for unknown Change ID 483802160. Skipping Change ID.
03-27 14:29:42.497  1736  1736 W CompatConfig: Trying to remove overrides for unknown Change ID 460405642. Skipping Change ID.
03-27 14:29:42.497  1736  1736 W CompatConfig: Trying to remove overrides for unknown Change ID 483802160. Skipping Change ID.
03-27 14:29:42.498  4004  5372 I PlayCommon: [82] Connecting to server for timestamp: https://play.googleapis.com/play/log/timestamp
03-27 14:29:42.498  1736  1736 W CompatConfig: Trying to remove overrides for unknown Change ID 460405642. Skipping Change ID.
03-27 14:29:42.498  1736  1736 W CompatConfig: Trying to remove overrides for unknown Change ID 483802160. Skipping Change ID.
03-27 14:29:42.499  1736  1736 W CompatConfig: Trying to remove overrides for unknown Change ID 460405642. Skipping Change ID.
03-27 14:29:42.499  1736  1736 W CompatConfig: Trying to remove overrides for unknown Change ID 483802160. Skipping Change ID.
03-27 14:29:42.500  1736  1736 W CompatConfig: Trying to remove overrides for unknown Change ID 460405642. Skipping Change ID.
03-27 14:29:42.500  1736  1736 W CompatConfig: Trying to remove overrides for unknown Change ID 483802160. Skipping Change ID.
03-27 14:29:42.500  1736  1736 W CompatConfig: Trying to remove overrides for unknown Change ID 460405642. Skipping Change ID.
03-27 14:29:42.500  1736  1736 W CompatConfig: Trying to remove overrides for unknown Change ID 483802160. Skipping Change ID.
03-27 14:29:42.501  1736  1736 W CompatConfig: Trying to remove overrides for unknown Change ID 460405642. Skipping Change ID.
03-27 14:29:42.501  1736  1736 W CompatConfig: Trying to remove overrides for unknown Change ID 483802160. Skipping Change ID.
03-27 14:29:42.502  1736  1736 W CompatConfig: Trying to remove overrides for unknown Change ID 460405642. Skipping Change ID.
03-27 14:29:42.502  1736  1736 W CompatConfig: Trying to remove overrides for unknown Change ID 483802160. Skipping Change ID.
03-27 14:29:42.503  4004  5372 E PlayCommon: [82] Failed to connect to server for server timestamp: java.net.UnknownHostException: Unable to resolve host "play.googleapis.com": No address associated with hostname
03-27 14:29:42.503  1736  1736 W CompatConfig: Trying to remove overrides for unknown Change ID 460405642. Skipping Change ID.
03-27 14:29:42.503  1736  1736 W CompatConfig: Trying to remove overrides for unknown Change ID 483802160. Skipping Change ID.
03-27 14:29:42.505  1736  2065 D BackgroundInstallControlService: Package event received: 0
03-27 14:29:42.505  1736  1736 W CompatConfig: Trying to remove overrides for unknown Change ID 460405642. Skipping Change ID.
03-27 14:29:42.505  1736  1736 W CompatConfig: Trying to remove overrides for unknown Change ID 483802160. Skipping Change ID.
03-27 14:29:42.506  1736  1736 W CompatConfig: Trying to remove overrides for unknown Change ID 460405642. Skipping Change ID.
03-27 14:29:42.506  1736  1736 W CompatConfig: Trying to remove overrides for unknown Change ID 483802160. Skipping Change ID.
03-27 14:29:42.507  1736  1736 W CompatConfig: Trying to remove overrides for unknown Change ID 460405642. Skipping Change ID.
03-27 14:29:42.507  1736  1736 W CompatConfig: Trying to remove overrides for unknown Change ID 483802160. Skipping Change ID.
03-27 14:29:42.508  1736  1736 W CompatConfig: Trying to remove overrides for unknown Change ID 460405642. Skipping Change ID.
03-27 14:29:42.508  1736  1736 W CompatConfig: Trying to remove overrides for unknown Change ID 483802160. Skipping Change ID.
03-27 14:29:42.508  1736  1736 W CompatConfig: Trying to remove overrides for unknown Change ID 460405642. Skipping Change ID.
03-27 14:29:42.508  1736  1736 W CompatConfig: Trying to remove overrides for unknown Change ID 483802160. Skipping Change ID.
03-27 14:29:42.509  1736  1736 W CompatConfig: Trying to remove overrides for unknown Change ID 460405642. Skipping Change ID.
03-27 14:29:42.509  1736  1736 W CompatConfig: Trying to remove overrides for unknown Change ID 483802160. Skipping Change ID.
03-27 14:29:42.510  1736  1736 W CompatConfig: Trying to remove overrides for unknown Change ID 460405642. Skipping Change ID.
03-27 14:29:42.510  1736  1736 W CompatConfig: Trying to remove overrides for unknown Change ID 483802160. Skipping Change ID.
03-27 14:29:42.511  1736  1736 W CompatConfig: Trying to remove overrides for unknown Change ID 460405642. Skipping Change ID.
03-27 14:29:42.511  1736  1736 W CompatConfig: Trying to remove overrides for unknown Change ID 483802160. Skipping Change ID.
03-27 14:29:42.511  1736  1736 W CompatConfig: Trying to remove overrides for unknown Change ID 460405642. Skipping Change ID.
03-27 14:29:42.512  1736  1736 W CompatConfig: Trying to remove overrides for unknown Change ID 483802160. Skipping Change ID.
03-27 14:29:42.512  1736  1736 W CompatConfig: Trying to remove overrides for unknown Change ID 460405642. Skipping Change ID.
03-27 14:29:42.512  1736  1736 W CompatConfig: Trying to remove overrides for unknown Change ID 483802160. Skipping Change ID.
03-27 14:29:42.513  1736  1736 W CompatConfig: Trying to remove overrides for unknown Change ID 460405642. Skipping Change ID.
03-27 14:29:42.513  1736  1736 W CompatConfig: Trying to remove overrides for unknown Change ID 483802160. Skipping Change ID.
03-27 14:29:42.514  1736  1736 W CompatConfig: Trying to remove overrides for unknown Change ID 460405642. Skipping Change ID.
03-27 14:29:42.514  1736  1736 W CompatConfig: Trying to remove overrides for unknown Change ID 483802160. Skipping Change ID.
03-27 14:29:42.515  1736  1736 W CompatConfig: Trying to remove overrides for unknown Change ID 460405642. Skipping Change ID.
03-27 14:29:42.515  1736  1736 W CompatConfig: Trying to remove overrides for unknown Change ID 483802160. Skipping Change ID.
03-27 14:29:42.516  1736  1736 W CompatConfig: Trying to remove overrides for unknown Change ID 460405642. Skipping Change ID.
03-27 14:29:42.516  1736  1736 W CompatConfig: Trying to remove overrides for unknown Change ID 483802160. Skipping Change ID.
03-27 14:29:42.517  1736  1736 W CompatConfig: Trying to remove overrides for unknown Change ID 460405642. Skipping Change ID.
03-27 14:29:42.517  1736  1736 W CompatConfig: Trying to remove overrides for unknown Change ID 483802160. Skipping Change ID.
03-27 14:29:42.517  1736  1736 W CompatConfig: Trying to remove overrides for unknown Change ID 460405642. Skipping Change ID.
03-27 14:29:42.517  1736  1736 W CompatConfig: Trying to remove overrides for unknown Change ID 483802160. Skipping Change ID.
03-27 14:29:42.518  1736  1736 W CompatConfig: Trying to remove overrides for unknown Change ID 460405642. Skipping Change ID.
03-27 14:29:42.518  1736  1736 W CompatConfig: Trying to remove overrides for unknown Change ID 483802160. Skipping Change ID.
03-27 14:29:42.519  1736  1736 W CompatConfig: Trying to remove overrides for unknown Change ID 460405642. Skipping Change ID.
03-27 14:29:42.519  1736  1736 W CompatConfig: Trying to remove overrides for unknown Change ID 483802160. Skipping Change ID.
03-27 14:29:42.520  1736  1736 W CompatConfig: Trying to remove overrides for unknown Change ID 460405642. Skipping Change ID.
03-27 14:29:42.520  1736  1736 W CompatConfig: Trying to remove overrides for unknown Change ID 483802160. Skipping Change ID.
03-27 14:29:42.521  1736  1736 W CompatConfig: Trying to remove overrides for unknown Change ID 460405642. Skipping Change ID.
03-27 14:29:42.521  1736  1736 W CompatConfig: Trying to remove overrides for unknown Change ID 483802160. Skipping Change ID.
03-27 14:29:42.522  1736  1736 W CompatConfig: Trying to remove overrides for unknown Change ID 460405642. Skipping Change ID.
03-27 14:29:42.522  1736  1736 W CompatConfig: Trying to remove overrides for unknown Change ID 483802160. Skipping Change ID.
03-27 14:29:42.522  1736  1736 W CompatConfig: Trying to remove overrides for unknown Change ID 460405642. Skipping Change ID.
03-27 14:29:42.522  1736  1736 W CompatConfig: Trying to remove overrides for unknown Change ID 483802160. Skipping Change ID.
03-27 14:29:42.523  1736  1736 W CompatConfig: Trying to remove overrides for unknown Change ID 460405642. Skipping Change ID.
03-27 14:29:42.523  1736  1736 W CompatConfig: Trying to remove overrides for unknown Change ID 483802160. Skipping Change ID.
03-27 14:29:42.524  1736  1736 W CompatConfig: Trying to remove overrides for unknown Change ID 460405642. Skipping Change ID.
03-27 14:29:42.524  1736  1736 W CompatConfig: Trying to remove overrides for unknown Change ID 483802160. Skipping Change ID.
03-27 14:29:42.525  1736  1736 W CompatConfig: Trying to remove overrides for unknown Change ID 460405642. Skipping Change ID.
03-27 14:29:42.525  1736  1736 W CompatConfig: Trying to remove overrides for unknown Change ID 483802160. Skipping Change ID.
03-27 14:29:42.526  1736  1736 W CompatConfig: Trying to remove overrides for unknown Change ID 460405642. Skipping Change ID.
03-27 14:29:42.526  1736  1736 W CompatConfig: Trying to remove overrides for unknown Change ID 483802160. Skipping Change ID.
03-27 14:29:42.527  1736  1736 W CompatConfig: Trying to remove overrides for unknown Change ID 460405642. Skipping Change ID.
03-27 14:29:42.527  1736  1736 W CompatConfig: Trying to remove overrides for unknown Change ID 483802160. Skipping Change ID.
03-27 14:29:42.528  1736  1736 W CompatConfig: Trying to remove overrides for unknown Change ID 460405642. Skipping Change ID.
03-27 14:29:42.528  1736  1736 W CompatConfig: Trying to remove overrides for unknown Change ID 483802160. Skipping Change ID.
