--------- beginning of main
03-27 14:29:23.496  1177  1177 W TracingMuxer: type=1400 audit(0.0:75): avc:  denied  { write } for  name="traced_producer" dev="tmpfs" ino=1270 scontext=u:r:gxp_logging:s0 tcontext=u:object_r:traced_producer_socket:s0 tclass=sock_file permissive=0
--------- beginning of system
03-27 14:29:26.561  1736  1803 D OomAdjuster: Not killing cached processes
03-27 14:29:26.844  1709  1724 I pixel-thermal: VIRTUAL-SKIN-CHARGE-WLC:40.2357 raw data: VIRTUAL-SKIN-CHARGE-WLC:40235.7 disp_therm:39474 skin_therm2:41044 usb_pwr_therm2:39318 
03-27 14:29:26.844  1709  1724 I pixel-thermal: VIRTUAL-SKIN-CHARGE-WLC power_budget=840.39 err=-1.2357 s_power=2000 time_elapsed_ms=7030 p=-988.562 i=0 d=0 dt_per_min=nan compensation=0 budget transient=0 control target=2 excluded power budget=171.048 (PARTIAL_SYSTEM_POWER: 213.81 mW, cdev_weight: 0.800000)
03-27 14:29:26.849  1709  1724 I pixel-thermal: VIRTUAL-SKIN-CPU:38.6036 raw data: VIRTUAL-NEU-QUT-SKIN1-SKIN2-USB-USB2-GNSS-1:38525.6 VIRTUAL-NEU-QUT-SKIN1-SKIN2-USB-USB2-GNSS-4:38130.4 VIRTUAL-QUT-SKIN2-USB-GNSS-3:38321.3 VIRTUAL-QUT-SKIN2-USB-USB2-2:38603.6 VIRTUAL-SKIN:38603.6 VIRTUAL-SKIN-CPU:38603.6 gnss_tcxo_therm:40253 neutral_therm:40342 quiet_therm:39674 skin_therm1:40053 skin_therm2:41044 usb_pwr_therm:39140 usb_pwr_therm2:39318 
03-27 14:29:26.849  1709  1724 I pixel-thermal: VIRTUAL-SKIN-CPU power_budget=1752.82 err=2.3964 s_power=800 time_elapsed_ms=7030 p=958.559 i=0 d=0 dt_per_min=nan compensation=0 budget transient=0 control target=3 excluded power budget=5.73901 (VSYS_PWR_MODEM: 19.13 mW, cdev_weight: 0.300000)
03-27 14:29:26.849  1709  1724 I pixel-thermal: VIRTUAL-SKIN-CPU binded power rails: (S4M_VDD_CPUCL0: 13.37 mW)(S2M_VDD_CPUCL2: 0.41 mW)(S3M_VDD_CPUCL1: 0.29 mW)
03-27 14:29:26.850  1709  1724 I pixel-thermal: VIRTUAL-SKIN:38.6036 raw data: VIRTUAL-SKIN:38603.6 
03-27 14:29:26.850  1709  1724 I pixel-thermal: VIRTUAL-SKIN-CHARGE:38.6036 raw data: VIRTUAL-SKIN:38603.6 VIRTUAL-SKIN-CHARGE:38603.6 
03-27 14:29:26.850  1709  1724 I pixel-thermal: VIRTUAL-SKIN-CHARGE power_budget=1309.16 err=0.396397 s_power=1200 time_elapsed_ms=7030 p=277.478 i=2.72516 d=0 dt_per_min=nan compensation=0 budget transient=0 control target=2 excluded power budget=171.048 (PARTIAL_SYSTEM_POWER: 213.81 mW, cdev_weight: 0.800000)
03-27 14:29:26.850  1709  1724 I pixel-thermal: VIRTUAL-SKIN-HINT:38.6036 raw data: VIRTUAL-SKIN:38603.6 VIRTUAL-SKIN-HINT:38603.6 
03-27 14:29:26.851  1709  1724 I pixel-thermal: VIRTUAL-SKIN-CPU-GPU:38.6036 raw data: VIRTUAL-SKIN:38603.6 VIRTUAL-SKIN-CPU-GPU:38603.6 
03-27 14:29:26.851  1709  1724 I pixel-thermal: VIRTUAL-SKIN-CPU-GPU power_budget=2697.39 err=6.3964 s_power=800 time_elapsed_ms=7030 p=1918.92 i=-21.5306 d=0 dt_per_min=nan compensation=0 budget transient=0 control target=3 excluded power budget=0
03-27 14:29:26.851  1709  1724 I pixel-thermal: VIRTUAL-SKIN-CPU-GPU binded power rails: (S4M_VDD_CPUCL0: 13.37 mW)(S2M_VDD_CPUCL2: 0.41 mW)(S3M_VDD_CPUCL1: 0.29 mW)(S2S_VDD_G3D: 0.06 mW)
03-27 14:29:26.852  1709  1724 I pixel-thermal: cellular-emergency:38.6036 raw data: VIRTUAL-SKIN:38603.6 cellular-emergency:38603.6 
03-27 14:29:26.852  1709  1724 I pixel-thermal: skin_therm1:40.053 raw data: skin_therm1:40053 
03-27 14:29:28.952  1736  1808 D KernelCpuUidUserSysTimeReader: Removing uids 99000-99000
03-27 14:29:29.762  1709  1724 I pixel-thermal: VIRTUAL-USB-UI:0 raw data: USB-MINUS-SKIN2:-1880 VIRTUAL-USB-UI:0 skin_therm2:40998 usb_pwr_therm:39118 
03-27 14:29:29.763  1709  1724 I pixel-thermal: VIRTUAL-USB-THROTTLING:0 raw data: USB-MINUS-SKIN2:-1880 VIRTUAL-USB-THROTTLING:0 usb_pwr_therm:39118 
03-27 14:29:29.763  1709  1724 I pixel-thermal: usb_pwr_therm:39.118 raw data: usb_pwr_therm:39118 
03-27 14:29:29.764  1709  1724 I pixel-thermal: Power rails total power: 402.23 mW for 60029 ms
03-27 14:29:29.764  1709  1724 I pixel-thermal: Power rails [S6M_LLDO1: 25.78 mW] [L7S_SENSORS: 3.21 mW] [S10M_VDD_TPU: 0.00 mW] [S6S_LLDO2: 15.63 mW] [S8M_LLDO2: 35.49 mW] [S5M_VDD_INT: 6.58 mW] 
03-27 14:29:29.764  1709  1724 I pixel-thermal: Power rails [S3M_VDD_CPUCL1: 2.37 mW] [VSYS_PWR_CAM: 3.95 mW] [S2M_VDD_CPUCL2: 0.47 mW] [S1M_VDD_MIF: 14.29 mW] [S4M_VDD_CPUCL0: 15.22 mW] [VSYS_PWR_WLAN_BT: 8.36 mW] 
03-27 14:29:29.764  1709  1724 I pixel-thermal: Power rails [VSYS_PWR_RFFE: 1.83 mW] [VSYS_PWR_MODEM: 17.48 mW] [VSYS_PWR_MMWAVE: 1.81 mW] [S7S_MLDO: 45.48 mW] [S8S_VDD_G3D_L2: 0.01 mW] [S5S_VDDQ_MEM: 1.46 mW] 
03-27 14:29:29.764  1709  1724 I pixel-thermal: Power rails [S1S_VDD_CAM: 11.13 mW] [S2S_VDD_G3D: 0.11 mW] [S9S_VDD_AOC: 7.04 mW] [S4S_VDD2H_MEM: 23.86 mW] [L15M_VDD_SLC_M: 12.62 mW] [VSYS_PWR_DISPLAY: 148.02 mW] 
03-27 14:29:29.764  1709  1724 I pixel-thermal: CDEV log dc_icl state:8 gxp-cooling state:0 tpu_cooling state:2 usbc-port state:0 thermal-cpufreq-1 state:0 fcc state:9 thermal-gpufreq-0 state:0 thermal-cpufreq-2 state:0 thermal-cpufreq-0 state:0 
03-27 14:29:33.866  1709  1724 I pixel-thermal: VIRTUAL-SKIN-CHARGE-WLC:40.1902 raw data: VIRTUAL-SKIN-CHARGE-WLC:40190.2 disp_therm:39452 skin_therm2:40998 usb_pwr_therm2:39251 
03-27 14:29:33.866  1709  1724 I pixel-thermal: VIRTUAL-SKIN-CHARGE-WLC power_budget=876.782 err=-1.19021 s_power=2000 time_elapsed_ms=7019 p=-952.17 i=0 d=0 dt_per_min=nan compensation=0 budget transient=0 control target=2 excluded power budget=171.048 (PARTIAL_SYSTEM_POWER: 213.81 mW, cdev_weight: 0.800000)
03-27 14:29:33.870  1709  1724 I pixel-thermal: VIRTUAL-SKIN-CPU:38.5566 raw data: VIRTUAL-NEU-QUT-SKIN1-SKIN2-USB-USB2-GNSS-1:38507.8 VIRTUAL-NEU-QUT-SKIN1-SKIN2-USB-USB2-GNSS-4:38148.2 VIRTUAL-QUT-SKIN2-USB-GNSS-3:38273.6 VIRTUAL-QUT-SKIN2-USB-USB2-2:38556.6 VIRTUAL-SKIN:38556.6 VIRTUAL-SKIN-CPU:38556.6 gnss_tcxo_therm:40120 neutral_therm:40253 quiet_therm:39674 skin_therm1:40053 skin_therm2:40998 usb_pwr_therm:39118 usb_pwr_therm2:39251 
03-27 14:29:33.870  1709  1724 I pixel-thermal: VIRTUAL-SKIN-CPU power_budget=1772.17 err=2.44345 s_power=800 time_elapsed_ms=7019 p=977.379 i=0 d=0 dt_per_min=nan compensation=0 budget transient=0 control target=3 excluded power budget=5.20977 (VSYS_PWR_MODEM: 17.37 mW, cdev_weight: 0.300000)
03-27 14:29:33.871  1709  1724 I pixel-thermal: VIRTUAL-SKIN-CPU binded power rails: (S4M_VDD_CPUCL0: 12.32 mW)(S2M_VDD_CPUCL2: 0.39 mW)(S3M_VDD_CPUCL1: 0.20 mW)
03-27 14:29:33.871  1709  1724 I pixel-thermal: VIRTUAL-SKIN:38.5566 raw data: VIRTUAL-SKIN:38556.6 
03-27 14:29:33.871  1709  1724 I pixel-thermal: VIRTUAL-SKIN-CHARGE:38.5566 raw data: VIRTUAL-SKIN:38556.6 VIRTUAL-SKIN-CHARGE:38556.6 
03-27 14:29:33.872  1709  1724 I pixel-thermal: VIRTUAL-SKIN-CHARGE power_budget=1344.31 err=0.443447 s_power=1200 time_elapsed_ms=7019 p=310.413 i=4.9424 d=0 dt_per_min=nan compensation=0 budget transient=0 control target=2 excluded power budget=171.048 (PARTIAL_SYSTEM_POWER: 213.81 mW, cdev_weight: 0.800000)
03-27 14:29:33.872  1709  1724 I pixel-thermal: VIRTUAL-SKIN-HINT:38.5566 raw data: VIRTUAL-SKIN:38556.6 VIRTUAL-SKIN-HINT:38556.6 
03-27 14:29:33.872  1709  1724 I pixel-thermal: VIRTUAL-SKIN-CPU-GPU:38.5566 raw data: VIRTUAL-SKIN:38556.6 VIRTUAL-SKIN-CPU-GPU:38556.6 
03-27 14:29:33.872  1709  1724 I pixel-thermal: VIRTUAL-SKIN-CPU-GPU power_budget=2711.5 err=6.44345 s_power=800 time_elapsed_ms=7019 p=1933.03 i=-21.5306 d=0 dt_per_min=nan compensation=0 budget transient=0 control target=3 excluded power budget=0
03-27 14:29:33.873  1709  1724 I pixel-thermal: VIRTUAL-SKIN-CPU-GPU binded power rails: (S4M_VDD_CPUCL0: 12.32 mW)(S2M_VDD_CPUCL2: 0.39 mW)(S3M_VDD_CPUCL1: 0.20 mW)(S2S_VDD_G3D: 0.07 mW)
03-27 14:29:33.873  1709  1724 I pixel-thermal: cellular-emergency:38.5566 raw data: VIRTUAL-SKIN:38556.6 cellular-emergency:38556.6 
03-27 14:29:33.873  1709  1724 I pixel-thermal: skin_therm1:40.053 raw data: skin_therm1:40053 
03-27 14:29:36.613  1736  1954 D ActivityManager: freezing 3199 com.google.android.gms
03-27 14:29:40.898  1709  1724 I pixel-thermal: VIRTUAL-SKIN-CHARGE-WLC:40.1603 raw data: VIRTUAL-SKIN-CHARGE-WLC:40160.3 disp_therm:39474 skin_therm2:40929 usb_pwr_therm2:39251 
03-27 14:29:40.898  1709  1724 I pixel-thermal: VIRTUAL-SKIN-CHARGE-WLC power_budget=902.416 err=-1.1603 s_power=2000 time_elapsed_ms=7035 p=-928.238 i=0 d=0 dt_per_min=nan compensation=0 budget transient=0 control target=2 excluded power budget=169.346 (PARTIAL_SYSTEM_POWER: 211.68 mW, cdev_weight: 0.800000)
03-27 14:29:40.903  1709  1724 I pixel-thermal: VIRTUAL-SKIN-CPU:38.533 raw data: VIRTUAL-NEU-QUT-SKIN1-SKIN2-USB-USB2-GNSS-1:38436.6 VIRTUAL-NEU-QUT-SKIN1-SKIN2-USB-USB2-GNSS-4:38041.4 VIRTUAL-QUT-SKIN2-USB-GNSS-3:38230.5 VIRTUAL-QUT-SKIN2-USB-USB2-2:38533 VIRTUAL-SKIN:38533 VIRTUAL-SKIN-CPU:38533 gnss_tcxo_therm:40142 neutral_therm:40209 quiet_therm:39608 skin_therm1:39964 skin_therm2:40929 usb_pwr_therm:39096 usb_pwr_therm2:39251 
03-27 14:29:40.903  1709  1724 I pixel-thermal: VIRTUAL-SKIN-CPU power_budget=1781.37 err=2.467 s_power=800 time_elapsed_ms=7035 p=986.8 i=0 d=0 dt_per_min=nan compensation=0 budget transient=0 control target=3 excluded power budget=5.43363 (VSYS_PWR_MODEM: 18.11 mW, cdev_weight: 0.300000)
03-27 14:29:40.903  1709  1724 I pixel-thermal: VIRTUAL-SKIN-CPU binded power rails: (S4M_VDD_CPUCL0: 14.33 mW)(S2M_VDD_CPUCL2: 0.35 mW)(S3M_VDD_CPUCL1: 0.11 mW)
03-27 14:29:40.904  1709  1724 I pixel-thermal: VIRTUAL-SKIN:38.533 raw data: VIRTUAL-SKIN:38533 
03-27 14:29:40.904  1709  1724 I pixel-thermal: VIRTUAL-SKIN-CHARGE:38.533 raw data: VIRTUAL-SKIN:38533 VIRTUAL-SKIN-CHARGE:38533 
03-27 14:29:40.904  1709  1724 I pixel-thermal: VIRTUAL-SKIN-CHARGE power_budget=1364.83 err=0.466999 s_power=1200 time_elapsed_ms=7035 p=326.899 i=7.27739 d=0 dt_per_min=nan compensation=0 budget transient=0 control target=2 excluded power budget=169.346 (PARTIAL_SYSTEM_POWER: 211.68 mW, cdev_weight: 0.800000)
03-27 14:29:40.905  1709  1724 I pixel-thermal: VIRTUAL-SKIN-HINT:38.533 raw data: VIRTUAL-SKIN:38533 VIRTUAL-SKIN-HINT:38533 
03-27 14:29:40.905  1709  1724 I pixel-thermal: VIRTUAL-SKIN-CPU-GPU:38.533 raw data: VIRTUAL-SKIN:38533 VIRTUAL-SKIN-CPU-GPU:38533 
03-27 14:29:40.905  1709  1724 I pixel-thermal: VIRTUAL-SKIN-CPU-GPU power_budget=2718.57 err=6.467 s_power=800 time_elapsed_ms=7035 p=1940.1 i=-21.5306 d=0 dt_per_min=nan compensation=0 budget transient=0 control target=3 excluded power budget=0
03-27 14:29:40.905  1709  1724 I pixel-thermal: VIRTUAL-SKIN-CPU-GPU binded power rails: (S4M_VDD_CPUCL0: 14.33 mW)(S2M_VDD_CPUCL2: 0.35 mW)(S3M_VDD_CPUCL1: 0.11 mW)(S2S_VDD_G3D: 0.05 mW)
03-27 14:29:40.906  1709  1724 I pixel-thermal: cellular-emergency:38.533 raw data: VIRTUAL-SKIN:38533 cellular-emergency:38533 
03-27 14:29:40.906  1709  1724 I pixel-thermal: skin_therm1:39.964 raw data: skin_therm1:39964 
03-27 14:29:41.493  1736  1959 D OomAdjuster: Not killing cached processes
03-27 14:29:41.516  1736  1796 V GrammaticalInflectionUtils: AttributionSource: android.content.AttributionSource@bbf5ed9a does not have READ_SYSTEM_GRAMMATICAL_GENDER permission.
03-27 14:29:41.518  1736  1796 D CompatChangeReporter: Compat change id reported: 441041342; UID 10197; state: ENABLED
03-27 14:29:41.552   873   873 D Zygote  : Forked child process 8068
03-27 14:29:41.553  1736  1797 I ActivityManager: Start proc 8068:com.google.android.apps.maps:server_recovery_process_scheduled/u0a197 for broadcast {com.google.android.apps.maps/com.google.android.apps.gmm.plugins.serverrecovery.ScheduledRecoverySignalHandlerImpl}
03-27 14:29:41.576  8068  8068 I Zygote  : Process 8068 created for com.google.android.apps.maps:server_recovery_process_scheduled
03-27 14:29:41.576  8068  8068 I ocess_scheduled: Using CollectorTypeCMC GC.
03-27 14:29:41.584  1196  1306 I adbd    : jdwp connection from 8068
03-27 14:29:41.587  8068  8068 D nativeloader: Load libframework-connectivity-tiramisu-jni.so using APEX ns com_android_tethering for caller /apex/com.android.tethering/javalib/framework-connectivity-t.jar: ok
03-27 14:29:41.601  8068  8068 D ApplicationLoaders: Returning zygote-cached class loader: /system_ext/framework/androidx.window.extensions.jar
03-27 14:29:41.601  8068  8068 D ApplicationLoaders: Returning zygote-cached class loader: /system_ext/framework/androidx.window.sidecar.jar
03-27 14:29:41.628  8068  8068 W ocess_scheduled: Failed to find entry 'classes.dex': Entry not found
03-27 14:29:41.629  8068  8068 W ocess_scheduled: Failed to find entry 'classes.dex': Entry not found
03-27 14:29:41.630  8068  8068 W ocess_scheduled: Failed to find entry 'classes.dex': Entry not found
03-27 14:29:41.631  8068  8068 D nativeloader: Configuring clns-9 for other apk /data/app/~~yeAQQCC-4miCMv_OoBn8BQ==/com.google.android.apps.maps-PRPdJWEoH3bd7CrgIJReng==/base.apk:/data/app/~~yeAQQCC-4miCMv_OoBn8BQ==/com.google.android.apps.maps-PRPdJWEoH3bd7CrgIJReng==/split_config.arm64_v8a.apk:/data/app/~~yeAQQCC-4miCMv_OoBn8BQ==/com.google.android.apps.maps-PRPdJWEoH3bd7CrgIJReng==/split_config.en.apk:/data/app/~~yeAQQCC-4miCMv_OoBn8BQ==/com.google.android.apps.maps-PRPdJWEoH3bd7CrgIJReng==/split_config.xxhdpi.apk. target_sdk_version=36, uses_libraries=libOpenCL.so:libOpenCL-pixel.so, library_path=/data/app/~~yeAQQCC-4miCMv_OoBn8BQ==/com.google.android.apps.maps-PRPdJWEoH3bd7CrgIJReng==/lib/arm64:/data/app/~~yeAQQCC-4miCMv_OoBn8BQ==/com.google.android.apps.maps-PRPdJWEoH3bd7CrgIJReng==/base.apk!/lib/arm64-v8a:/data/app/~~yeAQQCC-4miCMv_OoBn8BQ==/com.google.android.apps.maps-PRPdJWEoH3bd7CrgIJReng==/split_config.arm64_v8a.apk!/lib/arm64-v8a:/data/app/~~yeAQQCC-4miCMv_OoBn8BQ==/com.google.android.apps.maps-PRPdJWEoH3bd7CrgIJReng==/split_config.en.apk!/
03-27 14:29:41.637  8068  8068 V GraphicsEnvironment: Currently set values for:
03-27 14:29:41.637  8068  8068 V GraphicsEnvironment:   angle_gl_driver_selection_pkgs=[com.android.angle]
03-27 14:29:41.637  8068  8068 V GraphicsEnvironment:   angle_gl_driver_selection_values=[angle]
03-27 14:29:41.637  8068  8068 V GraphicsEnvironment: com.google.android.apps.maps is not listed in per-application setting
03-27 14:29:41.637  8068  8068 V GraphicsEnvironment: No special selections for ANGLE, returning default driver choice
03-27 14:29:41.637  8068  8068 V GraphicsEnvironment: Neither updatable production driver nor prerelease driver is supported.
03-27 14:29:41.728  8068  8083 I ocess_scheduled: System.exit called, status: 0
03-27 14:29:41.728  8068  8083 I AndroidRuntime: VM exiting with result code 0, cleanup skipped.
03-27 14:29:41.781  1196  1196 I adbd    : Remote process closed the socket (on MSG_PEEK)
03-27 14:29:41.781  1736  3184 I ActivityManager: Process com.google.android.apps.maps:server_recovery_process_scheduled (pid 8068) has died: cch CEM 
03-27 14:29:41.781  1736  1798 I libprocessgroup: Removed cgroup /sys/fs/cgroup/apps/uid_10197/pid_8068
03-27 14:29:41.782   873   873 I Zygote  : Process 8068 exited cleanly (0)
03-27 14:29:41.822  2812  3044 D PickerSyncLockManager: Trying to acquire lock com.android.providers.media.photopicker.sync.CloseableReentrantLock@409fd4b[Unlocked]. Lock Name = CLOUD_PROVIDER_LOCK. Threads that may be waiting to acquire this lock = []
03-27 14:29:41.823  2812  3044 D CloseableReentrantLock: Successfully acquired lock com.android.providers.media.photopicker.sync.CloseableReentrantLock@409fd4b[Locked by thread fg]. Lock Name = CLOUD_PROVIDER_LOCK. Threads that may be waiting to acquire this lock = []
03-27 14:29:41.823  2812  3044 D CloseableReentrantLock: Successfully released lock com.android.providers.media.photopicker.sync.CloseableReentrantLock@409fd4b[Unlocked]. Lock Name = CLOUD_PROVIDER_LOCK. Threads that may be waiting to acquire this lock = []
03-27 14:29:41.824  2812  2972 D PickerSyncLockManager: Trying to acquire lock com.android.providers.media.photopicker.sync.CloseableReentrantLock@409fd4b[Unlocked]. Lock Name = CLOUD_PROVIDER_LOCK. Threads that may be waiting to acquire this lock = []
03-27 14:29:41.825  2812  2972 D CloseableReentrantLock: Successfully acquired lock com.android.providers.media.photopicker.sync.CloseableReentrantLock@409fd4b[Locked by thread com.android.providers.media.internal.modules.utils.BackgroundThread]. Lock Name = CLOUD_PROVIDER_LOCK. Threads that may be waiting to acquire this lock = []
03-27 14:29:41.829  2812  2972 D CloudProviderUtils: Available CloudMediaProvider-s: [CloudProviderInfo{authority='com.google.android.apps.photos.cloudpicker', pkg='com.google.android.apps.photos', uid=10194}]
03-27 14:29:41.829  2812  2972 I PickerSyncController: Only 1 cloud provider found, hence com.google.android.apps.photos.cloudpicker is the default
03-27 14:29:41.829  2812  2972 D PickerSyncLockManager: Trying to acquire lock com.android.providers.media.photopicker.sync.CloseableReentrantLock@409fd4b[Locked by thread com.android.providers.media.internal.modules.utils.BackgroundThread]. Lock Name = CLOUD_PROVIDER_LOCK. Threads that may be waiting to acquire this lock = []
03-27 14:29:41.830  2812  2972 D CloseableReentrantLock: Successfully acquired lock com.android.providers.media.photopicker.sync.CloseableReentrantLock@409fd4b[Locked by thread com.android.providers.media.internal.modules.utils.BackgroundThread]. Lock Name = CLOUD_PROVIDER_LOCK. Threads that may be waiting to acquire this lock = []
03-27 14:29:41.830  2812  2972 D CloseableReentrantLock: Successfully released lock com.android.providers.media.photopicker.sync.CloseableReentrantLock@409fd4b[Locked by thread com.android.providers.media.internal.modules.utils.BackgroundThread]. Lock Name = CLOUD_PROVIDER_LOCK. Threads that may be waiting to acquire this lock = []
03-27 14:29:41.830  2812  2972 D PickerSyncController: Initialized cloud provider to: com.google.android.apps.photos.cloudpicker
03-27 14:29:41.830  2812  2972 D CloseableReentrantLock: Successfully released lock com.android.providers.media.photopicker.sync.CloseableReentrantLock@409fd4b[Unlocked]. Lock Name = CLOUD_PROVIDER_LOCK. Threads that may be waiting to acquire this lock = []
03-27 14:29:41.830  2812  2934 I MediaProvider: Changed PhotoPickerGetContentActivity component state to STATE_ENABLED ( 1 )
03-27 14:29:41.831  1736  1796 D ActivityManager: sync unfroze 5157 com.google.android.photopicker for 3
03-27 14:29:41.831  2812  2934 I MediaProvider: Changed PhotoPickerActivity component state to STATE_ENABLED ( 1 )
03-27 14:29:41.836  2812  2934 I MediaProvider: Changed PhotoPickerUserSelectActivity component state to STATE_ENABLED ( 1 )
03-27 14:29:41.838  2812  2934 I TranscodeHelper: Empty transcode compat stale
03-27 14:29:41.838  2812  2934 I TranscodeHelper: Parsed 0 packages from resource
03-27 14:29:41.838  2812  2934 I TranscodeHelper: Parsed 8 packages from device config
03-27 14:29:41.839  2812  2972 I MediaApplication: PhotoPickerSettingsActivity is now enabled
03-27 14:29:41.840  2812  2972 I SyncWorkManager: Scheduling periodic proactive syncs
03-27 14:29:41.842  2812  2972 I SyncWorkManager: Scheduling periodic picker album data resets
03-27 14:29:41.847  1736  2832 E SettingsToPropertiesMapper: key=persist.device_config.storage_native_boot.transcode_compat_manifest value=com.yelp.android,0,com.yy.biu,0,com.groupme.android,0,air.tv.douyu.android,0,com.baidu.mbaby,0,com.vlocker.locker,0,com.znxh.hyhuo,0,com.yixia.xiaokaxiu,0 exceeds system property max length.
03-27 14:29:41.878  1736  1736 D ActivityManager: Freezer timeout set to 10000
03-27 14:29:41.878  5157  5157 D PhotopickerDeviceConfigReceiver: onReceive: will evaluate Photopicker components with new DeviceConfig.
03-27 14:29:41.884  2791  8066 I PlatformConfigurator: updateFromConfigurations using legacy put method [CONTEXT service_id=204 ]
03-27 14:29:41.884  5157  5157 D PhotopickerDeviceConfigReceiver: Setting true state for com.android.photopicker.MainActivity
03-27 14:29:41.887  5157  5157 D PhotopickerDeviceConfigReceiver: Setting true state for com.android.photopicker.PhotopickerGetContentActivity
03-27 14:29:41.887  5157  5157 D PhotopickerDeviceConfigReceiver: Setting true state for com.android.photopicker.PhotopickerUserSelectActivity
03-27 14:29:41.919  5157  5162 W oid.photopicker: userfaultfd: MOVE ioctl seems unsupported: Connection timed out
03-27 14:29:42.063  2967  2967 D ConnectivityThermalPowerManagerConstants: Notify Property Updates
03-27 14:29:42.065  2967  2967 D WifiThermalConstants: Notify Property Updates
03-27 14:29:42.065  2967  2967 D ThermalStatusMonitorConstants: Notify Property Updates
03-27 14:29:42.065  2967  2967 D ThermalStatusMonitor: Updating adaptive thermal actions
03-27 14:29:42.065  2967  2967 D ThermalStatusMonitor: Feature enabled: true, Last radio state: 0
03-27 14:29:42.066  2967  2967 D PowerManagerGlobalStates: Notify Property Updates
03-27 14:29:42.074  1736  1736 D SdkSandboxManager: Property sdksandbox_next_activity_allowlist is empty.
03-27 14:29:42.074  1736  1736 D SdkSandboxManager: Property sdksandbox_next_contentprovider_allowlist is empty.
03-27 14:29:42.074  1736  1736 D SdkSandboxManager: Property sdksandbox_activity_allowlist_per_targetSdkVersion is empty.
03-27 14:29:42.074  1736  1736 D SdkSandboxManager: Property contentprovider_allowlist_per_targetSdkVersion is empty.
03-27 14:29:42.074  1736  1736 D SdkSandboxManager: Property services_allowlist_per_targetSdkVersion is empty.
03-27 14:29:42.098  2428  6708 D androidtc: Try to schedule model download work because of device config changes.
03-27 14:29:42.105  2428  6708 D androidtc: Download work scheduled.
03-27 14:29:42.127   474   474 I lowmemorykiller: lmkd data connection established
03-27 14:29:42.128   474   474 I lowmemorykiller: Wakeup counter is reset from 154 to 0
03-27 14:29:42.128   474   474 I lowmemorykiller: Using psi monitors for memory pressure detection
03-27 14:29:42.128   474   474 I lowmemorykiller: Properties reinitilized
03-27 14:29:42.129  8116  8116 I lowmemorykiller: lmkd updated properties successfully
03-27 14:29:42.129   474   474 I lowmemorykiller: lmkd data connection dropped
03-27 14:29:42.129   474   474 I lowmemorykiller: closing lmkd data connection
03-27 14:29:42.150  1736  1736 I AutofillManagerService: Ignoring change on session_fill_event_history
03-27 14:29:42.150  1736  1736 I AutofillManagerService: Ignoring change on package_deny_list_for_unimportant_view
03-27 14:29:42.170  1736  1736 I AutofillManagerService: Ignoring change on trigger_fill_request_on_filtered_important_views
03-27 14:29:42.170  1736  1736 I AutofillManagerService: Ignoring change on enable_relayout
03-27 14:29:42.170  1736  1736 I AutofillManagerService: Ignoring change on enable_relative_location_for_relayout
03-27 14:29:42.170  1736  1736 I AutofillManagerService: Ignoring change on package_and_activity_allowlist_for_triggering_fill_request
03-27 14:29:42.170  1736  1736 I AutofillManagerService: Ignoring change on multiline_filter_enabled
03-27 14:29:42.170  1736  1736 I AutofillManagerService: Ignoring change on augmented_autofill_mode
03-27 14:29:42.170  1736  1736 I AutofillManagerService: Ignoring change on include_all_views_in_assist_structure
03-27 14:29:42.170  1736  1736 I AutofillManagerService: Ignoring change on should_enable_autofill_on_all_view_types
03-27 14:29:42.170  1736  1736 I AutofillManagerService: Ignoring change on include_invisible_view_group_in_assist_structure
03-27 14:29:42.170  1736  1736 I AutofillManagerService: Ignoring change on autofill_save_dialog_landscape_body_height_max_percent
03-27 14:29:42.170  1736  1736 I AutofillManagerService: Ignoring change on non_autofillable_ime_action_ids
03-27 14:29:42.170  1736  1736 I AutofillManagerService: Ignoring change on autofill_save_dialog_portrait_body_height_max_percent
03-27 14:29:42.170  1736  1736 I AutofillManagerService: Ignoring change on include_all_autofill_type_not_none_views_in_assist_structure
03-27 14:29:42.170  1736  1736 I AutofillManagerService: Ignoring change on ignore_view_state_reset_to_empty
03-27 14:29:42.171  1736  1736 I AutofillManagerService: Ignoring change on trigger_fill_request_on_unimportant_view
03-27 14:29:42.176  1736  1736 W RemoteAugmentedAutofillService: mayInterruptIfRunning not supported - ignoring
03-27 14:29:42.177  2884  3763 I AiAiAutofill: Disconnected AiAiAugmentedAutofillService.
03-27 14:29:42.178  1736  2065 D BackgroundInstallControlService: Package event received: 0
03-27 14:29:42.185  2884  2884 I AiAiAutofill: Created AiAiAugmentedAutofillService.
03-27 14:29:42.195  2884  3763 I AiAiAutofill: Connected AiAiAugmentedAutofillService.
03-27 14:29:42.196  1736  2705 W libbinder.Binder: Large data transaction of 540888 bytes, interface descriptor android.content.IContentProvider, code 21, flags 16
03-27 14:29:42.205  2791  8066 W libbinder.BpBinder: Large outgoing transaction of 540888 bytes, interface descriptor '(not cached)', code 21, flags 0 was sent
03-27 14:29:42.233  1736  2705 W libbinder.Binder: Large reply transaction of 540824 bytes, interface descriptor android.content.IContentProvider, code 21, flags 18
03-27 14:29:42.239  1736  2705 W libbinder.Binder: Large reply transaction of 540824 bytes, interface descriptor android.content.IContentProvider, code 21, flags 18
03-27 14:29:42.266  3090  3340 I PrivateInferenceConfigReader: computeConfig: isEvt: false, isUserDebug: false
03-27 14:29:42.275  2812  3044 D PickerSyncLockManager: Trying to acquire lock com.android.providers.media.photopicker.sync.CloseableReentrantLock@409fd4b[Unlocked]. Lock Name = CLOUD_PROVIDER_LOCK. Threads that may be waiting to acquire this lock = []
03-27 14:29:42.275  2812  3044 D CloseableReentrantLock: Successfully acquired lock com.android.providers.media.photopicker.sync.CloseableReentrantLock@409fd4b[Locked by thread fg]. Lock Name = CLOUD_PROVIDER_LOCK. Threads that may be waiting to acquire this lock = []
03-27 14:29:42.275  2812  3044 D CloseableReentrantLock: Successfully released lock com.android.providers.media.photopicker.sync.CloseableReentrantLock@409fd4b[Unlocked]. Lock Name = CLOUD_PROVIDER_LOCK. Threads that may be waiting to acquire this lock = []
03-27 14:29:42.276  2812  2972 D PickerSyncLockManager: Trying to acquire lock com.android.providers.media.photopicker.sync.CloseableReentrantLock@409fd4b[Unlocked]. Lock Name = CLOUD_PROVIDER_LOCK. Threads that may be waiting to acquire this lock = []
03-27 14:29:42.276  2812  2972 D CloseableReentrantLock: Successfully acquired lock com.android.providers.media.photopicker.sync.CloseableReentrantLock@409fd4b[Locked by thread com.android.providers.media.internal.modules.utils.BackgroundThread]. Lock Name = CLOUD_PROVIDER_LOCK. Threads that may be waiting to acquire this lock = []
03-27 14:29:42.276  2812  2972 D CloudProviderUtils: Available CloudMediaProvider-s: [CloudProviderInfo{authority='com.google.android.apps.photos.cloudpicker', pkg='com.google.android.apps.photos', uid=10194}]
03-27 14:29:42.276  2812  2972 I PickerSyncController: Only 1 cloud provider found, hence com.google.android.apps.photos.cloudpicker is the default
03-27 14:29:42.276  2812  2972 D PickerSyncLockManager: Trying to acquire lock com.android.providers.media.photopicker.sync.CloseableReentrantLock@409fd4b[Locked by thread com.android.providers.media.internal.modules.utils.BackgroundThread]. Lock Name = CLOUD_PROVIDER_LOCK. Threads that may be waiting to acquire this lock = []
03-27 14:29:42.276  2812  2972 D CloseableReentrantLock: Successfully acquired lock com.android.providers.media.photopicker.sync.CloseableReentrantLock@409fd4b[Locked by thread com.android.providers.media.internal.modules.utils.BackgroundThread]. Lock Name = CLOUD_PROVIDER_LOCK. Threads that may be waiting to acquire this lock = []
03-27 14:29:42.276  2812  2972 D CloseableReentrantLock: Successfully released lock com.android.providers.media.photopicker.sync.CloseableReentrantLock@409fd4b[Locked by thread com.android.providers.media.internal.modules.utils.BackgroundThread]. Lock Name = CLOUD_PROVIDER_LOCK. Threads that may be waiting to acquire this lock = []
03-27 14:29:42.276  2812  2972 D PickerSyncController: Initialized cloud provider to: com.google.android.apps.photos.cloudpicker
03-27 14:29:42.276  2812  2972 D CloseableReentrantLock: Successfully released lock com.android.providers.media.photopicker.sync.CloseableReentrantLock@409fd4b[Unlocked]. Lock Name = CLOUD_PROVIDER_LOCK. Threads that may be waiting to acquire this lock = []
03-27 14:29:42.277  2812  2972 I SyncWorkManager: Scheduling periodic proactive syncs
03-27 14:29:42.277  2812  2934 I MediaProvider: Changed PhotoPickerGetContentActivity component state to STATE_ENABLED ( 1 )
03-27 14:29:42.277  5157  5157 D PhotopickerDeviceConfigReceiver: onReceive: will evaluate Photopicker components with new DeviceConfig.
03-27 14:29:42.277  2812  2934 I MediaProvider: Changed PhotoPickerActivity component state to STATE_ENABLED ( 1 )
03-27 14:29:42.277  2812  2934 I MediaProvider: Changed PhotoPickerUserSelectActivity component state to STATE_ENABLED ( 1 )
03-27 14:29:42.277  2812  2934 I TranscodeHelper: Empty transcode compat stale
03-27 14:29:42.278  2812  2934 I TranscodeHelper: Parsed 0 packages from resource
03-27 14:29:42.278  2812  2934 I TranscodeHelper: Parsed 8 packages from device config
03-27 14:29:42.281  5157  5157 D PhotopickerDeviceConfigReceiver: Setting true state for com.android.photopicker.MainActivity
03-27 14:29:42.281  5157  5157 D PhotopickerDeviceConfigReceiver: Setting true state for com.android.photopicker.PhotopickerGetContentActivity
03-27 14:29:42.281  5157  5157 D PhotopickerDeviceConfigReceiver: Setting true state for com.android.photopicker.PhotopickerUserSelectActivity
03-27 14:29:42.283  2812  2972 I SyncWorkManager: Scheduling periodic picker album data resets
03-27 14:29:42.284  2812  2972 I MediaApplication: PhotoPickerSettingsActivity is now enabled
03-27 14:29:42.292  1736  1736 W CompatConfig: Trying to remove overrides for unknown Change ID 460405642. Skipping Change ID.
03-27 14:29:42.292  1736  1736 W CompatConfig: Trying to remove overrides for unknown Change ID 483802160. Skipping Change ID.
03-27 14:29:42.293  1736  1736 W CompatConfig: Trying to remove overrides for unknown Change ID 460405642. Skipping Change ID.
03-27 14:29:42.293  1736  1736 W CompatConfig: Trying to remove overrides for unknown Change ID 483802160. Skipping Change ID.
03-27 14:29:42.293  1736  1736 W CompatConfig: Trying to remove overrides for unknown Change ID 460405642. Skipping Change ID.
03-27 14:29:42.293  1736  1736 W CompatConfig: Trying to remove overrides for unknown Change ID 483802160. Skipping Change ID.
03-27 14:29:42.294  1736  1736 W CompatConfig: Trying to remove overrides for unknown Change ID 460405642. Skipping Change ID.
03-27 14:29:42.294  1736  1736 W CompatConfig: Trying to remove overrides for unknown Change ID 483802160. Skipping Change ID.
03-27 14:29:42.295  1736  1736 W CompatConfig: Trying to remove overrides for unknown Change ID 460405642. Skipping Change ID.
03-27 14:29:42.295  1736  1736 W CompatConfig: Trying to remove overrides for unknown Change ID 483802160. Skipping Change ID.
03-27 14:29:42.298  1736  1736 W CompatConfig: Trying to remove overrides for unknown Change ID 460405642. Skipping Change ID.
03-27 14:29:42.298  1736  1736 W CompatConfig: Trying to remove overrides for unknown Change ID 483802160. Skipping Change ID.
03-27 14:29:42.299  1736  1736 W CompatConfig: Trying to remove overrides for unknown Change ID 460405642. Skipping Change ID.
03-27 14:29:42.299  1736  1736 W CompatConfig: Trying to remove overrides for unknown Change ID 483802160. Skipping Change ID.
03-27 14:29:42.300  1736  1736 W CompatConfig: Trying to remove overrides for unknown Change ID 460405642. Skipping Change ID.
03-27 14:29:42.300  1736  1736 W CompatConfig: Trying to remove overrides for unknown Change ID 483802160. Skipping Change ID.
03-27 14:29:42.301  1736  1736 W CompatConfig: Trying to remove overrides for unknown Change ID 460405642. Skipping Change ID.
03-27 14:29:42.301  1736  1736 W CompatConfig: Trying to remove overrides for unknown Change ID 483802160. Skipping Change ID.
03-27 14:29:42.302  1736  1736 W CompatConfig: Trying to remove overrides for unknown Change ID 460405642. Skipping Change ID.
03-27 14:29:42.302  1736  1736 W CompatConfig: Trying to remove overrides for unknown Change ID 483802160. Skipping Change ID.
03-27 14:29:42.304  1736  1736 W CompatConfig: Trying to remove overrides for unknown Change ID 460405642. Skipping Change ID.
03-27 14:29:42.304  1736  1736 W CompatConfig: Trying to remove overrides for unknown Change ID 483802160. Skipping Change ID.
03-27 14:29:42.305  1736  1736 W CompatConfig: Trying to remove overrides for unknown Change ID 460405642. Skipping Change ID.
03-27 14:29:42.305  1736  1736 W CompatConfig: Trying to remove overrides for unknown Change ID 483802160. Skipping Change ID.
03-27 14:29:42.306  1736  1736 W CompatConfig: Trying to remove overrides for unknown Change ID 460405642. Skipping Change ID.
03-27 14:29:42.306  1736  1736 W CompatConfig: Trying to remove overrides for unknown Change ID 483802160. Skipping Change ID.
03-27 14:29:42.307  1736  1736 W CompatConfig: Trying to remove overrides for unknown Change ID 460405642. Skipping Change ID.
03-27 14:29:42.307  1736  1736 W CompatConfig: Trying to remove overrides for unknown Change ID 483802160. Skipping Change ID.
03-27 14:29:42.308  1736  1736 W CompatConfig: Trying to remove overrides for unknown Change ID 460405642. Skipping Change ID.
03-27 14:29:42.308  1736  1736 W CompatConfig: Trying to remove overrides for unknown Change ID 483802160. Skipping Change ID.
03-27 14:29:42.308  1736  1736 W CompatConfig: Trying to remove overrides for unknown Change ID 460405642. Skipping Change ID.
03-27 14:29:42.308  1736  1736 W CompatConfig: Trying to remove overrides for unknown Change ID 483802160. Skipping Change ID.
03-27 14:29:42.309  1736  1736 W CompatConfig: Trying to remove overrides for unknown Change ID 460405642. Skipping Change ID.
03-27 14:29:42.309  1736  1736 W CompatConfig: Trying to remove overrides for unknown Change ID 483802160. Skipping Change ID.
03-27 14:29:42.310  1736  1736 W CompatConfig: Trying to remove overrides for unknown Change ID 460405642. Skipping Change ID.
03-27 14:29:42.310  1736  1736 W CompatConfig: Trying to remove overrides for unknown Change ID 483802160. Skipping Change ID.
03-27 14:29:42.311  1736  1736 W CompatConfig: Trying to remove overrides for unknown Change ID 460405642. Skipping Change ID.
03-27 14:29:42.311  1736  1736 W CompatConfig: Trying to remove overrides for unknown Change ID 483802160. Skipping Change ID.
03-27 14:29:42.312  1736  1736 W CompatConfig: Trying to remove overrides for unknown Change ID 460405642. Skipping Change ID.
03-27 14:29:42.312  1736  1736 W CompatConfig: Trying to remove overrides for unknown Change ID 483802160. Skipping Change ID.
03-27 14:29:42.312  1736  1736 W CompatConfig: Trying to remove overrides for unknown Change ID 460405642. Skipping Change ID.
03-27 14:29:42.312  1736  1736 W CompatConfig: Trying to remove overrides for unknown Change ID 483802160. Skipping Change ID.
03-27 14:29:42.313  1736  1736 W CompatConfig: Trying to remove overrides for unknown Change ID 460405642. Skipping Change ID.
03-27 14:29:42.313  1736  1736 W CompatConfig: Trying to remove overrides for unknown Change ID 483802160. Skipping Change ID.
03-27 14:29:42.314  1736  1736 W CompatConfig: Trying to remove overrides for unknown Change ID 460405642. Skipping Change ID.
03-27 14:29:42.314  1736  1736 W CompatConfig: Trying to remove overrides for unknown Change ID 483802160. Skipping Change ID.
03-27 14:29:42.315  1736  1736 W CompatConfig: Trying to remove overrides for unknown Change ID 460405642. Skipping Change ID.
03-27 14:29:42.315  1736  1736 W CompatConfig: Trying to remove overrides for unknown Change ID 483802160. Skipping Change ID.
03-27 14:29:42.316  1736  1736 W CompatConfig: Trying to remove overrides for unknown Change ID 460405642. Skipping Change ID.
03-27 14:29:42.316  1736  1736 W CompatConfig: Trying to remove overrides for unknown Change ID 483802160. Skipping Change ID.
03-27 14:29:42.317  1736  1736 W CompatConfig: Trying to remove overrides for unknown Change ID 460405642. Skipping Change ID.
03-27 14:29:42.317  1736  1736 W CompatConfig: Trying to remove overrides for unknown Change ID 483802160. Skipping Change ID.
03-27 14:29:42.317  1736  1736 W CompatConfig: Trying to remove overrides for unknown Change ID 460405642. Skipping Change ID.
03-27 14:29:42.317  1736  1736 W CompatConfig: Trying to remove overrides for unknown Change ID 483802160. Skipping Change ID.
03-27 14:29:42.318  1736  1736 W CompatConfig: Trying to remove overrides for unknown Change ID 460405642. Skipping Change ID.
03-27 14:29:42.318  1736  1736 W CompatConfig: Trying to remove overrides for unknown Change ID 483802160. Skipping Change ID.
03-27 14:29:42.319  1736  1736 W CompatConfig: Trying to remove overrides for unknown Change ID 460405642. Skipping Change ID.
03-27 14:29:42.319  1736  1736 W CompatConfig: Trying to remove overrides for unknown Change ID 483802160. Skipping Change ID.
03-27 14:29:42.320  1736  1736 W CompatConfig: Trying to remove overrides for unknown Change ID 460405642. Skipping Change ID.
03-27 14:29:42.320  1736  1736 W CompatConfig: Trying to remove overrides for unknown Change ID 483802160. Skipping Change ID.
03-27 14:29:42.321  1736  1736 W CompatConfig: Trying to remove overrides for unknown Change ID 460405642. Skipping Change ID.
03-27 14:29:42.321  1736  1736 W CompatConfig: Trying to remove overrides for unknown Change ID 483802160. Skipping Change ID.
03-27 14:29:42.322  1736  1736 W CompatConfig: Trying to remove overrides for unknown Change ID 460405642. Skipping Change ID.
03-27 14:29:42.322  1736  1736 W CompatConfig: Trying to remove overrides for unknown Change ID 483802160. Skipping Change ID.
03-27 14:29:42.322  1736  1736 W CompatConfig: Trying to remove overrides for unknown Change ID 460405642. Skipping Change ID.
03-27 14:29:42.322  1736  1736 W CompatConfig: Trying to remove overrides for unknown Change ID 483802160. Skipping Change ID.
03-27 14:29:42.323  1736  1736 W CompatConfig: Trying to remove overrides for unknown Change ID 460405642. Skipping Change ID.
03-27 14:29:42.323  1736  1736 W CompatConfig: Trying to remove overrides for unknown Change ID 483802160. Skipping Change ID.
03-27 14:29:42.324  1736  1736 W CompatConfig: Trying to remove overrides for unknown Change ID 460405642. Skipping Change ID.
03-27 14:29:42.324  1736  1736 W CompatConfig: Trying to remove overrides for unknown Change ID 483802160. Skipping Change ID.
03-27 14:29:42.325  1736  1736 W CompatConfig: Trying to remove overrides for unknown Change ID 460405642. Skipping Change ID.
03-27 14:29:42.325  1736  1736 W CompatConfig: Trying to remove overrides for unknown Change ID 483802160. Skipping Change ID.
03-27 14:29:42.327  1736  1736 W CompatConfig: Trying to remove overrides for unknown Change ID 460405642. Skipping Change ID.
03-27 14:29:42.327  1736  1736 W CompatConfig: Trying to remove overrides for unknown Change ID 483802160. Skipping Change ID.
03-27 14:29:42.328  1736  1736 W CompatConfig: Trying to remove overrides for unknown Change ID 460405642. Skipping Change ID.
03-27 14:29:42.328  1736  1736 W CompatConfig: Trying to remove overrides for unknown Change ID 483802160. Skipping Change ID.
03-27 14:29:42.329  1736  1736 W CompatConfig: Trying to remove overrides for unknown Change ID 460405642. Skipping Change ID.
03-27 14:29:42.329  1736  1736 W CompatConfig: Trying to remove overrides for unknown Change ID 483802160. Skipping Change ID.
03-27 14:29:42.330  1736  1736 W CompatConfig: Trying to remove overrides for unknown Change ID 460405642. Skipping Change ID.
03-27 14:29:42.330  1736  1736 W CompatConfig: Trying to remove overrides for unknown Change ID 483802160. Skipping Change ID.
03-27 14:29:42.331  1736  1736 W CompatConfig: Trying to remove overrides for unknown Change ID 460405642. Skipping Change ID.
03-27 14:29:42.331  1736  1736 W CompatConfig: Trying to remove overrides for unknown Change ID 483802160. Skipping Change ID.
03-27 14:29:42.331  2884  2894 W System  : A resource failed to call close. 
03-27 14:29:42.332  1736  1736 W CompatConfig: Trying to remove overrides for unknown Change ID 460405642. Skipping Change ID.
03-27 14:29:42.332  1736  1736 W CompatConfig: Trying to remove overrides for unknown Change ID 483802160. Skipping Change ID.
03-27 14:29:42.333  1736  1736 W CompatConfig: Trying to remove overrides for unknown Change ID 460405642. Skipping Change ID.
03-27 14:29:42.333  1736  1736 W CompatConfig: Trying to remove overrides for unknown Change ID 483802160. Skipping Change ID.
03-27 14:29:42.334  1736  1736 W CompatConfig: Trying to remove overrides for unknown Change ID 460405642. Skipping Change ID.
03-27 14:29:42.334  1736  1736 W CompatConfig: Trying to remove overrides for unknown Change ID 483802160. Skipping Change ID.
03-27 14:29:42.334  1736  1736 W CompatConfig: Trying to remove overrides for unknown Change ID 460405642. Skipping Change ID.
03-27 14:29:42.334  1736  1736 W CompatConfig: Trying to remove overrides for unknown Change ID 483802160. Skipping Change ID.
03-27 14:29:42.335  1736  1736 W CompatConfig: Trying to remove overrides for unknown Change ID 460405642. Skipping Change ID.
03-27 14:29:42.335  1736  1736 W CompatConfig: Trying to remove overrides for unknown Change ID 483802160. Skipping Change ID.
03-27 14:29:42.336  1736  1736 W CompatConfig: Trying to remove overrides for unknown Change ID 460405642. Skipping Change ID.
03-27 14:29:42.336  1736  1736 W CompatConfig: Trying to remove overrides for unknown Change ID 483802160. Skipping Change ID.
03-27 14:29:42.337  1736  1736 W CompatConfig: Trying to remove overrides for unknown Change ID 460405642. Skipping Change ID.
03-27 14:29:42.337  1736  1736 W CompatConfig: Trying to remove overrides for unknown Change ID 483802160. Skipping Change ID.
03-27 14:29:42.337  1736  1736 W CompatConfig: Trying to remove overrides for unknown Change ID 460405642. Skipping Change ID.
03-27 14:29:42.337  1736  1736 W CompatConfig: Trying to remove overrides for unknown Change ID 483802160. Skipping Change ID.
03-27 14:29:42.338  1736  1736 W CompatConfig: Trying to remove overrides for unknown Change ID 460405642. Skipping Change ID.
03-27 14:29:42.338  1736  1736 W CompatConfig: Trying to remove overrides for unknown Change ID 483802160. Skipping Change ID.
03-27 14:29:42.339  1736  1736 W CompatConfig: Trying to remove overrides for unknown Change ID 460405642. Skipping Change ID.
03-27 14:29:42.339  1736  1736 W CompatConfig: Trying to remove overrides for unknown Change ID 483802160. Skipping Change ID.
03-27 14:29:42.340  1736  1736 W CompatConfig: Trying to remove overrides for unknown Change ID 460405642. Skipping Change ID.
03-27 14:29:42.340  1736  1736 W CompatConfig: Trying to remove overrides for unknown Change ID 483802160. Skipping Change ID.
03-27 14:29:42.340  1736  1736 W CompatConfig: Trying to remove overrides for unknown Change ID 460405642. Skipping Change ID.
03-27 14:29:42.340  1736  1736 W CompatConfig: Trying to remove overrides for unknown Change ID 483802160. Skipping Change ID.
03-27 14:29:42.341  1736  1736 W CompatConfig: Trying to remove overrides for unknown Change ID 460405642. Skipping Change ID.
03-27 14:29:42.341  1736  1736 W CompatConfig: Trying to remove overrides for unknown Change ID 483802160. Skipping Change ID.
03-27 14:29:42.342  1736  1736 W CompatConfig: Trying to remove overrides for unknown Change ID 460405642. Skipping Change ID.
03-27 14:29:42.342  1736  1736 W CompatConfig: Trying to remove overrides for unknown Change ID 483802160. Skipping Change ID.
03-27 14:29:42.343  1736  1736 W CompatConfig: Trying to remove overrides for unknown Change ID 460405642. Skipping Change ID.
03-27 14:29:42.343  1736  1736 W CompatConfig: Trying to remove overrides for unknown Change ID 483802160. Skipping Change ID.
03-27 14:29:42.344  1736  1736 W CompatConfig: Trying to remove overrides for unknown Change ID 460405642. Skipping Change ID.
03-27 14:29:42.344  1736  1736 W CompatConfig: Trying to remove overrides for unknown Change ID 483802160. Skipping Change ID.
03-27 14:29:42.345  1736  1736 W CompatConfig: Trying to remove overrides for unknown Change ID 460405642. Skipping Change ID.
03-27 14:29:42.345  1736  1736 W CompatConfig: Trying to remove overrides for unknown Change ID 483802160. Skipping Change ID.
03-27 14:29:42.345  1736  1736 W CompatConfig: Trying to remove overrides for unknown Change ID 460405642. Skipping Change ID.
03-27 14:29:42.346  1736  1736 W CompatConfig: Trying to remove overrides for unknown Change ID 483802160. Skipping Change ID.
03-27 14:29:42.346  1736  1736 W CompatConfig: Trying to remove overrides for unknown Change ID 460405642. Skipping Change ID.
03-27 14:29:42.346  1736  1736 W CompatConfig: Trying to remove overrides for unknown Change ID 483802160. Skipping Change ID.
03-27 14:29:42.347  1736  1736 W CompatConfig: Trying to remove overrides for unknown Change ID 460405642. Skipping Change ID.
03-27 14:29:42.347  1736  1736 W CompatConfig: Trying to remove overrides for unknown Change ID 483802160. Skipping Change ID.
03-27 14:29:42.348  1736  1736 W CompatConfig: Trying to remove overrides for unknown Change ID 460405642. Skipping Change ID.
03-27 14:29:42.348  1736  1736 W CompatConfig: Trying to remove overrides for unknown Change ID 483802160. Skipping Change ID.
03-27 14:29:42.349  1736  1736 W CompatConfig: Trying to remove overrides for unknown Change ID 460405642. Skipping Change ID.
03-27 14:29:42.349  1736  1736 W CompatConfig: Trying to remove overrides for unknown Change ID 483802160. Skipping Change ID.
03-27 14:29:42.350  1736  1736 W CompatConfig: Trying to remove overrides for unknown Change ID 460405642. Skipping Change ID.
03-27 14:29:42.350  1736  1736 W CompatConfig: Trying to remove overrides for unknown Change ID 483802160. Skipping Change ID.
03-27 14:29:42.350  1736  1736 W CompatConfig: Trying to remove overrides for unknown Change ID 460405642. Skipping Change ID.
03-27 14:29:42.350  1736  1736 W CompatConfig: Trying to remove overrides for unknown Change ID 483802160. Skipping Change ID.
03-27 14:29:42.351  1736  2974 W AppSearchIcing: status-util.h:31: Error: 5, Message: Document (com.google.android.googlequicksearchbox$OmniDynamicInvocationParams/omni, dynamic_invocation) not found.
03-27 14:29:42.351  1736  1736 W CompatConfig: Trying to remove overrides for unknown Change ID 460405642. Skipping Change ID.
03-27 14:29:42.351  1736  1736 W CompatConfig: Trying to remove overrides for unknown Change ID 483802160. Skipping Change ID.
03-27 14:29:42.352  2415  2549 D StatsLog: LAUNCHER_READ_OMNI_AVAILABILITY_FROM_APP_SEARCH_FAILED
03-27 14:29:42.352  2415  2549 E NexusCSStateManager: Failed to fetch from AppSearch
03-27 14:29:42.352  2415  2549 E NexusCSStateManager: java.util.NoSuchElementException: No value present
03-27 14:29:42.352  2415  2549 E NexusCSStateManager: 	at java.util.Optional.get(Optional.java:143)
03-27 14:29:42.352  2415  2549 E NexusCSStateManager: 	at d6.k.onResult(go/retraceme 144566bd9520bc83e5304c26b07b13110d583e327fe0d444e5839d5db5f7f1ec:37)
03-27 14:29:42.352  2415  2549 E NexusCSStateManager: 	at android.app.appsearch.SearchSessionUtil$1.lambda$onResult$0(go/retraceme 4f0c6d97fedfeb188facdc8d348fad8754c0a85bd85de08d3c018e31b5aefe51:144)
03-27 14:29:42.352  2415  2549 E NexusCSStateManager: 	at android.app.appsearch.SearchSessionUtil$1.$r8$lambda$CEk3q8sDAQVhU3rQwVueB8FAj_M(go/retraceme 4f0c6d97fedfeb188facdc8d348fad8754c0a85bd85de08d3c018e31b5aefe51:1)
03-27 14:29:42.352  2415  2549 E NexusCSStateManager: 	at android.app.appsearch.SearchSessionUtil$1$$ExternalSyntheticLambda0.run(go/retraceme 4f0c6d97fedfeb188facdc8d348fad8754c0a85bd85de08d3c018e31b5aefe51:22)
03-27 14:29:42.352  2415  2549 E NexusCSStateManager: 	at androidx.profileinstaller.ProfileInstallReceiver$$ExternalSyntheticLambda0.execute(go/retraceme 144566bd9520bc83e5304c26b07b13110d583e327fe0d444e5839d5db5f7f1ec:1)
03-27 14:29:42.352  2415  2549 E NexusCSStateManager: 	at android.app.appsearch.SearchSessionUtil.safeExecute(go/retraceme 4f0c6d97fedfeb188facdc8d348fad8754c0a85bd85de08d3c018e31b5aefe51:4)
03-27 14:29:42.352  2415  2549 E NexusCSStateManager: 	at android.app.appsearch.SearchSessionUtil$1.onResult(go/retraceme 4f0c6d97fedfeb188facdc8d348fad8754c0a85bd85de08d3c018e31b5aefe51:18)
03-27 14:29:42.352  2415  2549 E NexusCSStateManager: 	at android.app.appsearch.aidl.IAppSearchBatchResultCallback$Stub.onTransact(go/retraceme 4f0c6d97fedfeb188facdc8d348fad8754c0a85bd85de08d3c018e31b5aefe51:59)
03-27 14:29:42.352  2415  2549 E NexusCSStateManager: 	at android.os.Binder.execTransactInternal(Binder.java:1471)
03-27 14:29:42.352  2415  2549 E NexusCSStateManager: 	at android.os.Binder.execTransact(Binder.java:1411)
03-27 14:29:42.352  2415  2549 I ContextualSearchStMgr: Sent LPH override to sysui: 450;1.0
03-27 14:29:42.352  1736  1736 W CompatConfig: Trying to remove overrides for unknown Change ID 460405642. Skipping Change ID.
03-27 14:29:42.352  1736  1736 W CompatConfig: Trying to remove overrides for unknown Change ID 483802160. Skipping Change ID.
03-27 14:29:42.353  1736  1736 W CompatConfig: Trying to remove overrides for unknown Change ID 460405642. Skipping Change ID.
03-27 14:29:42.353  1736  1736 W CompatConfig: Trying to remove overrides for unknown Change ID 483802160. Skipping Change ID.
03-27 14:29:42.354  1736  1736 W CompatConfig: Trying to remove overrides for unknown Change ID 460405642. Skipping Change ID.
03-27 14:29:42.354  1736  1736 W CompatConfig: Trying to remove overrides for unknown Change ID 483802160. Skipping Change ID.
