03-27 14:29:42.529  1736  1736 W CompatConfig: Trying to remove overrides for unknown Change ID 460405642. Skipping Change ID.
03-27 14:29:42.529  1736  1736 W CompatConfig: Trying to remove overrides for unknown Change ID 483802160. Skipping Change ID.
03-27 14:29:42.529  1736  1736 W CompatConfig: Trying to remove overrides for unknown Change ID 460405642. Skipping Change ID.
03-27 14:29:42.529  1736  1736 W CompatConfig: Trying to remove overrides for unknown Change ID 483802160. Skipping Change ID.
03-27 14:29:42.530  1736  1736 W CompatConfig: Trying to remove overrides for unknown Change ID 460405642. Skipping Change ID.
03-27 14:29:42.531  1736  1736 W CompatConfig: Trying to remove overrides for unknown Change ID 483802160. Skipping Change ID.
03-27 14:29:42.531  1736  1736 W CompatConfig: Trying to remove overrides for unknown Change ID 460405642. Skipping Change ID.
03-27 14:29:42.531  1736  1736 W CompatConfig: Trying to remove overrides for unknown Change ID 483802160. Skipping Change ID.
03-27 14:29:42.533  1736  1736 W CompatConfig: Trying to remove overrides for unknown Change ID 460405642. Skipping Change ID.
03-27 14:29:42.533  1736  1736 W CompatConfig: Trying to remove overrides for unknown Change ID 483802160. Skipping Change ID.
03-27 14:29:42.533  1736  1736 W CompatConfig: Trying to remove overrides for unknown Change ID 460405642. Skipping Change ID.
03-27 14:29:42.533  1736  1736 W CompatConfig: Trying to remove overrides for unknown Change ID 483802160. Skipping Change ID.
03-27 14:29:42.535  1736  1736 W CompatConfig: Trying to remove overrides for unknown Change ID 460405642. Skipping Change ID.
03-27 14:29:42.535  1736  1736 W CompatConfig: Trying to remove overrides for unknown Change ID 483802160. Skipping Change ID.
03-27 14:29:42.536  1736  1736 W CompatConfig: Trying to remove overrides for unknown Change ID 460405642. Skipping Change ID.
03-27 14:29:42.536  1736  1736 W CompatConfig: Trying to remove overrides for unknown Change ID 483802160. Skipping Change ID.
03-27 14:29:42.536  1736  1736 W CompatConfig: Trying to remove overrides for unknown Change ID 460405642. Skipping Change ID.
03-27 14:29:42.536  1736  1736 W CompatConfig: Trying to remove overrides for unknown Change ID 483802160. Skipping Change ID.
03-27 14:29:42.537  1736  1736 W CompatConfig: Trying to remove overrides for unknown Change ID 460405642. Skipping Change ID.
03-27 14:29:42.537  1736  1736 W CompatConfig: Trying to remove overrides for unknown Change ID 483802160. Skipping Change ID.
03-27 14:29:42.538  1736  1736 W CompatConfig: Trying to remove overrides for unknown Change ID 460405642. Skipping Change ID.
03-27 14:29:42.538  1736  1736 W CompatConfig: Trying to remove overrides for unknown Change ID 483802160. Skipping Change ID.
03-27 14:29:42.539  1736  1736 W CompatConfig: Trying to remove overrides for unknown Change ID 460405642. Skipping Change ID.
03-27 14:29:42.539  1736  1736 W CompatConfig: Trying to remove overrides for unknown Change ID 483802160. Skipping Change ID.
03-27 14:29:42.540  1736  1736 W CompatConfig: Trying to remove overrides for unknown Change ID 460405642. Skipping Change ID.
03-27 14:29:42.540  1736  1736 W CompatConfig: Trying to remove overrides for unknown Change ID 483802160. Skipping Change ID.
03-27 14:29:42.541  1736  1736 W CompatConfig: Trying to remove overrides for unknown Change ID 460405642. Skipping Change ID.
03-27 14:29:42.541  1736  1736 W CompatConfig: Trying to remove overrides for unknown Change ID 483802160. Skipping Change ID.
03-27 14:29:42.541  1736  1736 W CompatConfig: Trying to remove overrides for unknown Change ID 460405642. Skipping Change ID.
03-27 14:29:42.541  1736  1736 W CompatConfig: Trying to remove overrides for unknown Change ID 483802160. Skipping Change ID.
03-27 14:29:42.542  1736  1736 W CompatConfig: Trying to remove overrides for unknown Change ID 460405642. Skipping Change ID.
03-27 14:29:42.542  1736  1736 W CompatConfig: Trying to remove overrides for unknown Change ID 483802160. Skipping Change ID.
03-27 14:29:42.543  1736  1736 W CompatConfig: Trying to remove overrides for unknown Change ID 460405642. Skipping Change ID.
03-27 14:29:42.543  1736  1736 W CompatConfig: Trying to remove overrides for unknown Change ID 483802160. Skipping Change ID.
03-27 14:29:42.544  1736  1736 W CompatConfig: Trying to remove overrides for unknown Change ID 460405642. Skipping Change ID.
03-27 14:29:42.544  1736  1736 W CompatConfig: Trying to remove overrides for unknown Change ID 483802160. Skipping Change ID.
03-27 14:29:42.545  1736  1736 W CompatConfig: Trying to remove overrides for unknown Change ID 460405642. Skipping Change ID.
03-27 14:29:42.545  1736  1736 W CompatConfig: Trying to remove overrides for unknown Change ID 483802160. Skipping Change ID.
03-27 14:29:42.547  1736  1736 W CompatConfig: Trying to remove overrides for unknown Change ID 460405642. Skipping Change ID.
03-27 14:29:42.547  1736  1736 W CompatConfig: Trying to remove overrides for unknown Change ID 483802160. Skipping Change ID.
03-27 14:29:42.548  1736  1736 W CompatConfig: Trying to remove overrides for unknown Change ID 460405642. Skipping Change ID.
03-27 14:29:42.548  1736  1736 W CompatConfig: Trying to remove overrides for unknown Change ID 483802160. Skipping Change ID.
03-27 14:29:42.548  3088  3467 I PlayCommon: [63] Preparing logs for uploading
03-27 14:29:42.548  1736  1736 W CompatConfig: Trying to remove overrides for unknown Change ID 460405642. Skipping Change ID.
03-27 14:29:42.548  1736  1736 W CompatConfig: Trying to remove overrides for unknown Change ID 483802160. Skipping Change ID.
03-27 14:29:42.549  3088  3467 I PlayCommon: [63] Connecting to server for timestamp: https://play.googleapis.com/play/log/timestamp
03-27 14:29:42.549  1736  1736 W CompatConfig: Trying to remove overrides for unknown Change ID 460405642. Skipping Change ID.
03-27 14:29:42.549  1736  1736 W CompatConfig: Trying to remove overrides for unknown Change ID 483802160. Skipping Change ID.
03-27 14:29:42.550  1736  1736 W CompatConfig: Trying to remove overrides for unknown Change ID 460405642. Skipping Change ID.
03-27 14:29:42.550  1736  1736 W CompatConfig: Trying to remove overrides for unknown Change ID 483802160. Skipping Change ID.
03-27 14:29:42.551  1736  1736 W CompatConfig: Trying to remove overrides for unknown Change ID 460405642. Skipping Change ID.
03-27 14:29:42.551  1736  1736 W CompatConfig: Trying to remove overrides for unknown Change ID 483802160. Skipping Change ID.
03-27 14:29:42.552  1736  1736 W CompatConfig: Trying to remove overrides for unknown Change ID 460405642. Skipping Change ID.
03-27 14:29:42.552  1736  1736 W CompatConfig: Trying to remove overrides for unknown Change ID 483802160. Skipping Change ID.
03-27 14:29:42.552  3088  3467 E PlayCommon: [63] Failed to connect to server for server timestamp: java.net.UnknownHostException: Unable to resolve host "play.googleapis.com": No address associated with hostname
03-27 14:29:42.553  1736  1736 W CompatConfig: Trying to remove overrides for unknown Change ID 460405642. Skipping Change ID.
03-27 14:29:42.553  1736  1736 W CompatConfig: Trying to remove overrides for unknown Change ID 483802160. Skipping Change ID.
03-27 14:29:42.553  1736  1736 W CompatConfig: Trying to remove overrides for unknown Change ID 460405642. Skipping Change ID.
03-27 14:29:42.553  1736  1736 W CompatConfig: Trying to remove overrides for unknown Change ID 483802160. Skipping Change ID.
03-27 14:29:42.554  1736  1736 W CompatConfig: Trying to remove overrides for unknown Change ID 460405642. Skipping Change ID.
03-27 14:29:42.554  1736  1736 W CompatConfig: Trying to remove overrides for unknown Change ID 483802160. Skipping Change ID.
03-27 14:29:42.555  1736  1736 W CompatConfig: Trying to remove overrides for unknown Change ID 460405642. Skipping Change ID.
03-27 14:29:42.555  1736  1736 W CompatConfig: Trying to remove overrides for unknown Change ID 483802160. Skipping Change ID.
03-27 14:29:42.556  1736  1736 W CompatConfig: Trying to remove overrides for unknown Change ID 460405642. Skipping Change ID.
03-27 14:29:42.556  1736  1736 W CompatConfig: Trying to remove overrides for unknown Change ID 483802160. Skipping Change ID.
03-27 14:29:42.557  1736  1736 W CompatConfig: Trying to remove overrides for unknown Change ID 460405642. Skipping Change ID.
03-27 14:29:42.557  1736  1736 W CompatConfig: Trying to remove overrides for unknown Change ID 483802160. Skipping Change ID.
03-27 14:29:42.558  1736  1736 W CompatConfig: Trying to remove overrides for unknown Change ID 460405642. Skipping Change ID.
03-27 14:29:42.558  1736  1736 W CompatConfig: Trying to remove overrides for unknown Change ID 483802160. Skipping Change ID.
03-27 14:29:42.558  1736  1736 W CompatConfig: Trying to remove overrides for unknown Change ID 460405642. Skipping Change ID.
03-27 14:29:42.558  1736  1736 W CompatConfig: Trying to remove overrides for unknown Change ID 483802160. Skipping Change ID.
03-27 14:29:42.559  1736  1736 W CompatConfig: Trying to remove overrides for unknown Change ID 460405642. Skipping Change ID.
03-27 14:29:42.559  1736  1736 W CompatConfig: Trying to remove overrides for unknown Change ID 483802160. Skipping Change ID.
03-27 14:29:42.560  1736  1736 W CompatConfig: Trying to remove overrides for unknown Change ID 460405642. Skipping Change ID.
03-27 14:29:42.560  1736  1736 W CompatConfig: Trying to remove overrides for unknown Change ID 483802160. Skipping Change ID.
03-27 14:29:42.561  1736  1736 W CompatConfig: Trying to remove overrides for unknown Change ID 460405642. Skipping Change ID.
03-27 14:29:42.561  1736  1736 W CompatConfig: Trying to remove overrides for unknown Change ID 483802160. Skipping Change ID.
03-27 14:29:42.562  1736  1736 W CompatConfig: Trying to remove overrides for unknown Change ID 460405642. Skipping Change ID.
03-27 14:29:42.562  1736  1736 W CompatConfig: Trying to remove overrides for unknown Change ID 483802160. Skipping Change ID.
03-27 14:29:42.563  1736  1736 W CompatConfig: Trying to remove overrides for unknown Change ID 460405642. Skipping Change ID.
03-27 14:29:42.563  1736  1736 W CompatConfig: Trying to remove overrides for unknown Change ID 483802160. Skipping Change ID.
03-27 14:29:42.564  1736  1736 W CompatConfig: Trying to remove overrides for unknown Change ID 460405642. Skipping Change ID.
03-27 14:29:42.564  1736  1736 W CompatConfig: Trying to remove overrides for unknown Change ID 483802160. Skipping Change ID.
03-27 14:29:42.565  1736  1736 W CompatConfig: Trying to remove overrides for unknown Change ID 460405642. Skipping Change ID.
03-27 14:29:42.565  1736  1736 W CompatConfig: Trying to remove overrides for unknown Change ID 483802160. Skipping Change ID.
03-27 14:29:42.566  1736  1736 W CompatConfig: Trying to remove overrides for unknown Change ID 460405642. Skipping Change ID.
03-27 14:29:42.566  1736  1736 W CompatConfig: Trying to remove overrides for unknown Change ID 483802160. Skipping Change ID.
03-27 14:29:42.566  1736  1736 W CompatConfig: Trying to remove overrides for unknown Change ID 460405642. Skipping Change ID.
03-27 14:29:42.566  1736  1736 W CompatConfig: Trying to remove overrides for unknown Change ID 483802160. Skipping Change ID.
03-27 14:29:42.567  1736  1736 W CompatConfig: Trying to remove overrides for unknown Change ID 460405642. Skipping Change ID.
03-27 14:29:42.567  1736  1736 W CompatConfig: Trying to remove overrides for unknown Change ID 483802160. Skipping Change ID.
03-27 14:29:42.568  1736  1736 W CompatConfig: Trying to remove overrides for unknown Change ID 460405642. Skipping Change ID.
03-27 14:29:42.568  1736  1736 W CompatConfig: Trying to remove overrides for unknown Change ID 483802160. Skipping Change ID.
03-27 14:29:42.569  1736  1736 W CompatConfig: Trying to remove overrides for unknown Change ID 460405642. Skipping Change ID.
03-27 14:29:42.569  1736  1736 W CompatConfig: Trying to remove overrides for unknown Change ID 483802160. Skipping Change ID.
03-27 14:29:42.570  1736  1736 W CompatConfig: Trying to remove overrides for unknown Change ID 460405642. Skipping Change ID.
03-27 14:29:42.570  1736  1736 W CompatConfig: Trying to remove overrides for unknown Change ID 483802160. Skipping Change ID.
03-27 14:29:42.571  1736  1736 W CompatConfig: Trying to remove overrides for unknown Change ID 460405642. Skipping Change ID.
03-27 14:29:42.571  1736  1736 W CompatConfig: Trying to remove overrides for unknown Change ID 483802160. Skipping Change ID.
03-27 14:29:42.572  1736  1736 W CompatConfig: Trying to remove overrides for unknown Change ID 460405642. Skipping Change ID.
03-27 14:29:42.572  1736  1736 W CompatConfig: Trying to remove overrides for unknown Change ID 483802160. Skipping Change ID.
03-27 14:29:42.574  1736  1736 W CompatConfig: Trying to remove overrides for unknown Change ID 460405642. Skipping Change ID.
03-27 14:29:42.574  1736  1736 W CompatConfig: Trying to remove overrides for unknown Change ID 483802160. Skipping Change ID.
03-27 14:29:42.575  1736  1736 W CompatConfig: Trying to remove overrides for unknown Change ID 460405642. Skipping Change ID.
03-27 14:29:42.575  1736  1736 W CompatConfig: Trying to remove overrides for unknown Change ID 483802160. Skipping Change ID.
03-27 14:29:42.576  1736  1796 D ActivityManager: sync unfroze 3700 com.google.android.googlequicksearchbox:search for 3
03-27 14:29:42.576  1736  1736 W CompatConfig: Trying to remove overrides for unknown Change ID 460405642. Skipping Change ID.
03-27 14:29:42.576  1736  1736 W CompatConfig: Trying to remove overrides for unknown Change ID 483802160. Skipping Change ID.
03-27 14:29:42.577  1736  2065 D BackgroundInstallControlService: Package event received: 0
03-27 14:29:42.577  1736  1736 W CompatConfig: Trying to remove overrides for unknown Change ID 460405642. Skipping Change ID.
03-27 14:29:42.577  1736  1736 W CompatConfig: Trying to remove overrides for unknown Change ID 483802160. Skipping Change ID.
03-27 14:29:42.577  1736  1736 W CompatConfig: Trying to remove overrides for unknown Change ID 460405642. Skipping Change ID.
03-27 14:29:42.577  1736  1736 W CompatConfig: Trying to remove overrides for unknown Change ID 483802160. Skipping Change ID.
03-27 14:29:42.578  1736  1736 W CompatConfig: Trying to remove overrides for unknown Change ID 460405642. Skipping Change ID.
03-27 14:29:42.578  1736  1736 W CompatConfig: Trying to remove overrides for unknown Change ID 483802160. Skipping Change ID.
03-27 14:29:42.579  1736  1736 W CompatConfig: Trying to remove overrides for unknown Change ID 460405642. Skipping Change ID.
03-27 14:29:42.579  1736  1736 W CompatConfig: Trying to remove overrides for unknown Change ID 483802160. Skipping Change ID.
03-27 14:29:42.580  1736  1736 W CompatConfig: Trying to remove overrides for unknown Change ID 460405642. Skipping Change ID.
03-27 14:29:42.580  1736  1736 W CompatConfig: Trying to remove overrides for unknown Change ID 483802160. Skipping Change ID.
03-27 14:29:42.583  1736  1736 W CompatConfig: Trying to remove overrides for unknown Change ID 460405642. Skipping Change ID.
03-27 14:29:42.583  1736  1736 W CompatConfig: Trying to remove overrides for unknown Change ID 483802160. Skipping Change ID.
03-27 14:29:42.584  1736  1736 W CompatConfig: Trying to remove overrides for unknown Change ID 460405642. Skipping Change ID.
03-27 14:29:42.584  1736  1736 W CompatConfig: Trying to remove overrides for unknown Change ID 483802160. Skipping Change ID.
03-27 14:29:42.584  1736  1736 W CompatConfig: Trying to remove overrides for unknown Change ID 460405642. Skipping Change ID.
03-27 14:29:42.584  1736  1736 W CompatConfig: Trying to remove overrides for unknown Change ID 483802160. Skipping Change ID.
03-27 14:29:42.585  1736  1736 W CompatConfig: Trying to remove overrides for unknown Change ID 460405642. Skipping Change ID.
03-27 14:29:42.585  1736  1736 W CompatConfig: Trying to remove overrides for unknown Change ID 483802160. Skipping Change ID.
03-27 14:29:42.586  1736  1736 W CompatConfig: Trying to remove overrides for unknown Change ID 460405642. Skipping Change ID.
03-27 14:29:42.586  1736  1736 W CompatConfig: Trying to remove overrides for unknown Change ID 483802160. Skipping Change ID.
03-27 14:29:42.587  1736  1736 W CompatConfig: Trying to remove overrides for unknown Change ID 460405642. Skipping Change ID.
03-27 14:29:42.587  1736  1736 W CompatConfig: Trying to remove overrides for unknown Change ID 483802160. Skipping Change ID.
03-27 14:29:42.588  1736  1736 W CompatConfig: Trying to remove overrides for unknown Change ID 460405642. Skipping Change ID.
03-27 14:29:42.588  1736  1736 W CompatConfig: Trying to remove overrides for unknown Change ID 483802160. Skipping Change ID.
03-27 14:29:42.588  1736  1736 W CompatConfig: Trying to remove overrides for unknown Change ID 460405642. Skipping Change ID.
03-27 14:29:42.588  1736  1736 W CompatConfig: Trying to remove overrides for unknown Change ID 483802160. Skipping Change ID.
03-27 14:29:42.589  1736  1736 W CompatConfig: Trying to remove overrides for unknown Change ID 460405642. Skipping Change ID.
03-27 14:29:42.589  1736  1736 W CompatConfig: Trying to remove overrides for unknown Change ID 483802160. Skipping Change ID.
03-27 14:29:42.591  1736  1736 W CompatConfig: Trying to remove overrides for unknown Change ID 460405642. Skipping Change ID.
03-27 14:29:42.591  1736  1736 W CompatConfig: Trying to remove overrides for unknown Change ID 483802160. Skipping Change ID.
03-27 14:29:42.591  1736  1736 W CompatConfig: Trying to remove overrides for unknown Change ID 460405642. Skipping Change ID.
03-27 14:29:42.591  1736  1736 W CompatConfig: Trying to remove overrides for unknown Change ID 483802160. Skipping Change ID.
03-27 14:29:42.592  1736  2940 I AppSearchIcing: icing-search-engine.cc:2327: Persisting data to disk with mode 3
03-27 14:29:42.592  1736  1736 W CompatConfig: Trying to remove overrides for unknown Change ID 460405642. Skipping Change ID.
03-27 14:29:42.592  1736  1736 W CompatConfig: Trying to remove overrides for unknown Change ID 483802160. Skipping Change ID.
03-27 14:29:42.592  1736  2940 I AppSearchIcing: icing-search-engine.cc:2340: PersistToDisk completed.
03-27 14:29:42.593  1736  1736 W CompatConfig: Trying to remove overrides for unknown Change ID 460405642. Skipping Change ID.
03-27 14:29:42.593  1736  1736 W CompatConfig: Trying to remove overrides for unknown Change ID 483802160. Skipping Change ID.
03-27 14:29:42.594  1736  1736 W CompatConfig: Trying to remove overrides for unknown Change ID 460405642. Skipping Change ID.
03-27 14:29:42.594  1736  1736 W CompatConfig: Trying to remove overrides for unknown Change ID 483802160. Skipping Change ID.
03-27 14:29:42.595  1736  1736 W CompatConfig: Trying to remove overrides for unknown Change ID 460405642. Skipping Change ID.
03-27 14:29:42.595  1736  1736 W CompatConfig: Trying to remove overrides for unknown Change ID 483802160. Skipping Change ID.
03-27 14:29:42.595  1736  1736 W CompatConfig: Trying to remove overrides for unknown Change ID 460405642. Skipping Change ID.
03-27 14:29:42.595  1736  1736 W CompatConfig: Trying to remove overrides for unknown Change ID 483802160. Skipping Change ID.
03-27 14:29:42.596  1736  1736 W CompatConfig: Trying to remove overrides for unknown Change ID 460405642. Skipping Change ID.
03-27 14:29:42.596  1736  1736 W CompatConfig: Trying to remove overrides for unknown Change ID 483802160. Skipping Change ID.
03-27 14:29:42.597  1736  1736 W CompatConfig: Trying to remove overrides for unknown Change ID 460405642. Skipping Change ID.
03-27 14:29:42.597  1736  1736 W CompatConfig: Trying to remove overrides for unknown Change ID 483802160. Skipping Change ID.
03-27 14:29:42.598  1736  1736 W CompatConfig: Trying to remove overrides for unknown Change ID 460405642. Skipping Change ID.
03-27 14:29:42.598  1736  1736 W CompatConfig: Trying to remove overrides for unknown Change ID 483802160. Skipping Change ID.
03-27 14:29:42.599  1736  1736 W CompatConfig: Trying to remove overrides for unknown Change ID 460405642. Skipping Change ID.
03-27 14:29:42.599  1736  1736 W CompatConfig: Trying to remove overrides for unknown Change ID 483802160. Skipping Change ID.
03-27 14:29:42.600  1736  1736 W CompatConfig: Trying to remove overrides for unknown Change ID 460405642. Skipping Change ID.
03-27 14:29:42.600  1736  1736 W CompatConfig: Trying to remove overrides for unknown Change ID 483802160. Skipping Change ID.
03-27 14:29:42.600  1736  1736 W CompatConfig: Trying to remove overrides for unknown Change ID 460405642. Skipping Change ID.
03-27 14:29:42.600  1736  1736 W CompatConfig: Trying to remove overrides for unknown Change ID 483802160. Skipping Change ID.
03-27 14:29:42.601  1736  1736 W CompatConfig: Trying to remove overrides for unknown Change ID 460405642. Skipping Change ID.
03-27 14:29:42.601  1736  1736 W CompatConfig: Trying to remove overrides for unknown Change ID 483802160. Skipping Change ID.
03-27 14:29:42.602  1736  1736 W CompatConfig: Trying to remove overrides for unknown Change ID 460405642. Skipping Change ID.
03-27 14:29:42.602  1736  1736 W CompatConfig: Trying to remove overrides for unknown Change ID 483802160. Skipping Change ID.
03-27 14:29:42.603  1736  1736 W CompatConfig: Trying to remove overrides for unknown Change ID 460405642. Skipping Change ID.
03-27 14:29:42.603  1736  1736 W CompatConfig: Trying to remove overrides for unknown Change ID 483802160. Skipping Change ID.
03-27 14:29:42.604  1736  1736 W CompatConfig: Trying to remove overrides for unknown Change ID 460405642. Skipping Change ID.
03-27 14:29:42.604  1736  1736 W CompatConfig: Trying to remove overrides for unknown Change ID 483802160. Skipping Change ID.
03-27 14:29:42.604  1736  1736 W CompatConfig: Trying to remove overrides for unknown Change ID 460405642. Skipping Change ID.
03-27 14:29:42.604  1736  1736 W CompatConfig: Trying to remove overrides for unknown Change ID 483802160. Skipping Change ID.
03-27 14:29:42.605  1736  1736 W CompatConfig: Trying to remove overrides for unknown Change ID 460405642. Skipping Change ID.
03-27 14:29:42.605  1736  1736 W CompatConfig: Trying to remove overrides for unknown Change ID 483802160. Skipping Change ID.
03-27 14:29:42.606  1736  1736 W CompatConfig: Trying to remove overrides for unknown Change ID 460405642. Skipping Change ID.
03-27 14:29:42.606  1736  1736 W CompatConfig: Trying to remove overrides for unknown Change ID 483802160. Skipping Change ID.
03-27 14:29:42.607  1736  1736 W CompatConfig: Trying to remove overrides for unknown Change ID 460405642. Skipping Change ID.
03-27 14:29:42.607  1736  1736 W CompatConfig: Trying to remove overrides for unknown Change ID 483802160. Skipping Change ID.
03-27 14:29:42.607  1736  1736 W CompatConfig: Trying to remove overrides for unknown Change ID 460405642. Skipping Change ID.
03-27 14:29:42.608  1736  1736 W CompatConfig: Trying to remove overrides for unknown Change ID 483802160. Skipping Change ID.
03-27 14:29:42.608  1736  1736 W CompatConfig: Trying to remove overrides for unknown Change ID 460405642. Skipping Change ID.
03-27 14:29:42.608  1736  1736 W CompatConfig: Trying to remove overrides for unknown Change ID 483802160. Skipping Change ID.
03-27 14:29:42.609  1736  1736 W CompatConfig: Trying to remove overrides for unknown Change ID 460405642. Skipping Change ID.
03-27 14:29:42.609  1736  1736 W CompatConfig: Trying to remove overrides for unknown Change ID 483802160. Skipping Change ID.
03-27 14:29:42.610  1736  1736 W CompatConfig: Trying to remove overrides for unknown Change ID 460405642. Skipping Change ID.
03-27 14:29:42.610  1736  1736 W CompatConfig: Trying to remove overrides for unknown Change ID 483802160. Skipping Change ID.
03-27 14:29:42.611  1736  1736 W CompatConfig: Trying to remove overrides for unknown Change ID 460405642. Skipping Change ID.
03-27 14:29:42.611  1736  1736 W CompatConfig: Trying to remove overrides for unknown Change ID 483802160. Skipping Change ID.
03-27 14:29:42.611  1736  1736 W CompatConfig: Trying to remove overrides for unknown Change ID 460405642. Skipping Change ID.
03-27 14:29:42.611  1736  1736 W CompatConfig: Trying to remove overrides for unknown Change ID 483802160. Skipping Change ID.
03-27 14:29:42.612  1736  1736 W CompatConfig: Trying to remove overrides for unknown Change ID 460405642. Skipping Change ID.
03-27 14:29:42.612  1736  1736 W CompatConfig: Trying to remove overrides for unknown Change ID 483802160. Skipping Change ID.
03-27 14:29:42.613  1736  1736 W CompatConfig: Trying to remove overrides for unknown Change ID 460405642. Skipping Change ID.
03-27 14:29:42.613  1736  1736 W CompatConfig: Trying to remove overrides for unknown Change ID 483802160. Skipping Change ID.
03-27 14:29:42.614  1736  1736 W CompatConfig: Trying to remove overrides for unknown Change ID 460405642. Skipping Change ID.
03-27 14:29:42.614  1736  1736 W CompatConfig: Trying to remove overrides for unknown Change ID 483802160. Skipping Change ID.
03-27 14:29:42.614  1736  1736 W CompatConfig: Trying to remove overrides for unknown Change ID 460405642. Skipping Change ID.
03-27 14:29:42.615  1736  1736 W CompatConfig: Trying to remove overrides for unknown Change ID 483802160. Skipping Change ID.
03-27 14:29:42.615  1736  1736 W CompatConfig: Trying to remove overrides for unknown Change ID 460405642. Skipping Change ID.
03-27 14:29:42.615  1736  1736 W CompatConfig: Trying to remove overrides for unknown Change ID 483802160. Skipping Change ID.
03-27 14:29:42.616  1736  1736 W CompatConfig: Trying to remove overrides for unknown Change ID 460405642. Skipping Change ID.
03-27 14:29:42.616  1736  1736 W CompatConfig: Trying to remove overrides for unknown Change ID 483802160. Skipping Change ID.
03-27 14:29:42.617  1736  1736 W CompatConfig: Trying to remove overrides for unknown Change ID 460405642. Skipping Change ID.
03-27 14:29:42.617  1736  1736 W CompatConfig: Trying to remove overrides for unknown Change ID 483802160. Skipping Change ID.
03-27 14:29:42.618  1736  1736 W CompatConfig: Trying to remove overrides for unknown Change ID 460405642. Skipping Change ID.
03-27 14:29:42.618  1736  1736 W CompatConfig: Trying to remove overrides for unknown Change ID 483802160. Skipping Change ID.
03-27 14:29:42.618  1736  1736 W CompatConfig: Trying to remove overrides for unknown Change ID 460405642. Skipping Change ID.
03-27 14:29:42.618  1736  1736 W CompatConfig: Trying to remove overrides for unknown Change ID 483802160. Skipping Change ID.
03-27 14:29:42.619  1736  1736 W CompatConfig: Trying to remove overrides for unknown Change ID 460405642. Skipping Change ID.
03-27 14:29:42.619  1736  1736 W CompatConfig: Trying to remove overrides for unknown Change ID 483802160. Skipping Change ID.
03-27 14:29:42.620  1736  1736 W CompatConfig: Trying to remove overrides for unknown Change ID 460405642. Skipping Change ID.
03-27 14:29:42.620  1736  1736 W CompatConfig: Trying to remove overrides for unknown Change ID 483802160. Skipping Change ID.
03-27 14:29:42.621  1736  1736 W CompatConfig: Trying to remove overrides for unknown Change ID 460405642. Skipping Change ID.
03-27 14:29:42.621  1736  1736 W CompatConfig: Trying to remove overrides for unknown Change ID 483802160. Skipping Change ID.
03-27 14:29:42.622  1736  1736 W CompatConfig: Trying to remove overrides for unknown Change ID 460405642. Skipping Change ID.
03-27 14:29:42.622  1736  1736 W CompatConfig: Trying to remove overrides for unknown Change ID 483802160. Skipping Change ID.
03-27 14:29:42.622  1736  1736 W CompatConfig: Trying to remove overrides for unknown Change ID 460405642. Skipping Change ID.
03-27 14:29:42.622  1736  1736 W CompatConfig: Trying to remove overrides for unknown Change ID 483802160. Skipping Change ID.
03-27 14:29:42.623  1736  1736 W CompatConfig: Trying to remove overrides for unknown Change ID 460405642. Skipping Change ID.
03-27 14:29:42.623  1736  1736 W CompatConfig: Trying to remove overrides for unknown Change ID 483802160. Skipping Change ID.
03-27 14:29:42.624  1736  1736 W CompatConfig: Trying to remove overrides for unknown Change ID 460405642. Skipping Change ID.
03-27 14:29:42.624  1736  1736 W CompatConfig: Trying to remove overrides for unknown Change ID 483802160. Skipping Change ID.
03-27 14:29:42.625  1736  1736 W CompatConfig: Trying to remove overrides for unknown Change ID 460405642. Skipping Change ID.
03-27 14:29:42.625  1736  1736 W CompatConfig: Trying to remove overrides for unknown Change ID 483802160. Skipping Change ID.
03-27 14:29:42.626  1736  1736 W CompatConfig: Trying to remove overrides for unknown Change ID 460405642. Skipping Change ID.
03-27 14:29:42.626  1736  1736 W CompatConfig: Trying to remove overrides for unknown Change ID 483802160. Skipping Change ID.
03-27 14:29:42.626  1736  1736 W CompatConfig: Trying to remove overrides for unknown Change ID 460405642. Skipping Change ID.
03-27 14:29:42.626  1736  1736 W CompatConfig: Trying to remove overrides for unknown Change ID 483802160. Skipping Change ID.
03-27 14:29:42.627  1736  1736 W CompatConfig: Trying to remove overrides for unknown Change ID 460405642. Skipping Change ID.
03-27 14:29:42.627  1736  1736 W CompatConfig: Trying to remove overrides for unknown Change ID 483802160. Skipping Change ID.
03-27 14:29:42.628  1736  1736 W CompatConfig: Trying to remove overrides for unknown Change ID 460405642. Skipping Change ID.
03-27 14:29:42.628  1736  1736 W CompatConfig: Trying to remove overrides for unknown Change ID 483802160. Skipping Change ID.
03-27 14:29:42.629  1736  1736 W CompatConfig: Trying to remove overrides for unknown Change ID 460405642. Skipping Change ID.
03-27 14:29:42.629  1736  1736 W CompatConfig: Trying to remove overrides for unknown Change ID 483802160. Skipping Change ID.
03-27 14:29:42.629  1736  1736 W CompatConfig: Trying to remove overrides for unknown Change ID 460405642. Skipping Change ID.
03-27 14:29:42.629  1736  1736 W CompatConfig: Trying to remove overrides for unknown Change ID 483802160. Skipping Change ID.
03-27 14:29:42.630  1736  1736 W CompatConfig: Trying to remove overrides for unknown Change ID 460405642. Skipping Change ID.
03-27 14:29:42.630  1736  1736 W CompatConfig: Trying to remove overrides for unknown Change ID 483802160. Skipping Change ID.
03-27 14:29:42.631  1736  1736 W CompatConfig: Trying to remove overrides for unknown Change ID 460405642. Skipping Change ID.
03-27 14:29:42.631  1736  1736 W CompatConfig: Trying to remove overrides for unknown Change ID 483802160. Skipping Change ID.
03-27 14:29:42.632  1736  1736 W CompatConfig: Trying to remove overrides for unknown Change ID 460405642. Skipping Change ID.
03-27 14:29:42.632  1736  1736 W CompatConfig: Trying to remove overrides for unknown Change ID 483802160. Skipping Change ID.
03-27 14:29:42.633  1736  1736 W CompatConfig: Trying to remove overrides for unknown Change ID 460405642. Skipping Change ID.
03-27 14:29:42.633  1736  1736 W CompatConfig: Trying to remove overrides for unknown Change ID 483802160. Skipping Change ID.
03-27 14:29:42.633  1736  1736 W CompatConfig: Trying to remove overrides for unknown Change ID 460405642. Skipping Change ID.
03-27 14:29:42.633  1736  1736 W CompatConfig: Trying to remove overrides for unknown Change ID 483802160. Skipping Change ID.
03-27 14:29:42.634  1736  1736 W CompatConfig: Trying to remove overrides for unknown Change ID 460405642. Skipping Change ID.
03-27 14:29:42.634  1736  1736 W CompatConfig: Trying to remove overrides for unknown Change ID 483802160. Skipping Change ID.
03-27 14:29:42.635  1736  1736 W CompatConfig: Trying to remove overrides for unknown Change ID 460405642. Skipping Change ID.
03-27 14:29:42.635  1736  1736 W CompatConfig: Trying to remove overrides for unknown Change ID 483802160. Skipping Change ID.
03-27 14:29:42.636  1736  1736 W CompatConfig: Trying to remove overrides for unknown Change ID 460405642. Skipping Change ID.
03-27 14:29:42.636  1736  1736 W CompatConfig: Trying to remove overrides for unknown Change ID 483802160. Skipping Change ID.
03-27 14:29:42.636  1736  1736 W CompatConfig: Trying to remove overrides for unknown Change ID 460405642. Skipping Change ID.
03-27 14:29:42.636  1736  1736 W CompatConfig: Trying to remove overrides for unknown Change ID 483802160. Skipping Change ID.
03-27 14:29:42.637  7495  7500 W ng:quick_launch: userfaultfd: MOVE ioctl seems unsupported: Connection timed out
03-27 14:29:42.637  1736  1736 W CompatConfig: Trying to remove overrides for unknown Change ID 460405642. Skipping Change ID.
03-27 14:29:42.637  1736  1736 W CompatConfig: Trying to remove overrides for unknown Change ID 483802160. Skipping Change ID.
03-27 14:29:42.638  1736  1736 W CompatConfig: Trying to remove overrides for unknown Change ID 460405642. Skipping Change ID.
03-27 14:29:42.638  1736  1736 W CompatConfig: Trying to remove overrides for unknown Change ID 483802160. Skipping Change ID.
03-27 14:29:42.639  1736  1736 W CompatConfig: Trying to remove overrides for unknown Change ID 460405642. Skipping Change ID.
03-27 14:29:42.639  1736  1736 W CompatConfig: Trying to remove overrides for unknown Change ID 483802160. Skipping Change ID.
03-27 14:29:42.640  1736  1736 W CompatConfig: Trying to remove overrides for unknown Change ID 460405642. Skipping Change ID.
03-27 14:29:42.640  1736  1736 W CompatConfig: Trying to remove overrides for unknown Change ID 483802160. Skipping Change ID.
03-27 14:29:42.640  1736  1736 W CompatConfig: Trying to remove overrides for unknown Change ID 460405642. Skipping Change ID.
03-27 14:29:42.641  1736  1736 W CompatConfig: Trying to remove overrides for unknown Change ID 483802160. Skipping Change ID.
03-27 14:29:42.641  1736  1736 W CompatConfig: Trying to remove overrides for unknown Change ID 460405642. Skipping Change ID.
03-27 14:29:42.641  1736  1736 W CompatConfig: Trying to remove overrides for unknown Change ID 483802160. Skipping Change ID.
03-27 14:29:42.642  1736  1736 W CompatConfig: Trying to remove overrides for unknown Change ID 460405642. Skipping Change ID.
03-27 14:29:42.642  1736  1736 W CompatConfig: Trying to remove overrides for unknown Change ID 483802160. Skipping Change ID.
03-27 14:29:42.643  1736  1736 W CompatConfig: Trying to remove overrides for unknown Change ID 460405642. Skipping Change ID.
03-27 14:29:42.643  1736  1736 W CompatConfig: Trying to remove overrides for unknown Change ID 483802160. Skipping Change ID.
03-27 14:29:42.644  1736  1736 W CompatConfig: Trying to remove overrides for unknown Change ID 460405642. Skipping Change ID.
03-27 14:29:42.644  1736  1736 W CompatConfig: Trying to remove overrides for unknown Change ID 483802160. Skipping Change ID.
03-27 14:29:42.645  1736  1736 W CompatConfig: Trying to remove overrides for unknown Change ID 460405642. Skipping Change ID.
03-27 14:29:42.645  1736  1736 W CompatConfig: Trying to remove overrides for unknown Change ID 483802160. Skipping Change ID.
03-27 14:29:42.645  1736  1736 W CompatConfig: Trying to remove overrides for unknown Change ID 460405642. Skipping Change ID.
03-27 14:29:42.645  1736  1736 W CompatConfig: Trying to remove overrides for unknown Change ID 483802160. Skipping Change ID.
03-27 14:29:42.646  1736  1736 W CompatConfig: Trying to remove overrides for unknown Change ID 460405642. Skipping Change ID.
03-27 14:29:42.646  1736  1736 W CompatConfig: Trying to remove overrides for unknown Change ID 483802160. Skipping Change ID.
03-27 14:29:42.646  3700  3867 W bpou    : No value provided for the places model index flag.
03-27 14:29:42.647  1736  1736 W CompatConfig: Trying to remove overrides for unknown Change ID 460405642. Skipping Change ID.
03-27 14:29:42.647  1736  1736 W CompatConfig: Trying to remove overrides for unknown Change ID 483802160. Skipping Change ID.
03-27 14:29:42.648  3700  3867 W bpou    : No value provided for the places model index flag.
03-27 14:29:42.648  1736  1736 W CompatConfig: Trying to remove overrides for unknown Change ID 460405642. Skipping Change ID.
03-27 14:29:42.648  1736  1736 W CompatConfig: Trying to remove overrides for unknown Change ID 483802160. Skipping Change ID.
03-27 14:29:42.648  1736  1736 W CompatConfig: Trying to remove overrides for unknown Change ID 460405642. Skipping Change ID.
03-27 14:29:42.648  1736  1736 W CompatConfig: Trying to remove overrides for unknown Change ID 483802160. Skipping Change ID.
03-27 14:29:42.649  3700  3867 W bpou    : No value provided for the places model index flag.
03-27 14:29:42.649  1736  1736 W CompatConfig: Trying to remove overrides for unknown Change ID 460405642. Skipping Change ID.
03-27 14:29:42.649  1736  1736 W CompatConfig: Trying to remove overrides for unknown Change ID 483802160. Skipping Change ID.
03-27 14:29:42.650  1736  1736 W CompatConfig: Trying to remove overrides for unknown Change ID 460405642. Skipping Change ID.
03-27 14:29:42.650  1736  1736 W CompatConfig: Trying to remove overrides for unknown Change ID 483802160. Skipping Change ID.
03-27 14:29:42.651  1736  1736 W CompatConfig: Trying to remove overrides for unknown Change ID 460405642. Skipping Change ID.
03-27 14:29:42.651  1736  1736 W CompatConfig: Trying to remove overrides for unknown Change ID 483802160. Skipping Change ID.
03-27 14:29:42.652  1736  1736 W CompatConfig: Trying to remove overrides for unknown Change ID 460405642. Skipping Change ID.
03-27 14:29:42.652  1736  1736 W CompatConfig: Trying to remove overrides for unknown Change ID 483802160. Skipping Change ID.
03-27 14:29:42.652  1736  1736 W CompatConfig: Trying to remove overrides for unknown Change ID 460405642. Skipping Change ID.
03-27 14:29:42.652  1736  1736 W CompatConfig: Trying to remove overrides for unknown Change ID 483802160. Skipping Change ID.
03-27 14:29:42.653  1736  1736 W CompatConfig: Trying to remove overrides for unknown Change ID 460405642. Skipping Change ID.
03-27 14:29:42.653  1736  1736 W CompatConfig: Trying to remove overrides for unknown Change ID 483802160. Skipping Change ID.
03-27 14:29:42.654  1736  1736 W CompatConfig: Trying to remove overrides for unknown Change ID 460405642. Skipping Change ID.
03-27 14:29:42.654  1736  1736 W CompatConfig: Trying to remove overrides for unknown Change ID 483802160. Skipping Change ID.
03-27 14:29:42.655  1736  1736 W CompatConfig: Trying to remove overrides for unknown Change ID 460405642. Skipping Change ID.
03-27 14:29:42.655  1736  1736 W CompatConfig: Trying to remove overrides for unknown Change ID 483802160. Skipping Change ID.
03-27 14:29:42.656  1736  1736 W CompatConfig: Trying to remove overrides for unknown Change ID 460405642. Skipping Change ID.
03-27 14:29:42.656  1736  1736 W CompatConfig: Trying to remove overrides for unknown Change ID 483802160. Skipping Change ID.
03-27 14:29:42.656  1736  1736 W CompatConfig: Trying to remove overrides for unknown Change ID 460405642. Skipping Change ID.
03-27 14:29:42.656  1736  1736 W CompatConfig: Trying to remove overrides for unknown Change ID 483802160. Skipping Change ID.
03-27 14:29:42.657  1736  1736 W CompatConfig: Trying to remove overrides for unknown Change ID 460405642. Skipping Change ID.
03-27 14:29:42.657  1736  1736 W CompatConfig: Trying to remove overrides for unknown Change ID 483802160. Skipping Change ID.
03-27 14:29:42.658  1736  1736 W CompatConfig: Trying to remove overrides for unknown Change ID 460405642. Skipping Change ID.
03-27 14:29:42.658  1736  1736 W CompatConfig: Trying to remove overrides for unknown Change ID 483802160. Skipping Change ID.
03-27 14:29:42.659  1736  1736 W CompatConfig: Trying to remove overrides for unknown Change ID 460405642. Skipping Change ID.
03-27 14:29:42.659  1736  1736 W CompatConfig: Trying to remove overrides for unknown Change ID 483802160. Skipping Change ID.
03-27 14:29:42.660  1736  1736 W CompatConfig: Trying to remove overrides for unknown Change ID 460405642. Skipping Change ID.
03-27 14:29:42.660  1736  1736 W CompatConfig: Trying to remove overrides for unknown Change ID 483802160. Skipping Change ID.
03-27 14:29:42.660  1736  1736 W CompatConfig: Trying to remove overrides for unknown Change ID 460405642. Skipping Change ID.
03-27 14:29:42.660  1736  1736 W CompatConfig: Trying to remove overrides for unknown Change ID 483802160. Skipping Change ID.
03-27 14:29:42.661  1736  1736 W CompatConfig: Trying to remove overrides for unknown Change ID 460405642. Skipping Change ID.
03-27 14:29:42.661  1736  1736 W CompatConfig: Trying to remove overrides for unknown Change ID 483802160. Skipping Change ID.
03-27 14:29:42.662  1736  1736 W CompatConfig: Trying to remove overrides for unknown Change ID 460405642. Skipping Change ID.
03-27 14:29:42.662  1736  1736 W CompatConfig: Trying to remove overrides for unknown Change ID 483802160. Skipping Change ID.
03-27 14:29:42.663  1736  1736 W CompatConfig: Trying to remove overrides for unknown Change ID 460405642. Skipping Change ID.
03-27 14:29:42.663  1736  1736 W CompatConfig: Trying to remove overrides for unknown Change ID 483802160. Skipping Change ID.
03-27 14:29:42.664  1736  1736 W CompatConfig: Trying to remove overrides for unknown Change ID 460405642. Skipping Change ID.
03-27 14:29:42.664  1736  1736 W CompatConfig: Trying to remove overrides for unknown Change ID 483802160. Skipping Change ID.
03-27 14:29:42.664  1736  1736 W CompatConfig: Trying to remove overrides for unknown Change ID 460405642. Skipping Change ID.
03-27 14:29:42.664  1736  1736 W CompatConfig: Trying to remove overrides for unknown Change ID 483802160. Skipping Change ID.
03-27 14:29:42.665  1736  1736 W CompatConfig: Trying to remove overrides for unknown Change ID 460405642. Skipping Change ID.
03-27 14:29:42.665  1736  1736 W CompatConfig: Trying to remove overrides for unknown Change ID 483802160. Skipping Change ID.
03-27 14:29:42.666  1736  1736 W CompatConfig: Trying to remove overrides for unknown Change ID 460405642. Skipping Change ID.
03-27 14:29:42.666  1736  1736 W CompatConfig: Trying to remove overrides for unknown Change ID 483802160. Skipping Change ID.
03-27 14:29:42.667  1736  1736 W CompatConfig: Trying to remove overrides for unknown Change ID 460405642. Skipping Change ID.
03-27 14:29:42.667  1736  1736 W CompatConfig: Trying to remove overrides for unknown Change ID 483802160. Skipping Change ID.
03-27 14:29:42.668  1736  1736 W CompatConfig: Trying to remove overrides for unknown Change ID 460405642. Skipping Change ID.
03-27 14:29:42.668  1736  1736 W CompatConfig: Trying to remove overrides for unknown Change ID 483802160. Skipping Change ID.
03-27 14:29:42.669  1736  1736 W CompatConfig: Trying to remove overrides for unknown Change ID 460405642. Skipping Change ID.
03-27 14:29:42.669  1736  1736 W CompatConfig: Trying to remove overrides for unknown Change ID 483802160. Skipping Change ID.
03-27 14:29:42.669  1736  1736 W CompatConfig: Trying to remove overrides for unknown Change ID 460405642. Skipping Change ID.
03-27 14:29:42.669  1736  1736 W CompatConfig: Trying to remove overrides for unknown Change ID 483802160. Skipping Change ID.
03-27 14:29:42.670  1736  1736 W CompatConfig: Trying to remove overrides for unknown Change ID 460405642. Skipping Change ID.
03-27 14:29:42.670  1736  1736 W CompatConfig: Trying to remove overrides for unknown Change ID 483802160. Skipping Change ID.
03-27 14:29:42.671  1736  1736 W CompatConfig: Trying to remove overrides for unknown Change ID 460405642. Skipping Change ID.
03-27 14:29:42.671  1736  1736 W CompatConfig: Trying to remove overrides for unknown Change ID 483802160. Skipping Change ID.
03-27 14:29:42.672  1736  1736 W CompatConfig: Trying to remove overrides for unknown Change ID 460405642. Skipping Change ID.
03-27 14:29:42.672  1736  1736 W CompatConfig: Trying to remove overrides for unknown Change ID 483802160. Skipping Change ID.
03-27 14:29:42.673  1736  1736 W CompatConfig: Trying to remove overrides for unknown Change ID 460405642. Skipping Change ID.
03-27 14:29:42.673  1736  1736 W CompatConfig: Trying to remove overrides for unknown Change ID 483802160. Skipping Change ID.
03-27 14:29:42.673  1736  1736 W CompatConfig: Trying to remove overrides for unknown Change ID 460405642. Skipping Change ID.
03-27 14:29:42.673  1736  1736 W CompatConfig: Trying to remove overrides for unknown Change ID 483802160. Skipping Change ID.
03-27 14:29:42.674  1736  1736 W CompatConfig: Trying to remove overrides for unknown Change ID 460405642. Skipping Change ID.
03-27 14:29:42.674  1736  1736 W CompatConfig: Trying to remove overrides for unknown Change ID 483802160. Skipping Change ID.
03-27 14:29:42.675  1736  1736 W CompatConfig: Trying to remove overrides for unknown Change ID 460405642. Skipping Change ID.
03-27 14:29:42.675  1736  1736 W CompatConfig: Trying to remove overrides for unknown Change ID 483802160. Skipping Change ID.
03-27 14:29:42.676  1736  1736 W CompatConfig: Trying to remove overrides for unknown Change ID 460405642. Skipping Change ID.
03-27 14:29:42.676  1736  1736 W CompatConfig: Trying to remove overrides for unknown Change ID 483802160. Skipping Change ID.
03-27 14:29:42.677  1736  1736 W CompatConfig: Trying to remove overrides for unknown Change ID 460405642. Skipping Change ID.
03-27 14:29:42.677  1736  1736 W CompatConfig: Trying to remove overrides for unknown Change ID 483802160. Skipping Change ID.
03-27 14:29:42.677  1736  1736 W CompatConfig: Trying to remove overrides for unknown Change ID 460405642. Skipping Change ID.
03-27 14:29:42.677  1736  1736 W CompatConfig: Trying to remove overrides for unknown Change ID 483802160. Skipping Change ID.
03-27 14:29:42.678  1736  1736 W CompatConfig: Trying to remove overrides for unknown Change ID 460405642. Skipping Change ID.
03-27 14:29:42.678  1736  1736 W CompatConfig: Trying to remove overrides for unknown Change ID 483802160. Skipping Change ID.
03-27 14:29:42.679  1736  1736 W CompatConfig: Trying to remove overrides for unknown Change ID 460405642. Skipping Change ID.
03-27 14:29:42.679  1736  1736 W CompatConfig: Trying to remove overrides for unknown Change ID 483802160. Skipping Change ID.
03-27 14:29:42.680  1736  1736 W CompatConfig: Trying to remove overrides for unknown Change ID 460405642. Skipping Change ID.
03-27 14:29:42.680  1736  1736 W CompatConfig: Trying to remove overrides for unknown Change ID 483802160. Skipping Change ID.
03-27 14:29:42.681  1736  1736 W CompatConfig: Trying to remove overrides for unknown Change ID 460405642. Skipping Change ID.
03-27 14:29:42.681  1736  1736 W CompatConfig: Trying to remove overrides for unknown Change ID 483802160. Skipping Change ID.
03-27 14:29:42.681  1736  1736 W CompatConfig: Trying to remove overrides for unknown Change ID 460405642. Skipping Change ID.
03-27 14:29:42.681  1736  1736 W CompatConfig: Trying to remove overrides for unknown Change ID 483802160. Skipping Change ID.
03-27 14:29:42.682  1736  1736 W CompatConfig: Trying to remove overrides for unknown Change ID 460405642. Skipping Change ID.
03-27 14:29:42.682  1736  1736 W CompatConfig: Trying to remove overrides for unknown Change ID 483802160. Skipping Change ID.
03-27 14:29:42.683  1736  1736 W CompatConfig: Trying to remove overrides for unknown Change ID 460405642. Skipping Change ID.
03-27 14:29:42.683  1736  1736 W CompatConfig: Trying to remove overrides for unknown Change ID 483802160. Skipping Change ID.
03-27 14:29:42.684  1736  1736 W CompatConfig: Trying to remove overrides for unknown Change ID 460405642. Skipping Change ID.
03-27 14:29:42.684  1736  1736 W CompatConfig: Trying to remove overrides for unknown Change ID 483802160. Skipping Change ID.
03-27 14:29:42.684  1736  1736 W CompatConfig: Trying to remove overrides for unknown Change ID 460405642. Skipping Change ID.
03-27 14:29:42.684  1736  1736 W CompatConfig: Trying to remove overrides for unknown Change ID 483802160. Skipping Change ID.
03-27 14:29:42.685  1736  1736 W CompatConfig: Trying to remove overrides for unknown Change ID 460405642. Skipping Change ID.
03-27 14:29:42.685  1736  1736 W CompatConfig: Trying to remove overrides for unknown Change ID 483802160. Skipping Change ID.
03-27 14:29:42.686  1736  1736 W CompatConfig: Trying to remove overrides for unknown Change ID 460405642. Skipping Change ID.
03-27 14:29:42.686  1736  1736 W CompatConfig: Trying to remove overrides for unknown Change ID 483802160. Skipping Change ID.
03-27 14:29:42.687  1736  1736 W CompatConfig: Trying to remove overrides for unknown Change ID 460405642. Skipping Change ID.
03-27 14:29:42.687  1736  1736 W CompatConfig: Trying to remove overrides for unknown Change ID 483802160. Skipping Change ID.
03-27 14:29:42.688  1736  1736 W CompatConfig: Trying to remove overrides for unknown Change ID 460405642. Skipping Change ID.
03-27 14:29:42.688  1736  1736 W CompatConfig: Trying to remove overrides for unknown Change ID 483802160. Skipping Change ID.
03-27 14:29:42.689  1736  1736 W CompatConfig: Trying to remove overrides for unknown Change ID 460405642. Skipping Change ID.
03-27 14:29:42.689  1736  1736 W CompatConfig: Trying to remove overrides for unknown Change ID 483802160. Skipping Change ID.
03-27 14:29:42.689  1736  1736 W CompatConfig: Trying to remove overrides for unknown Change ID 460405642. Skipping Change ID.
03-27 14:29:42.689  1736  1736 W CompatConfig: Trying to remove overrides for unknown Change ID 483802160. Skipping Change ID.
03-27 14:29:42.690  1736  1736 W CompatConfig: Trying to remove overrides for unknown Change ID 460405642. Skipping Change ID.
