03-27 14:29:43.903  3700  8140 I CrossProfileSender: Attempting to bind
03-27 14:29:43.903  3700  8140 I CrossProfileSender: Binding attempt failed: Not trying to bind
03-27 14:29:43.904  3700  8140 I CrossProfileSender: Unbind
03-27 14:29:43.924  3088  3448 I Finsky  : [60] AIM: AppInfoManager-Perf > ItemModel > CacheSize=112, cacheHitCount=112, cacheMissCount=0, total appsWithNoServerDataCount=112. Missed  in cache (limit 10) : []
03-27 14:29:44.430  3088  3088 W Finsky  : [2] STU: Failed to get storage stats for package 'com.proxstore.nafiro' (1601: Error getting stats: android.content.pm.PackageManager.NameNotFoundException)
03-27 14:29:44.431  3088  3088 W Finsky  : [2] STU: Failed to get storage stats for package 'com.google.android.contactkeys' (1601: Error getting stats: android.content.pm.PackageManager.NameNotFoundException)
03-27 14:29:44.431  3088  3088 W Finsky  : [2] STU: Failed to get storage stats for package 'com.google.android.safetycore' (1601: Error getting stats: android.content.pm.PackageManager.NameNotFoundException)
03-27 14:29:44.441  3088  3446 I Finsky  : [58] AIM: AppInfoManager-Perf > getApps > data collection finished
03-27 14:29:44.454  3088  3446 I Finsky  : [58] SCH: jobFinished: 10-101. TimeElapsed: 1432ms.
03-27 14:29:44.454  3088  3446 I Finsky  : [58] WM::SCH: Logging work end for 10-101
03-27 14:29:44.471  3088  3416 I Finsky  : [51] AU2: current managed auto update config: AUTO_UPDATE_POLICY_UNSPECIFIED
03-27 14:29:44.472  3088  3448 I Finsky  : [60] SCH: Scheduling phonesky job Id: 10-4, CT: 1774601702050, Constraints: [{ L: 1200000, D: 86400000, C: CHARGING_NONE, I: IDLE_NONE, N: NET_NONE, B: BATTERY_ANY }]
03-27 14:29:44.473  3088  3448 I Finsky  : [60] SCH: Scheduling phonesky job Id: 10-11, CT: 1774601702058, Constraints: [{ L: 600000, D: 86400000, C: CHARGING_NONE, I: IDLE_NONE, N: NET_NONE, B: BATTERY_ANY }]
03-27 14:29:44.473  3088  3448 I Finsky  : [60] SCH: Scheduling phonesky job Id: 26-1414141414, CT: 1774597153346, Constraints: [{ L: 43200000, D: 44100000, C: CHARGING_NONE, I: IDLE_NONE, N: NET_NONE, B: BATTERY_ANY }]
03-27 14:29:44.473  3088  3416 I Finsky  : [51] AU2: current managed auto update config: AUTO_UPDATE_POLICY_UNSPECIFIED
03-27 14:29:44.482  3088  3433 I Finsky  : [54] SCH: Scheduling 1 system job(s)
03-27 14:29:44.482  3088  3433 W JobInfo : Job 'com.android.vending/com.google.android.finsky.scheduler.process.mainimpl.PhoneskyJobServiceMain#9154' has a deadline with no functional constraints. The deadline won't improve job execution latency. Consider removing the deadline.
03-27 14:29:44.482  3088  3433 I Finsky  : [54] SCH: Scheduling system job Id: 9154, L: 317576, D: 39268864, C: false, I: false, N: 0
03-27 14:29:44.484  1736  3320 W JobInfo : Job 'com.android.vending/com.google.android.finsky.scheduler.process.mainimpl.PhoneskyJobServiceMain#9154' has a deadline with no functional constraints. The deadline won't improve job execution latency. Consider removing the deadline.
03-27 14:29:44.492  3088  8147 I Finsky  : [158] SCH: job service finished with id 9150.
03-27 14:29:44.504  3088  3088 I Finsky  : [2] Memory trim requested to level 40
03-27 14:29:44.504  3088  3088 I Finsky  : [2] Flushing in-memory image cache
03-27 14:29:44.506  7495  7495 I Finsky:quick_launch: [2] Memory trim requested to level 40
03-27 14:29:44.507  4004  4004 I Finsky:background: [2] Memory trim requested to level 40
03-27 14:29:46.512  2812  2972 D PickerSyncController: Attempting to enable cloud media queries.
03-27 14:29:46.512  2812  2972 D PickerSyncLockManager: Trying to acquire lock com.android.providers.media.photopicker.sync.CloseableReentrantLock@9ba88c0[Unlocked]. Lock Name = CLOUD_SYNC_LOCK. Threads that may be waiting to acquire this lock = [] with timeout.
03-27 14:29:46.512  2812  2972 D CloseableReentrantLock: Successfully acquired lock com.android.providers.media.photopicker.sync.CloseableReentrantLock@9ba88c0[Locked by thread com.android.providers.media.internal.modules.utils.BackgroundThread]. Lock Name = CLOUD_SYNC_LOCK. Threads that may be waiting to acquire this lock = []
03-27 14:29:46.513  2812  2972 D PickerSyncLockManager: Trying to acquire lock com.android.providers.media.photopicker.sync.CloseableReentrantLock@409fd4b[Unlocked]. Lock Name = CLOUD_PROVIDER_LOCK. Threads that may be waiting to acquire this lock = [] with timeout.
03-27 14:29:46.513  2812  2972 D CloseableReentrantLock: Successfully acquired lock com.android.providers.media.photopicker.sync.CloseableReentrantLock@409fd4b[Locked by thread com.android.providers.media.internal.modules.utils.BackgroundThread]. Lock Name = CLOUD_PROVIDER_LOCK. Threads that may be waiting to acquire this lock = []
03-27 14:29:46.513  2812  2972 D CloseableReentrantLock: Successfully released lock com.android.providers.media.photopicker.sync.CloseableReentrantLock@409fd4b[Unlocked]. Lock Name = CLOUD_PROVIDER_LOCK. Threads that may be waiting to acquire this lock = []
03-27 14:29:46.513  2812  2972 D PickerSyncLockManager: Trying to acquire lock com.android.providers.media.photopicker.sync.CloseableReentrantLock@409fd4b[Unlocked]. Lock Name = CLOUD_PROVIDER_LOCK. Threads that may be waiting to acquire this lock = [] with timeout.
03-27 14:29:46.513  2812  2972 D CloseableReentrantLock: Successfully acquired lock com.android.providers.media.photopicker.sync.CloseableReentrantLock@409fd4b[Locked by thread com.android.providers.media.internal.modules.utils.BackgroundThread]. Lock Name = CLOUD_PROVIDER_LOCK. Threads that may be waiting to acquire this lock = []
03-27 14:29:46.513  2812  2972 D PickerSyncController: getSyncRequestParams() CLOUD, auth=com.google.android.apps.photos.cloudpicker
03-27 14:29:46.519  1736  3320 D OomAdjuster: Not killing cached processes
03-27 14:29:46.522  1736  3320 D ActivityManager: sync unfroze 4420 com.google.android.apps.photos for 7
03-27 14:29:46.526  1736  2065 D BackgroundInstallControlService: Package event received: 0
03-27 14:29:46.591  4420  4431 W libc    : Access denied finding property "ro.debuggable"
03-27 14:29:46.592  2812  2972 D PickerSyncController:    Latest ID/Gen=null/0
03-27 14:29:46.592  2812  2972 D PickerSyncController:    Cached ID/Gen=null/-1
03-27 14:29:46.592  2812  2972 D CloseableReentrantLock: Successfully released lock com.android.providers.media.photopicker.sync.CloseableReentrantLock@409fd4b[Unlocked]. Lock Name = CLOUD_PROVIDER_LOCK. Threads that may be waiting to acquire this lock = []
03-27 14:29:46.592  2812  2972 D CloseableReentrantLock: Successfully released lock com.android.providers.media.photopicker.sync.CloseableReentrantLock@9ba88c0[Unlocked]. Lock Name = CLOUD_SYNC_LOCK. Threads that may be waiting to acquire this lock = []
03-27 14:29:46.592  2812  2972 D PickerSyncController: Error occurred, remaining retry count: 1
03-27 14:29:46.592  2812  2972 D PickerSyncController: java.lang.IllegalStateException: Unexpected Latest Media Collection Info: ID/Gen=null/0
03-27 14:29:46.592  2812  2972 D PickerSyncController: 	at com.android.providers.media.photopicker.PickerSyncController.getSyncRequestParamsLocked(PickerSyncController.java:1583)
03-27 14:29:46.592  2812  2972 D PickerSyncController: 	at com.android.providers.media.photopicker.PickerSyncController.getSyncRequestParams(PickerSyncController.java:1543)
03-27 14:29:46.592  2812  2972 D PickerSyncController: 	at com.android.providers.media.photopicker.PickerSyncController.maybeEnableCloudMediaQueries(PickerSyncController.java:356)
03-27 14:29:46.592  2812  2972 D PickerSyncController: 	at com.android.providers.media.photopicker.PickerSyncController.lambda$tryEnablingCloudMediaQueries$0(PickerSyncController.java:287)
03-27 14:29:46.592  2812  2972 D PickerSyncController: 	at com.android.providers.media.photopicker.PickerSyncController.$r8$lambda$igHbLHRBgFxI5G0Bp5TN28PcQJ4(PickerSyncController.java:0)
03-27 14:29:46.592  2812  2972 D PickerSyncController: 	at com.android.providers.media.photopicker.PickerSyncController$$ExternalSyntheticLambda1.run(R8$$SyntheticClass:0)
03-27 14:29:46.592  2812  2972 D PickerSyncController: 	at android.os.Handler.handleCallback(Handler.java:1095)
03-27 14:29:46.592  2812  2972 D PickerSyncController: 	at android.os.Handler.dispatchMessageImpl(Handler.java:135)
03-27 14:29:46.592  2812  2972 D PickerSyncController: 	at android.os.Handler.dispatchMessage(Handler.java:125)
03-27 14:29:46.592  2812  2972 D PickerSyncController: 	at android.os.Looper.loopOnce(Looper.java:269)
03-27 14:29:46.592  2812  2972 D PickerSyncController: 	at android.os.Looper.loop(Looper.java:367)
03-27 14:29:46.592  2812  2972 D PickerSyncController: 	at android.os.HandlerThread.run(HandlerThread.java:139)
03-27 14:29:46.592  2812  2972 D PickerSyncController: Schedule enable cloud media query task.
03-27 14:29:46.736  1736  2015 D InetDiagMessage: Destroyed 0 sockets, proto=IPPROTO_TCP, family=AF_INET, states=14
03-27 14:29:46.738  1736  2015 D InetDiagMessage: Destroyed 0 sockets, proto=IPPROTO_TCP, family=AF_INET6, states=14
03-27 14:29:46.738  1736  2015 D InetDiagMessage: Destroyed live tcp sockets for uids={10197} in 7ms
03-27 14:29:46.743  1736  2015 D InetDiagMessage: Destroyed 0 sockets, proto=IPPROTO_TCP, family=AF_INET, states=14
03-27 14:29:46.745  1736  2015 D InetDiagMessage: Destroyed 0 sockets, proto=IPPROTO_TCP, family=AF_INET6, states=14
03-27 14:29:46.745  1736  2015 D InetDiagMessage: Destroyed live tcp sockets for uids={20197} in 6ms
03-27 14:29:47.482  3088  3132 I libbinder.IPCThreadState: oneway function results for code 2 on binder at 0xb400006ef8428050 will be dropped but finished with status UNKNOWN_TRANSACTION
03-27 14:29:47.483  3088  7062 I libbinder.IPCThreadState: oneway function results for code 2 on binder at 0xb400006ef84189f0 will be dropped but finished with status UNKNOWN_TRANSACTION
03-27 14:29:47.499  4004  4004 I Finsky:background: [2] Memory trim requested to level 40
03-27 14:29:47.502  7495  7495 I Finsky:quick_launch: [2] Memory trim requested to level 40
03-27 14:29:47.936  1709  1724 I pixel-thermal: VIRTUAL-SKIN-CHARGE-WLC:40.144 raw data: VIRTUAL-SKIN-CHARGE-WLC:40144 disp_therm:39429 skin_therm2:40929 usb_pwr_therm2:39229 
03-27 14:29:47.937  1709  1724 I pixel-thermal: VIRTUAL-SKIN-CHARGE-WLC power_budget=915.453 err=-1.144 s_power=2000 time_elapsed_ms=7033 p=-915.201 i=0 d=0 dt_per_min=nan compensation=0 budget transient=0 control target=2 excluded power budget=169.346 (PARTIAL_SYSTEM_POWER: 211.68 mW, cdev_weight: 0.800000)
03-27 14:29:47.940  1709  1724 I pixel-thermal: VIRTUAL-SKIN-CPU:38.4908 raw data: VIRTUAL-NEU-QUT-SKIN1-SKIN2-USB-USB2-GNSS-1:38391.6 VIRTUAL-NEU-QUT-SKIN1-SKIN2-USB-USB2-GNSS-4:37996.4 VIRTUAL-QUT-SKIN2-USB-GNSS-3:38183.9 VIRTUAL-QUT-SKIN2-USB-USB2-2:38490.8 VIRTUAL-SKIN:38490.8 VIRTUAL-SKIN-CPU:38490.8 gnss_tcxo_therm:40097 neutral_therm:40209 quiet_therm:39519 skin_therm1:39919 skin_therm2:40929 usb_pwr_therm:38984 usb_pwr_therm2:39229 
03-27 14:29:47.940  1709  1724 I pixel-thermal: VIRTUAL-SKIN-CPU power_budget=1797.97 err=2.50925 s_power=800 time_elapsed_ms=7033 p=1003.7 i=0 d=0 dt_per_min=nan compensation=0 budget transient=0 control target=3 excluded power budget=5.72536 (VSYS_PWR_MODEM: 19.08 mW, cdev_weight: 0.300000)
03-27 14:29:47.941  1709  1724 I pixel-thermal: VIRTUAL-SKIN-CPU binded power rails: (S4M_VDD_CPUCL0: 173.71 mW)(S2M_VDD_CPUCL2: 1.53 mW)(S3M_VDD_CPUCL1: 154.44 mW)
03-27 14:29:47.941  1709  1724 I pixel-thermal: VIRTUAL-SKIN:38.4908 raw data: VIRTUAL-SKIN:38490.8 
03-27 14:29:47.941  1709  1724 I pixel-thermal: VIRTUAL-SKIN-CHARGE:38.4908 raw data: VIRTUAL-SKIN:38490.8 VIRTUAL-SKIN-CHARGE:38490.8 
03-27 14:29:47.941  1709  1724 I pixel-thermal: VIRTUAL-SKIN-CHARGE power_budget=1396.95 err=0.509247 s_power=1200 time_elapsed_ms=7033 p=356.473 i=9.82363 d=0 dt_per_min=nan compensation=0 budget transient=0 control target=2 excluded power budget=169.346 (PARTIAL_SYSTEM_POWER: 211.68 mW, cdev_weight: 0.800000)
03-27 14:29:47.942  1709  1724 I pixel-thermal: VIRTUAL-SKIN-HINT:38.4908 raw data: VIRTUAL-SKIN:38490.8 VIRTUAL-SKIN-HINT:38490.8 
03-27 14:29:47.942  1709  1724 I pixel-thermal: VIRTUAL-SKIN-CPU-GPU:38.4908 raw data: VIRTUAL-SKIN:38490.8 VIRTUAL-SKIN-CPU-GPU:38490.8 
03-27 14:29:47.942  1709  1724 I pixel-thermal: VIRTUAL-SKIN-CPU-GPU power_budget=2731.24 err=6.50925 s_power=800 time_elapsed_ms=7033 p=1952.77 i=-21.5306 d=0 dt_per_min=nan compensation=0 budget transient=0 control target=3 excluded power budget=0
03-27 14:29:47.942  1709  1724 I pixel-thermal: VIRTUAL-SKIN-CPU-GPU binded power rails: (S4M_VDD_CPUCL0: 173.71 mW)(S2M_VDD_CPUCL2: 1.53 mW)(S3M_VDD_CPUCL1: 154.44 mW)(S2S_VDD_G3D: 0.49 mW)
03-27 14:29:47.943  1709  1724 I pixel-thermal: cellular-emergency:38.4908 raw data: VIRTUAL-SKIN:38490.8 cellular-emergency:38490.8 
03-27 14:29:47.943  1709  1724 I pixel-thermal: skin_therm1:39.919 raw data: skin_therm1:39919 
03-27 14:29:47.985  1736  2015 D InetDiagMessage: Destroyed 0 sockets, proto=IPPROTO_TCP, family=AF_INET, states=14
03-27 14:29:47.988  1736  2015 D InetDiagMessage: Destroyed 0 sockets, proto=IPPROTO_TCP, family=AF_INET6, states=14
03-27 14:29:47.988  1736  2015 D InetDiagMessage: Destroyed live tcp sockets for uids={10214} in 6ms
03-27 14:29:47.990  1736  2015 D InetDiagMessage: Destroyed 0 sockets, proto=IPPROTO_TCP, family=AF_INET, states=14
03-27 14:29:47.993  1736  2015 D InetDiagMessage: Destroyed 0 sockets, proto=IPPROTO_TCP, family=AF_INET6, states=14
03-27 14:29:47.993  1736  2015 D InetDiagMessage: Destroyed live tcp sockets for uids={20214} in 5ms
03-27 14:29:52.312  1736  1954 D ActivityManager: freezing 5157 com.google.android.photopicker
03-27 14:29:52.324  1736  2015 D InetDiagMessage: Destroyed 0 sockets, proto=IPPROTO_TCP, family=AF_INET, states=14
03-27 14:29:52.326  1736  2015 D InetDiagMessage: Destroyed 0 sockets, proto=IPPROTO_TCP, family=AF_INET6, states=14
03-27 14:29:52.326  1736  2015 D InetDiagMessage: Destroyed live tcp sockets for uids={10275} in 6ms
03-27 14:29:52.583  1736  1794 D OomAdjuster: Not killing cached processes
03-27 14:29:52.606  1736  1954 D ActivityManager: freezing 3700 com.google.android.googlequicksearchbox:search
03-27 14:29:52.978  1736  1954 D ActivityManager: freezing 6549 com.google.android.calendar
03-27 14:29:52.986  1736  2015 D InetDiagMessage: Destroyed 0 sockets, proto=IPPROTO_TCP, family=AF_INET, states=14
03-27 14:29:52.988  1736  2015 D InetDiagMessage: Destroyed 0 sockets, proto=IPPROTO_TCP, family=AF_INET6, states=14
03-27 14:29:52.989  1736  2015 D InetDiagMessage: Destroyed live tcp sockets for uids={10214} in 5ms
03-27 14:29:53.405  1736  1954 D ActivityManager: freezing 6388 com.google.android.apps.turbo:aab
03-27 14:29:53.410  1736  1954 D ActivityManager: freezing 2564 com.android.settings
03-27 14:29:53.413  1736  1954 D ActivityManager: freezing 3981 com.google.android.apps.turbo
03-27 14:29:53.528  1177  1177 W TracingMuxer: type=1400 audit(0.0:76): avc:  denied  { write } for  name="traced_producer" dev="tmpfs" ino=1270 scontext=u:r:gxp_logging:s0 tcontext=u:object_r:traced_producer_socket:s0 tclass=sock_file permissive=0
03-27 14:29:53.639  1736  2015 D InetDiagMessage: Destroyed 0 sockets, proto=IPPROTO_TCP, family=AF_INET, states=14
03-27 14:29:53.642  1736  2015 D InetDiagMessage: Destroyed 0 sockets, proto=IPPROTO_TCP, family=AF_INET6, states=14
03-27 14:29:53.642  1736  2015 D InetDiagMessage: Destroyed live tcp sockets for uids={10174} in 5ms
03-27 14:29:54.505  1736  1954 D ActivityManager: freezing 3088 com.android.vending
03-27 14:29:54.966  1709  1724 I pixel-thermal: VIRTUAL-SKIN-CHARGE-WLC:40.2988 raw data: VIRTUAL-SKIN-CHARGE-WLC:40298.8 disp_therm:39340 skin_therm2:41296 usb_pwr_therm2:39185 
03-27 14:29:54.966  1709  1724 I pixel-thermal: VIRTUAL-SKIN-CHARGE-WLC power_budget=763.037 err=-1.29881 s_power=2000 time_elapsed_ms=7037 p=-1039.05 i=0 d=-0 dt_per_min=nan compensation=0 budget transient=0 control target=2 excluded power budget=197.916 (PARTIAL_SYSTEM_POWER: 247.39 mW, cdev_weight: 0.800000)
03-27 14:29:54.967  1709  1724 I pixel-thermal: VIRTUAL-SKIN-CPU:38.5149 raw data: VIRTUAL-NEU-QUT-SKIN1-SKIN2-USB-USB2-GNSS-1:38454.8 VIRTUAL-NEU-QUT-SKIN1-SKIN2-USB-USB2-GNSS-4:38023.1 VIRTUAL-QUT-SKIN2-USB-GNSS-3:38371.3 VIRTUAL-QUT-SKIN2-USB-USB2-2:38514.9 VIRTUAL-SKIN:38514.9 VIRTUAL-SKIN-CPU:38514.9 gnss_tcxo_therm:40275 neutral_therm:40387 quiet_therm:39474 skin_therm1:39964 skin_therm2:41296 usb_pwr_therm:38984 usb_pwr_therm2:39185 
03-27 14:29:54.967  1709  1724 I pixel-thermal: VIRTUAL-SKIN-CPU power_budget=1789.22 err=2.48515 s_power=800 time_elapsed_ms=7037 p=994.058 i=0 d=-0 dt_per_min=nan compensation=0 budget transient=0 control target=3 excluded power budget=4.84221 (VSYS_PWR_MODEM: 16.14 mW, cdev_weight: 0.300000)
03-27 14:29:54.967  1709  1724 I pixel-thermal: VIRTUAL-SKIN-CPU binded power rails: (S4M_VDD_CPUCL0: 38.41 mW)(S2M_VDD_CPUCL2: 1.05 mW)(S3M_VDD_CPUCL1: 1.65 mW)
03-27 14:29:54.967  1709  1724 I pixel-thermal: VIRTUAL-SKIN:38.5149 raw data: VIRTUAL-SKIN:38514.9 
03-27 14:29:54.967  1709  1724 I pixel-thermal: VIRTUAL-SKIN-CHARGE:38.5149 raw data: VIRTUAL-SKIN:38514.9 VIRTUAL-SKIN-CHARGE:38514.9 
03-27 14:29:54.967  1709  1724 I pixel-thermal: VIRTUAL-SKIN-CHARGE power_budget=1353.94 err=0.485146 s_power=1200 time_elapsed_ms=7037 p=339.602 i=12.2494 d=-0 dt_per_min=nan compensation=0 budget transient=0 control target=2 excluded power budget=197.916 (PARTIAL_SYSTEM_POWER: 247.39 mW, cdev_weight: 0.800000)
03-27 14:29:54.967  1709  1724 I pixel-thermal: VIRTUAL-SKIN-HINT:38.5149 raw data: VIRTUAL-SKIN:38514.9 VIRTUAL-SKIN-HINT:38514.9 
03-27 14:29:54.967  1709  1724 I pixel-thermal: VIRTUAL-SKIN-CPU-GPU:38.5149 raw data: VIRTUAL-SKIN:38514.9 VIRTUAL-SKIN-CPU-GPU:38514.9 
03-27 14:29:54.967  1709  1724 I pixel-thermal: VIRTUAL-SKIN-CPU-GPU power_budget=2724.01 err=6.48515 s_power=800 time_elapsed_ms=7037 p=1945.54 i=-21.5306 d=-0 dt_per_min=nan compensation=0 budget transient=0 control target=3 excluded power budget=0
03-27 14:29:54.967  1709  1724 I pixel-thermal: VIRTUAL-SKIN-CPU-GPU binded power rails: (S4M_VDD_CPUCL0: 38.41 mW)(S2M_VDD_CPUCL2: 1.05 mW)(S3M_VDD_CPUCL1: 1.65 mW)(S2S_VDD_G3D: 0.05 mW)
03-27 14:29:54.967  1709  1724 I pixel-thermal: cellular-emergency:38.5149 raw data: VIRTUAL-SKIN:38514.9 cellular-emergency:38514.9 
03-27 14:29:54.967  1709  1724 I pixel-thermal: skin_therm1:39.964 raw data: skin_therm1:39964 
03-27 14:29:57.504  1736  1954 D ActivityManager: freezing 4004 com.android.vending:background
03-27 14:29:57.511  1736  1954 D ActivityManager: freezing 7495 com.android.vending:quick_launch
03-27 14:29:57.604  1736  2015 D InetDiagMessage: Destroyed 0 sockets, proto=IPPROTO_TCP, family=AF_INET, states=14
03-27 14:29:57.606  1736  2015 D InetDiagMessage: Destroyed 0 sockets, proto=IPPROTO_TCP, family=AF_INET6, states=14
03-27 14:29:57.606  1736  2015 D InetDiagMessage: Destroyed live tcp sockets for uids={10122} in 4ms
03-27 14:29:57.619  1736  2015 D InetDiagMessage: Destroyed 0 sockets, proto=IPPROTO_TCP, family=AF_INET, states=14
03-27 14:29:57.620  1736  2015 D InetDiagMessage: Destroyed 0 sockets, proto=IPPROTO_TCP, family=AF_INET6, states=14
03-27 14:29:57.620  1736  2015 D InetDiagMessage: Destroyed live tcp sockets for uids={10194} in 2ms
03-27 14:29:57.621  1736  2015 D InetDiagMessage: Destroyed 0 sockets, proto=IPPROTO_TCP, family=AF_INET, states=14
03-27 14:29:57.626  1736  2015 D InetDiagMessage: Destroyed 0 sockets, proto=IPPROTO_TCP, family=AF_INET6, states=14
03-27 14:29:57.626  1736  2015 D InetDiagMessage: Destroyed live tcp sockets for uids={20194} in 6ms
03-27 14:29:57.871  1736  1761 D OomAdjuster: Not killing cached processes
03-27 14:29:57.876  2791  2791 D BoundBrokerSvc: onUnbind: Intent { act=com.google.android.gms.auth.aang.events.services.START dat=chimera-action:/... xflg=0x4 cmp=com.google.android.gms/.chimera.PersistentApiService }
03-27 14:29:57.918  3199  3199 D BoundBrokerSvc: onUnbind: Intent { act=com.google.android.gms.feedback.internal.IFeedbackService dat=chimera-action:/... xflg=0x4 cmp=com.google.android.gms/.chimera.GmsBoundBrokerService }
03-27 14:30:00.683  1736  1939 D ActivityManager: sync unfroze 3470 com.google.android.carrier for 6
03-27 14:30:00.703  2791  3881 W DeviceStateUtils: Active network is null
03-27 14:30:00.703  2791  3881 W DeviceStateUtils: Active network is null
03-27 14:30:00.705  1736  1761 W ProcessStats: Tracking association SourceState{b4c6198 system/1000 ImpBg #3225} whose proc state 6 is better than process ProcessState{ed6f0f1 com.google.android.carrier/10176 pkg=com.google.android.carrier} proc state 14 (5 skipped)
03-27 14:30:00.705  2791  3881 W DeviceStateUtils: Active network is null
03-27 14:30:00.706  2791  3881 W DeviceStateUtils: Active network is null
03-27 14:30:00.707  2791  3881 W DeviceStateUtils: Active network is null
03-27 14:30:00.753  3627  4343 D ConnectivityEventWriter: Event filtered: PARIS_EVENT
03-27 14:30:00.772  2791  8050 I NetworkScheduler.Stats: (REDACTED) Task %s/%s started execution. cause:%s exec_start_elapsed_seconds: %s
03-27 14:30:00.782  2791  8051 I NetworkScheduler.Stats: (REDACTED) Task %s/%s finished executing. cause:%s result: %s elapsed_millis: %s uptime_millis: %s exec_start_elapsed_seconds: %s
03-27 14:30:00.799  2791  3881 W DeviceStateUtils: Active network is null
03-27 14:30:00.799  2791  3881 W DeviceStateUtils: Active network is null
03-27 14:30:00.799  2791  3881 W DeviceStateUtils: Active network is null
03-27 14:30:00.801  2791  3881 W DeviceStateUtils: Active network is null
03-27 14:30:00.801  2791  3881 W DeviceStateUtils: Active network is null
03-27 14:30:01.991  1709  1724 I pixel-thermal: VIRTUAL-SKIN-CHARGE-WLC:40.2406 raw data: VIRTUAL-SKIN-CHARGE-WLC:40240.6 disp_therm:39340 skin_therm2:41204 usb_pwr_therm2:39140 
03-27 14:30:01.991  1709  1724 I pixel-thermal: VIRTUAL-SKIN-CHARGE-WLC power_budget=809.57 err=-1.24064 s_power=2000 time_elapsed_ms=7024 p=-992.514 i=0 d=0 dt_per_min=nan compensation=0 budget transient=0 control target=2 excluded power budget=197.916 (PARTIAL_SYSTEM_POWER: 247.39 mW, cdev_weight: 0.800000)
03-27 14:30:01.993  1709  1724 I pixel-thermal: VIRTUAL-SKIN-CPU:38.4697 raw data: VIRTUAL-NEU-QUT-SKIN1-SKIN2-USB-USB2-GNSS-1:38390 VIRTUAL-NEU-QUT-SKIN1-SKIN2-USB-USB2-GNSS-4:37954 VIRTUAL-QUT-SKIN2-USB-GNSS-3:38310.5 VIRTUAL-QUT-SKIN2-USB-USB2-2:38469.7 VIRTUAL-SKIN:38469.7 VIRTUAL-SKIN-CPU:38469.7 gnss_tcxo_therm:40209 neutral_therm:40275 quiet_therm:39452 skin_therm1:39897 skin_therm2:41204 usb_pwr_therm:38962 usb_pwr_therm2:39140 
03-27 14:30:01.993  1709  1724 I pixel-thermal: VIRTUAL-SKIN-CPU power_budget=1806.97 err=2.5303 s_power=800 time_elapsed_ms=7024 p=1012.12 i=0 d=0 dt_per_min=nan compensation=0 budget transient=0 control target=3 excluded power budget=5.15186 (VSYS_PWR_MODEM: 17.17 mW, cdev_weight: 0.300000)
03-27 14:30:01.993  1709  1724 I pixel-thermal: VIRTUAL-SKIN-CPU binded power rails: (S4M_VDD_CPUCL0: 32.23 mW)(S2M_VDD_CPUCL2: 1.88 mW)(S3M_VDD_CPUCL1: 4.51 mW)
03-27 14:30:01.994  1709  1724 I pixel-thermal: VIRTUAL-SKIN:38.4697 raw data: VIRTUAL-SKIN:38469.7 
03-27 14:30:01.994  1709  1724 I pixel-thermal: VIRTUAL-SKIN-CHARGE:38.4697 raw data: VIRTUAL-SKIN:38469.7 VIRTUAL-SKIN-CHARGE:38469.7 
03-27 14:30:01.994  1709  1724 I pixel-thermal: VIRTUAL-SKIN-CHARGE power_budget=1388.19 err=0.530296 s_power=1200 time_elapsed_ms=7024 p=371.207 i=14.9008 d=0 dt_per_min=nan compensation=0 budget transient=0 control target=2 excluded power budget=197.916 (PARTIAL_SYSTEM_POWER: 247.39 mW, cdev_weight: 0.800000)
03-27 14:30:01.994  1709  1724 I pixel-thermal: VIRTUAL-SKIN-HINT:38.4697 raw data: VIRTUAL-SKIN:38469.7 VIRTUAL-SKIN-HINT:38469.7 
03-27 14:30:01.994  1709  1724 I pixel-thermal: VIRTUAL-SKIN-CPU-GPU:38.4697 raw data: VIRTUAL-SKIN:38469.7 VIRTUAL-SKIN-CPU-GPU:38469.7 
03-27 14:30:01.994  1709  1724 I pixel-thermal: VIRTUAL-SKIN-CPU-GPU power_budget=2737.56 err=6.5303 s_power=800 time_elapsed_ms=7024 p=1959.09 i=-21.5306 d=0 dt_per_min=nan compensation=0 budget transient=0 control target=3 excluded power budget=0
03-27 14:30:01.994  1709  1724 I pixel-thermal: VIRTUAL-SKIN-CPU-GPU binded power rails: (S4M_VDD_CPUCL0: 32.23 mW)(S2M_VDD_CPUCL2: 1.88 mW)(S3M_VDD_CPUCL1: 4.51 mW)(S2S_VDD_G3D: 0.49 mW)
03-27 14:30:01.995  1709  1724 I pixel-thermal: cellular-emergency:38.4697 raw data: VIRTUAL-SKIN:38469.7 cellular-emergency:38469.7 
03-27 14:30:01.995  1709  1724 I pixel-thermal: skin_therm1:39.897 raw data: skin_therm1:39897 
03-27 14:30:07.720  1736  2705 D OomAdjuster: Not killing cached processes
03-27 14:30:07.970  1736  1954 D ActivityManager: freezing 3199 com.google.android.gms
03-27 14:30:09.022  1709  1724 I pixel-thermal: VIRTUAL-SKIN-CHARGE-WLC:40.1832 raw data: VIRTUAL-SKIN-CHARGE-WLC:40183.2 disp_therm:39296 skin_therm2:41090 usb_pwr_therm2:39185 
03-27 14:30:09.023  1709  1724 I pixel-thermal: VIRTUAL-SKIN-CHARGE-WLC power_budget=852.795 err=-1.18319 s_power=2000 time_elapsed_ms=7026 p=-946.555 i=0 d=0 dt_per_min=nan compensation=0 budget transient=0 control target=2 excluded power budget=200.65 (PARTIAL_SYSTEM_POWER: 250.81 mW, cdev_weight: 0.800000)
03-27 14:30:09.027  1709  1724 I pixel-thermal: VIRTUAL-SKIN-CPU:38.464 raw data: VIRTUAL-NEU-QUT-SKIN1-SKIN2-USB-USB2-GNSS-1:38342.9 VIRTUAL-NEU-QUT-SKIN1-SKIN2-USB-USB2-GNSS-4:37911.1 VIRTUAL-QUT-SKIN2-USB-GNSS-3:38228.4 VIRTUAL-QUT-SKIN2-USB-USB2-2:38464 VIRTUAL-SKIN:38464 VIRTUAL-SKIN-CPU:38464 gnss_tcxo_therm:40120 neutral_therm:40209 quiet_therm:39385 skin_therm1:39852 skin_therm2:41090 usb_pwr_therm:38940 usb_pwr_therm2:39185 
03-27 14:30:09.028  1709  1724 I pixel-thermal: VIRTUAL-SKIN-CPU power_budget=1808.58 err=2.536 s_power=800 time_elapsed_ms=7026 p=1014.4 i=0 d=0 dt_per_min=nan compensation=0 budget transient=0 control target=3 excluded power budget=5.81919 (VSYS_PWR_MODEM: 19.40 mW, cdev_weight: 0.300000)
03-27 14:30:09.028  1709  1724 I pixel-thermal: VIRTUAL-SKIN-CPU binded power rails: (S4M_VDD_CPUCL0: 14.81 mW)(S2M_VDD_CPUCL2: 0.55 mW)(S3M_VDD_CPUCL1: 0.20 mW)
03-27 14:30:09.028  1709  1724 I pixel-thermal: VIRTUAL-SKIN:38.464 raw data: VIRTUAL-SKIN:38464 
03-27 14:30:09.029  1709  1724 I pixel-thermal: VIRTUAL-SKIN-CHARGE:38.464 raw data: VIRTUAL-SKIN:38464 VIRTUAL-SKIN-CHARGE:38464 
03-27 14:30:09.029  1709  1724 I pixel-thermal: VIRTUAL-SKIN-CHARGE power_budget=1392.13 err=0.535999 s_power=1200 time_elapsed_ms=7026 p=375.2 i=17.5808 d=0 dt_per_min=nan compensation=0 budget transient=0 control target=2 excluded power budget=200.65 (PARTIAL_SYSTEM_POWER: 250.81 mW, cdev_weight: 0.800000)
03-27 14:30:09.029  1709  1724 I pixel-thermal: VIRTUAL-SKIN-HINT:38.464 raw data: VIRTUAL-SKIN:38464 VIRTUAL-SKIN-HINT:38464 
03-27 14:30:09.029  1709  1724 I pixel-thermal: VIRTUAL-SKIN-CPU-GPU:38.464 raw data: VIRTUAL-SKIN:38464 VIRTUAL-SKIN-CPU-GPU:38464 
03-27 14:30:09.030  1709  1724 I pixel-thermal: VIRTUAL-SKIN-CPU-GPU power_budget=2739.27 err=6.536 s_power=800 time_elapsed_ms=7026 p=1960.8 i=-21.5306 d=0 dt_per_min=nan compensation=0 budget transient=0 control target=3 excluded power budget=0
03-27 14:30:09.030  1709  1724 I pixel-thermal: VIRTUAL-SKIN-CPU-GPU binded power rails: (S4M_VDD_CPUCL0: 14.81 mW)(S2M_VDD_CPUCL2: 0.55 mW)(S3M_VDD_CPUCL1: 0.20 mW)(S2S_VDD_G3D: 0.05 mW)
03-27 14:30:09.030  1709  1724 I pixel-thermal: cellular-emergency:38.464 raw data: VIRTUAL-SKIN:38464 cellular-emergency:38464 
03-27 14:30:09.030  1709  1724 I pixel-thermal: skin_therm1:39.852 raw data: skin_therm1:39852 
03-27 14:30:10.768  1736  1954 D ActivityManager: freezing 3470 com.google.android.carrier
03-27 14:30:10.776  1736  2015 D InetDiagMessage: Destroyed 0 sockets, proto=IPPROTO_TCP, family=AF_INET, states=14
03-27 14:30:10.781  1736  2015 D InetDiagMessage: Destroyed 0 sockets, proto=IPPROTO_TCP, family=AF_INET6, states=14
03-27 14:30:10.782  1736  2015 D InetDiagMessage: Destroyed live tcp sockets for uids={10176} in 8ms
03-27 14:30:16.061  1709  1724 I pixel-thermal: VIRTUAL-SKIN-CHARGE-WLC:40.1013 raw data: VIRTUAL-SKIN-CHARGE-WLC:40101.3 disp_therm:39318 skin_therm2:40952 usb_pwr_therm2:39118 
03-27 14:30:16.061  1709  1724 I pixel-thermal: VIRTUAL-SKIN-CHARGE-WLC power_budget=918.277 err=-1.10134 s_power=2000 time_elapsed_ms=7035 p=-881.073 i=0 d=0 dt_per_min=nan compensation=0 budget transient=0 control target=2 excluded power budget=200.65 (PARTIAL_SYSTEM_POWER: 250.81 mW, cdev_weight: 0.800000)
03-27 14:30:16.065  1709  1724 I pixel-thermal: VIRTUAL-SKIN-CPU:38.393 raw data: VIRTUAL-NEU-QUT-SKIN1-SKIN2-USB-USB2-GNSS-1:38271.8 VIRTUAL-NEU-QUT-SKIN1-SKIN2-USB-USB2-GNSS-4:37850.2 VIRTUAL-QUT-SKIN2-USB-GNSS-3:38134.1 VIRTUAL-QUT-SKIN2-USB-USB2-2:38393 VIRTUAL-SKIN:38393 VIRTUAL-SKIN-CPU:38393 gnss_tcxo_therm:40030 neutral_therm:40097 quiet_therm:39340 skin_therm1:39786 skin_therm2:40952 usb_pwr_therm:38895 usb_pwr_therm2:39118 
03-27 14:30:16.066  1709  1724 I pixel-thermal: VIRTUAL-SKIN-CPU power_budget=1837.19 err=2.60704 s_power=800 time_elapsed_ms=7035 p=1042.82 i=0 d=0 dt_per_min=nan compensation=0 budget transient=0 control target=3 excluded power budget=5.62627 (VSYS_PWR_MODEM: 18.75 mW, cdev_weight: 0.300000)
03-27 14:30:16.066  1709  1724 I pixel-thermal: VIRTUAL-SKIN-CPU binded power rails: (S4M_VDD_CPUCL0: 12.22 mW)(S2M_VDD_CPUCL2: 0.37 mW)(S3M_VDD_CPUCL1: 0.07 mW)
03-27 14:30:16.066  1709  1724 I pixel-thermal: VIRTUAL-SKIN:38.393 raw data: VIRTUAL-SKIN:38393 
03-27 14:30:16.067  1709  1724 I pixel-thermal: VIRTUAL-SKIN-CHARGE:38.393 raw data: VIRTUAL-SKIN:38393 VIRTUAL-SKIN-CHARGE:38393 
03-27 14:30:16.067  1709  1724 I pixel-thermal: VIRTUAL-SKIN-CHARGE power_budget=1444.9 err=0.607044 s_power=1200 time_elapsed_ms=7035 p=424.931 i=20.6161 d=0 dt_per_min=nan compensation=0 budget transient=0 control target=2 excluded power budget=200.65 (PARTIAL_SYSTEM_POWER: 250.81 mW, cdev_weight: 0.800000)
03-27 14:30:16.067  1709  1724 I pixel-thermal: VIRTUAL-SKIN-HINT:38.393 raw data: VIRTUAL-SKIN:38393 VIRTUAL-SKIN-HINT:38393 
03-27 14:30:16.068  1709  1724 I pixel-thermal: VIRTUAL-SKIN-CPU-GPU:38.393 raw data: VIRTUAL-SKIN:38393 VIRTUAL-SKIN-CPU-GPU:38393 
03-27 14:30:16.068  1709  1724 I pixel-thermal: VIRTUAL-SKIN-CPU-GPU power_budget=2760.58 err=6.60704 s_power=800 time_elapsed_ms=7035 p=1982.11 i=-21.5306 d=0 dt_per_min=nan compensation=0 budget transient=0 control target=3 excluded power budget=0
03-27 14:30:16.068  1709  1724 I pixel-thermal: VIRTUAL-SKIN-CPU-GPU binded power rails: (S4M_VDD_CPUCL0: 12.22 mW)(S2M_VDD_CPUCL2: 0.37 mW)(S3M_VDD_CPUCL1: 0.07 mW)(S2S_VDD_G3D: 0.04 mW)
03-27 14:30:16.069  1709  1724 I pixel-thermal: cellular-emergency:38.393 raw data: VIRTUAL-SKIN:38393 cellular-emergency:38393 
03-27 14:30:16.069  1709  1724 I pixel-thermal: skin_therm1:39.786 raw data: skin_therm1:39786 
03-27 14:30:16.070  1709  1724 I pixel-thermal: Successfully update cdev fcc sysfs to 8
03-27 14:30:22.668  1736  1954 D ActivityManager: freezing 4420 com.google.android.apps.photos
03-27 14:30:22.681  1736  2015 D InetDiagMessage: Destroyed 0 sockets, proto=IPPROTO_TCP, family=AF_INET, states=14
03-27 14:30:22.686  1736  2015 D InetDiagMessage: Destroyed 0 sockets, proto=IPPROTO_TCP, family=AF_INET6, states=14
03-27 14:30:22.686  1736  2015 D InetDiagMessage: Destroyed live tcp sockets for uids={10194} in 9ms
03-27 14:30:23.092  1709  1724 I pixel-thermal: VIRTUAL-SKIN-CHARGE-WLC:40.0384 raw data: VIRTUAL-SKIN-CHARGE-WLC:40038.4 disp_therm:39296 skin_therm2:40861 usb_pwr_therm2:39073 
03-27 14:30:23.093  1709  1724 I pixel-thermal: VIRTUAL-SKIN-CHARGE-WLC power_budget=968.656 err=-1.0384 s_power=2000 time_elapsed_ms=7040 p=-830.719 i=0 d=0 dt_per_min=nan compensation=0 budget transient=0 control target=2 excluded power budget=200.625 (PARTIAL_SYSTEM_POWER: 250.78 mW, cdev_weight: 0.800000)
03-27 14:30:23.097  1709  1724 I pixel-thermal: VIRTUAL-SKIN-CPU:38.3412 raw data: VIRTUAL-NEU-QUT-SKIN1-SKIN2-USB-USB2-GNSS-1:38234.4 VIRTUAL-NEU-QUT-SKIN1-SKIN2-USB-USB2-GNSS-4:37841.6 VIRTUAL-QUT-SKIN2-USB-GNSS-3:38052.7 VIRTUAL-QUT-SKIN2-USB-USB2-2:38341.2 VIRTUAL-SKIN:38341.2 VIRTUAL-SKIN-CPU:38341.2 gnss_tcxo_therm:39897 neutral_therm:40030 quiet_therm:39318 skin_therm1:39763 skin_therm2:40861 usb_pwr_therm:38828 usb_pwr_therm2:39073 
03-27 14:30:23.098  1709  1724 I pixel-thermal: VIRTUAL-SKIN-CPU power_budget=1857.63 err=2.65879 s_power=800 time_elapsed_ms=7040 p=1063.52 i=0 d=0 dt_per_min=nan compensation=0 budget transient=0 control target=3 excluded power budget=5.88822 (VSYS_PWR_MODEM: 19.63 mW, cdev_weight: 0.300000)
03-27 14:30:23.098  1709  1724 I pixel-thermal: VIRTUAL-SKIN-CPU binded power rails: (S4M_VDD_CPUCL0: 13.10 mW)(S2M_VDD_CPUCL2: 0.34 mW)(S3M_VDD_CPUCL1: 0.73 mW)
03-27 14:30:23.098  1709  1724 I pixel-thermal: VIRTUAL-SKIN:38.3412 raw data: VIRTUAL-SKIN:38341.2 
03-27 14:30:23.098  1709  1724 I pixel-thermal: VIRTUAL-SKIN-CHARGE:38.3412 raw data: VIRTUAL-SKIN:38341.2 VIRTUAL-SKIN-CHARGE:38341.2 
03-27 14:30:23.098  1709  1724 I pixel-thermal: VIRTUAL-SKIN-CHARGE power_budget=1484.44 err=0.658794 s_power=1200 time_elapsed_ms=7040 p=461.156 i=23.91 d=0 dt_per_min=nan compensation=0 budget transient=0 control target=2 excluded power budget=200.625 (PARTIAL_SYSTEM_POWER: 250.78 mW, cdev_weight: 0.800000)
03-27 14:30:23.099  1709  1724 I pixel-thermal: VIRTUAL-SKIN-HINT:38.3412 raw data: VIRTUAL-SKIN:38341.2 VIRTUAL-SKIN-HINT:38341.2 
03-27 14:30:23.099  1709  1724 I pixel-thermal: VIRTUAL-SKIN-CPU-GPU:38.3412 raw data: VIRTUAL-SKIN:38341.2 VIRTUAL-SKIN-CPU-GPU:38341.2 
03-27 14:30:23.099  1709  1724 I pixel-thermal: VIRTUAL-SKIN-CPU-GPU power_budget=2776.11 err=6.65879 s_power=800 time_elapsed_ms=7040 p=1997.64 i=-21.5306 d=0 dt_per_min=nan compensation=0 budget transient=0 control target=3 excluded power budget=0
03-27 14:30:23.099  1709  1724 I pixel-thermal: VIRTUAL-SKIN-CPU-GPU binded power rails: (S4M_VDD_CPUCL0: 13.10 mW)(S2M_VDD_CPUCL2: 0.34 mW)(S3M_VDD_CPUCL1: 0.73 mW)(S2S_VDD_G3D: 0.04 mW)
03-27 14:30:23.099  1709  1724 I pixel-thermal: cellular-emergency:38.3412 raw data: VIRTUAL-SKIN:38341.2 cellular-emergency:38341.2 
03-27 14:30:23.099  1709  1724 I pixel-thermal: skin_therm1:39.763 raw data: skin_therm1:39763 
03-27 14:30:23.564  1177  1177 W TracingMuxer: type=1400 audit(0.0:77): avc:  denied  { write } for  name="traced_producer" dev="tmpfs" ino=1270 scontext=u:r:gxp_logging:s0 tcontext=u:object_r:traced_producer_socket:s0 tclass=sock_file permissive=0
03-27 14:30:29.797  1709  1724 I pixel-thermal: VIRTUAL-USB-UI:0 raw data: USB-MINUS-SKIN2:-1941 VIRTUAL-USB-UI:0 skin_therm2:40792 usb_pwr_therm:38851 
03-27 14:30:29.798  1709  1724 I pixel-thermal: VIRTUAL-USB-THROTTLING:0 raw data: USB-MINUS-SKIN2:-1941 VIRTUAL-USB-THROTTLING:0 usb_pwr_therm:38851 
03-27 14:30:29.798  1709  1724 I pixel-thermal: usb_pwr_therm:38.851 raw data: usb_pwr_therm:38851 
03-27 14:30:29.799  1709  1724 I pixel-thermal: Power rails total power: 457.07 mW for 60033 ms
03-27 14:30:29.799  1709  1724 I pixel-thermal: Power rails [S6M_LLDO1: 28.17 mW] [L7S_SENSORS: 3.21 mW] [S10M_VDD_TPU: 0.00 mW] [S6S_LLDO2: 15.00 mW] [S8M_LLDO2: 35.43 mW] [S5M_VDD_INT: 7.24 mW] 
03-27 14:30:29.799  1709  1724 I pixel-thermal: Power rails [S3M_VDD_CPUCL1: 19.04 mW] [VSYS_PWR_CAM: 3.69 mW] [S2M_VDD_CPUCL2: 0.77 mW] [S1M_VDD_MIF: 20.47 mW] [S4M_VDD_CPUCL0: 37.21 mW] [VSYS_PWR_WLAN_BT: 7.05 mW] 
03-27 14:30:29.799  1709  1724 I pixel-thermal: Power rails [VSYS_PWR_RFFE: 2.17 mW] [VSYS_PWR_MODEM: 18.36 mW] [VSYS_PWR_MMWAVE: 2.10 mW] [S7S_MLDO: 47.82 mW] [S8S_VDD_G3D_L2: 0.02 mW] [S5S_VDDQ_MEM: 2.47 mW] 
03-27 14:30:29.799  1709  1724 I pixel-thermal: Power rails [S1S_VDD_CAM: 11.21 mW] [S2S_VDD_G3D: 0.15 mW] [S9S_VDD_AOC: 7.08 mW] [S4S_VDD2H_MEM: 27.37 mW] [L15M_VDD_SLC_M: 12.76 mW] [VSYS_PWR_DISPLAY: 148.26 mW] 
03-27 14:30:29.799  1709  1724 I pixel-thermal: CDEV log dc_icl state:8 gxp-cooling state:0 tpu_cooling state:2 usbc-port state:0 thermal-cpufreq-1 state:0 fcc state:8 thermal-gpufreq-0 state:0 thermal-cpufreq-2 state:0 thermal-cpufreq-0 state:0 
03-27 14:30:30.115  1709  1724 I pixel-thermal: VIRTUAL-SKIN-CHARGE-WLC:39.9816 raw data: VIRTUAL-SKIN-CHARGE-WLC:39981.6 disp_therm:39229 skin_therm2:40792 usb_pwr_therm2:39051 
03-27 14:30:30.116  1709  1724 I pixel-thermal: VIRTUAL-SKIN-CHARGE-WLC power_budget=1014.07 err=-0.981632 s_power=2000 time_elapsed_ms=7021 p=-785.306 i=0 d=0 dt_per_min=nan compensation=0 budget transient=0 control target=2 excluded power budget=200.625 (PARTIAL_SYSTEM_POWER: 250.78 mW, cdev_weight: 0.800000)
03-27 14:30:30.118  1709  1724 I pixel-thermal: VIRTUAL-SKIN-CPU:38.3122 raw data: VIRTUAL-NEU-QUT-SKIN1-SKIN2-USB-USB2-GNSS-1:38178.2 VIRTUAL-NEU-QUT-SKIN1-SKIN2-USB-USB2-GNSS-4:37765.8 VIRTUAL-QUT-SKIN2-USB-GNSS-3:38015.5 VIRTUAL-QUT-SKIN2-USB-USB2-2:38312.2 VIRTUAL-SKIN:38312.2 VIRTUAL-SKIN-CPU:38312.2 gnss_tcxo_therm:39897 neutral_therm:39964 quiet_therm:39251 skin_therm1:39697 skin_therm2:40792 usb_pwr_therm:38851 usb_pwr_therm2:39051 
03-27 14:30:30.118  1709  1724 I pixel-thermal: VIRTUAL-SKIN-CPU power_budget=1869.54 err=2.68785 s_power=800 time_elapsed_ms=7021 p=1075.14 i=0 d=0 dt_per_min=nan compensation=0 budget transient=0 control target=3 excluded power budget=5.59578 (VSYS_PWR_MODEM: 18.65 mW, cdev_weight: 0.300000)
03-27 14:30:30.118  1709  1724 I pixel-thermal: VIRTUAL-SKIN-CPU binded power rails: (S4M_VDD_CPUCL0: 12.14 mW)(S2M_VDD_CPUCL2: 0.24 mW)(S3M_VDD_CPUCL1: 0.55 mW)
03-27 14:30:30.118  1709  1724 I pixel-thermal: VIRTUAL-SKIN:38.3122 raw data: VIRTUAL-SKIN:38312.2 
03-27 14:30:30.118  1709  1724 I pixel-thermal: VIRTUAL-SKIN-CHARGE:38.3122 raw data: VIRTUAL-SKIN:38312.2 VIRTUAL-SKIN-CHARGE:38312.2 
03-27 14:30:30.118  1709  1724 I pixel-thermal: VIRTUAL-SKIN-CHARGE power_budget=1508.22 err=0.687847 s_power=1200 time_elapsed_ms=7021 p=481.493 i=27.3493 d=0 dt_per_min=nan compensation=0 budget transient=0 control target=2 excluded power budget=200.625 (PARTIAL_SYSTEM_POWER: 250.78 mW, cdev_weight: 0.800000)
03-27 14:30:30.119  1709  1724 I pixel-thermal: VIRTUAL-SKIN-HINT:38.3122 raw data: VIRTUAL-SKIN:38312.2 VIRTUAL-SKIN-HINT:38312.2 
03-27 14:30:30.119  1709  1724 I pixel-thermal: VIRTUAL-SKIN-CPU-GPU:38.3122 raw data: VIRTUAL-SKIN:38312.2 VIRTUAL-SKIN-CPU-GPU:38312.2 
03-27 14:30:30.119  1709  1724 I pixel-thermal: VIRTUAL-SKIN-CPU-GPU power_budget=2784.82 err=6.68785 s_power=800 time_elapsed_ms=7021 p=2006.35 i=-21.5306 d=0 dt_per_min=nan compensation=0 budget transient=0 control target=3 excluded power budget=0
03-27 14:30:30.119  1709  1724 I pixel-thermal: VIRTUAL-SKIN-CPU-GPU binded power rails: (S4M_VDD_CPUCL0: 12.14 mW)(S2M_VDD_CPUCL2: 0.24 mW)(S3M_VDD_CPUCL1: 0.55 mW)(S2S_VDD_G3D: 0.04 mW)
03-27 14:30:30.119  1709  1724 I pixel-thermal: cellular-emergency:38.3122 raw data: VIRTUAL-SKIN:38312.2 cellular-emergency:38312.2 
03-27 14:30:30.119  1709  1724 I pixel-thermal: skin_therm1:39.697 raw data: skin_therm1:39697 
03-27 14:30:37.141  1709  1724 I pixel-thermal: VIRTUAL-SKIN-CHARGE-WLC:39.9127 raw data: VIRTUAL-SKIN-CHARGE-WLC:39912.7 disp_therm:39207 skin_therm2:40700 usb_pwr_therm2:38984 
03-27 14:30:37.141  1709  1724 I pixel-thermal: VIRTUAL-SKIN-CHARGE-WLC power_budget=1069.21 err=-0.912682 s_power=2000 time_elapsed_ms=7027 p=-730.145 i=0 d=0 dt_per_min=nan compensation=0 budget transient=0 control target=2 excluded power budget=200.645 (PARTIAL_SYSTEM_POWER: 250.81 mW, cdev_weight: 0.800000)
03-27 14:30:37.144  1709  1724 I pixel-thermal: VIRTUAL-SKIN-CPU:38.2548 raw data: VIRTUAL-NEU-QUT-SKIN1-SKIN2-USB-USB2-GNSS-1:38133.1 VIRTUAL-NEU-QUT-SKIN1-SKIN2-USB-USB2-GNSS-4:37720.8 VIRTUAL-QUT-SKIN2-USB-GNSS-3:37953.2 VIRTUAL-QUT-SKIN2-USB-USB2-2:38254.8 VIRTUAL-SKIN:38254.8 VIRTUAL-SKIN-CPU:38254.8 gnss_tcxo_therm:39830 neutral_therm:39964 quiet_therm:39251 skin_therm1:39652 skin_therm2:40700 usb_pwr_therm:38806 usb_pwr_therm2:38984 
03-27 14:30:37.145  1709  1724 I pixel-thermal: VIRTUAL-SKIN-CPU power_budget=1892.25 err=2.74525 s_power=800 time_elapsed_ms=7027 p=1098.1 i=0 d=0 dt_per_min=nan compensation=0 budget transient=0 control target=3 excluded power budget=5.84633 (VSYS_PWR_MODEM: 19.49 mW, cdev_weight: 0.300000)
03-27 14:30:37.145  1709  1724 I pixel-thermal: VIRTUAL-SKIN-CPU binded power rails: (S4M_VDD_CPUCL0: 12.10 mW)(S2M_VDD_CPUCL2: 0.55 mW)(S3M_VDD_CPUCL1: 0.03 mW)
03-27 14:30:37.146  1709  1724 I pixel-thermal: VIRTUAL-SKIN:38.2548 raw data: VIRTUAL-SKIN:38254.8 
03-27 14:30:37.146  1709  1724 I pixel-thermal: VIRTUAL-SKIN-CHARGE:38.2548 raw data: VIRTUAL-SKIN:38254.8 VIRTUAL-SKIN-CHARGE:38254.8 
03-27 14:30:37.146  1709  1724 I pixel-thermal: VIRTUAL-SKIN-CHARGE power_budget=1552.1 err=0.745247 s_power=1200 time_elapsed_ms=7027 p=521.673 i=31.0755 d=0 dt_per_min=nan compensation=0 budget transient=0 control target=2 excluded power budget=200.645 (PARTIAL_SYSTEM_POWER: 250.81 mW, cdev_weight: 0.800000)
03-27 14:30:37.146  1709  1724 I pixel-thermal: VIRTUAL-SKIN-HINT:38.2548 raw data: VIRTUAL-SKIN:38254.8 VIRTUAL-SKIN-HINT:38254.8 
03-27 14:30:37.147  1709  1724 I pixel-thermal: VIRTUAL-SKIN-CPU-GPU:38.2548 raw data: VIRTUAL-SKIN:38254.8 VIRTUAL-SKIN-CPU-GPU:38254.8 
03-27 14:30:37.147  1709  1724 I pixel-thermal: VIRTUAL-SKIN-CPU-GPU power_budget=2802.04 err=6.74525 s_power=800 time_elapsed_ms=7027 p=2023.57 i=-21.5306 d=0 dt_per_min=nan compensation=0 budget transient=0 control target=3 excluded power budget=0
03-27 14:30:37.147  1709  1724 I pixel-thermal: VIRTUAL-SKIN-CPU-GPU binded power rails: (S4M_VDD_CPUCL0: 12.10 mW)(S2M_VDD_CPUCL2: 0.55 mW)(S3M_VDD_CPUCL1: 0.03 mW)(S2S_VDD_G3D: 0.07 mW)
03-27 14:30:37.148  1709  1724 I pixel-thermal: cellular-emergency:38.2548 raw data: VIRTUAL-SKIN:38254.8 cellular-emergency:38254.8 
03-27 14:30:37.148  1709  1724 I pixel-thermal: skin_therm1:39.652 raw data: skin_therm1:39652 
03-27 14:30:41.482   891  1020 D CHRE.HAL: Received a nanoapp message from 0x476f6f676c001022 endpoint 0x8042: Type 0x3 size 8 
03-27 14:30:41.484   912   912 I suez-nanoapp-clients: Barometric peak detected: magnitude = 455.108185 hPa (bucket: 49), duration = 120.000000 ms (bucket: 11).
03-27 14:30:41.486   912  1776 I suez-nanoapp-clients: Vendor atom [id = 100047] reported.
03-27 14:30:41.486   891  1020 I CHRE    : @ 438.964: [ip] Peak detected: magnitude = 455.108195 hpa, duration = 119.999997 ms
03-27 14:30:42.371  2884  3497 I WM-WorkerWrapper: Worker result SUCCESS for Work [ id=63886941-56e8-4d75-b6cf-f4da2ad707a9, tags={ com.google.android.apps.miphone.aiai.yoda.indexing.tracking.impl.PeopleAlternativeNameManagerWorker,TASK_PEOPLE_ALTERNATIVE_NAME_INDEXING } ]
03-27 14:30:44.177  1709  1724 I pixel-thermal: VIRTUAL-SKIN-CHARGE-WLC:39.9189 raw data: VIRTUAL-SKIN-CHARGE-WLC:39918.9 disp_therm:39207 skin_therm2:40723 usb_pwr_therm2:38962 
03-27 14:30:44.178  1709  1724 I pixel-thermal: VIRTUAL-SKIN-CHARGE-WLC power_budget=1064.23 err=-0.918911 s_power=2000 time_elapsed_ms=7028 p=-735.129 i=0 d=-0 dt_per_min=nan compensation=0 budget transient=0 control target=2 excluded power budget=200.645 (PARTIAL_SYSTEM_POWER: 250.81 mW, cdev_weight: 0.800000)
03-27 14:30:44.182  1709  1724 I pixel-thermal: VIRTUAL-SKIN-CPU:38.2362 raw data: VIRTUAL-NEU-QUT-SKIN1-SKIN2-USB-USB2-GNSS-1:38074.1 VIRTUAL-NEU-QUT-SKIN1-SKIN2-USB-USB2-GNSS-4:37645.9 VIRTUAL-QUT-SKIN2-USB-GNSS-3:37944.1 VIRTUAL-QUT-SKIN2-USB-USB2-2:38236.2 VIRTUAL-SKIN:38236.2 VIRTUAL-SKIN-CPU:38236.2 gnss_tcxo_therm:39786 neutral_therm:39830 quiet_therm:39207 skin_therm1:39585 skin_therm2:40723 usb_pwr_therm:38784 usb_pwr_therm2:38962 
03-27 14:30:44.182  1709  1724 I pixel-thermal: VIRTUAL-SKIN-CPU power_budget=1899.97 err=2.7638 s_power=800 time_elapsed_ms=7028 p=1105.52 i=0 d=0 dt_per_min=nan compensation=0 budget transient=0 control target=3 excluded power budget=5.54974 (VSYS_PWR_MODEM: 18.50 mW, cdev_weight: 0.300000)
03-27 14:30:44.182  1709  1724 I pixel-thermal: VIRTUAL-SKIN-CPU binded power rails: (S4M_VDD_CPUCL0: 12.14 mW)(S2M_VDD_CPUCL2: 0.47 mW)(S3M_VDD_CPUCL1: 0.25 mW)
03-27 14:30:44.183  1709  1724 I pixel-thermal: VIRTUAL-SKIN:38.2362 raw data: VIRTUAL-SKIN:38236.2 
03-27 14:30:44.183  1709  1724 I pixel-thermal: VIRTUAL-SKIN-CHARGE:38.2362 raw data: VIRTUAL-SKIN:38236.2 VIRTUAL-SKIN-CHARGE:38236.2 
03-27 14:30:44.184  1709  1724 I pixel-thermal: VIRTUAL-SKIN-CHARGE power_budget=1568.91 err=0.763798 s_power=1200 time_elapsed_ms=7028 p=534.658 i=34.8945 d=0 dt_per_min=nan compensation=0 budget transient=0 control target=2 excluded power budget=200.645 (PARTIAL_SYSTEM_POWER: 250.81 mW, cdev_weight: 0.800000)
03-27 14:30:44.184  1709  1724 I pixel-thermal: VIRTUAL-SKIN-HINT:38.2362 raw data: VIRTUAL-SKIN:38236.2 VIRTUAL-SKIN-HINT:38236.2 
03-27 14:30:44.184  1709  1724 I pixel-thermal: VIRTUAL-SKIN-CPU-GPU:38.2362 raw data: VIRTUAL-SKIN:38236.2 VIRTUAL-SKIN-CPU-GPU:38236.2 
03-27 14:30:44.184  1709  1724 I pixel-thermal: VIRTUAL-SKIN-CPU-GPU power_budget=2807.61 err=6.7638 s_power=800 time_elapsed_ms=7028 p=2029.14 i=-21.5306 d=0 dt_per_min=nan compensation=0 budget transient=0 control target=3 excluded power budget=0
03-27 14:30:44.185  1709  1724 I pixel-thermal: VIRTUAL-SKIN-CPU-GPU binded power rails: (S4M_VDD_CPUCL0: 12.14 mW)(S2M_VDD_CPUCL2: 0.47 mW)(S3M_VDD_CPUCL1: 0.25 mW)(S2S_VDD_G3D: 0.07 mW)
03-27 14:30:44.185  1709  1724 I pixel-thermal: cellular-emergency:38.2362 raw data: VIRTUAL-SKIN:38236.2 cellular-emergency:38236.2 
03-27 14:30:44.185  1709  1724 I pixel-thermal: skin_therm1:39.585 raw data: skin_therm1:39585 
03-27 14:30:51.212  1709  1724 I pixel-thermal: VIRTUAL-SKIN-CHARGE-WLC:39.8784 raw data: VIRTUAL-SKIN-CHARGE-WLC:39878.4 disp_therm:39162 skin_therm2:40654 usb_pwr_therm2:38984 
03-27 14:30:51.212  1709  1724 I pixel-thermal: VIRTUAL-SKIN-CHARGE-WLC power_budget=1097.03 err=-0.878418 s_power=2000 time_elapsed_ms=7037 p=-702.734 i=0 d=0 dt_per_min=nan compensation=0 budget transient=0 control target=2 excluded power budget=200.233 (PARTIAL_SYSTEM_POWER: 250.29 mW, cdev_weight: 0.800000)
03-27 14:30:51.215  1709  1724 I pixel-thermal: VIRTUAL-SKIN-CPU:38.2245 raw data: VIRTUAL-NEU-QUT-SKIN1-SKIN2-USB-USB2-GNSS-1:38017.7 VIRTUAL-NEU-QUT-SKIN1-SKIN2-USB-USB2-GNSS-4:37570.3 VIRTUAL-QUT-SKIN2-USB-GNSS-3:37884.6 VIRTUAL-QUT-SKIN2-USB-USB2-2:38224.5 VIRTUAL-SKIN:38224.5 VIRTUAL-SKIN-CPU:38224.5 gnss_tcxo_therm:39719 neutral_therm:39830 quiet_therm:39162 skin_therm1:39519 skin_therm2:40654 usb_pwr_therm:38739 usb_pwr_therm2:38984 
03-27 14:30:51.215  1709  1724 I pixel-thermal: VIRTUAL-SKIN-CPU power_budget=1904.9 err=2.77554 s_power=800 time_elapsed_ms=7037 p=1110.22 i=0 d=0 dt_per_min=nan compensation=0 budget transient=0 control target=3 excluded power budget=5.31721 (VSYS_PWR_MODEM: 17.72 mW, cdev_weight: 0.300000)
03-27 14:30:51.216  1709  1724 I pixel-thermal: VIRTUAL-SKIN-CPU binded power rails: (S4M_VDD_CPUCL0: 11.38 mW)(S2M_VDD_CPUCL2: 0.20 mW)(S3M_VDD_CPUCL1: 0.07 mW)
03-27 14:30:51.216  1709  1724 I pixel-thermal: VIRTUAL-SKIN:38.2245 raw data: VIRTUAL-SKIN:38224.5 
03-27 14:30:51.217  1709  1724 I pixel-thermal: VIRTUAL-SKIN-CHARGE:38.2245 raw data: VIRTUAL-SKIN:38224.5 VIRTUAL-SKIN-CHARGE:38224.5 
03-27 14:30:51.217  1709  1724 I pixel-thermal: VIRTUAL-SKIN-CHARGE power_budget=1581.42 err=0.775543 s_power=1200 time_elapsed_ms=7037 p=542.88 i=38.7722 d=0 dt_per_min=nan compensation=0 budget transient=0 control target=2 excluded power budget=200.233 (PARTIAL_SYSTEM_POWER: 250.29 mW, cdev_weight: 0.800000)
03-27 14:30:51.217  1709  1724 I pixel-thermal: VIRTUAL-SKIN-HINT:38.2245 raw data: VIRTUAL-SKIN:38224.5 VIRTUAL-SKIN-HINT:38224.5 
03-27 14:30:51.217  1709  1724 I pixel-thermal: VIRTUAL-SKIN-CPU-GPU:38.2245 raw data: VIRTUAL-SKIN:38224.5 VIRTUAL-SKIN-CPU-GPU:38224.5 
03-27 14:30:51.218  1709  1724 I pixel-thermal: VIRTUAL-SKIN-CPU-GPU power_budget=2811.13 err=6.77554 s_power=800 time_elapsed_ms=7037 p=2032.66 i=-21.5306 d=0 dt_per_min=nan compensation=0 budget transient=0 control target=3 excluded power budget=0
03-27 14:30:51.218  1709  1724 I pixel-thermal: VIRTUAL-SKIN-CPU-GPU binded power rails: (S4M_VDD_CPUCL0: 11.38 mW)(S2M_VDD_CPUCL2: 0.20 mW)(S3M_VDD_CPUCL1: 0.07 mW)(S2S_VDD_G3D: 0.05 mW)
03-27 14:30:51.218  1709  1724 I pixel-thermal: cellular-emergency:38.2245 raw data: VIRTUAL-SKIN:38224.5 cellular-emergency:38224.5 
03-27 14:30:51.218  1709  1724 I pixel-thermal: skin_therm1:39.519 raw data: skin_therm1:39519 
03-27 14:30:53.596  1177  1177 W TracingMuxer: type=1400 audit(0.0:78): avc:  denied  { write } for  name="traced_producer" dev="tmpfs" ino=1270 scontext=u:r:gxp_logging:s0 tcontext=u:object_r:traced_producer_socket:s0 tclass=sock_file permissive=0
03-27 14:30:58.250  1709  1724 I pixel-thermal: VIRTUAL-SKIN-CHARGE-WLC:39.833 raw data: VIRTUAL-SKIN-CHARGE-WLC:39833 disp_therm:39162 skin_therm2:40565 usb_pwr_therm2:38984 
03-27 14:30:58.250  1709  1724 I pixel-thermal: VIRTUAL-SKIN-CHARGE-WLC power_budget=1133.34 err=-0.833035 s_power=2000 time_elapsed_ms=7033 p=-666.428 i=0 d=0 dt_per_min=nan compensation=0 budget transient=0 control target=2 excluded power budget=200.233 (PARTIAL_SYSTEM_POWER: 250.29 mW, cdev_weight: 0.800000)
03-27 14:30:58.253  1709  1724 I pixel-thermal: VIRTUAL-SKIN-CPU:38.2012 raw data: VIRTUAL-NEU-QUT-SKIN1-SKIN2-USB-USB2-GNSS-1:38002.2 VIRTUAL-NEU-QUT-SKIN1-SKIN2-USB-USB2-GNSS-4:37585.8 VIRTUAL-QUT-SKIN2-USB-GNSS-3:37823.6 VIRTUAL-QUT-SKIN2-USB-USB2-2:38201.2 VIRTUAL-SKIN:38201.2 VIRTUAL-SKIN-CPU:38201.2 gnss_tcxo_therm:39652 neutral_therm:39741 quiet_therm:39073 skin_therm1:39519 skin_therm2:40565 usb_pwr_therm:38762 usb_pwr_therm2:38984 
03-27 14:30:58.253  1709  1724 I pixel-thermal: VIRTUAL-SKIN-CPU power_budget=1913.75 err=2.79879 s_power=800 time_elapsed_ms=7033 p=1119.52 i=0 d=0 dt_per_min=nan compensation=0 budget transient=0 control target=3 excluded power budget=5.76788 (VSYS_PWR_MODEM: 19.23 mW, cdev_weight: 0.300000)
