03-27 14:34:49.814  6335  6930 E NetworkContentDataSourc: 	at com.google.ac.a.a.a.i.i.g(AsyncInterceptorsClientCallListener.java:94)
03-27 14:34:49.814  6335  6930 E NetworkContentDataSourc: 	at com.google.ac.a.a.a.i.i.aJ(AsyncInterceptorsClientCallListener.java:23)
03-27 14:34:49.814  6335  6930 E NetworkContentDataSourc: 	at com.google.ac.a.a.a.i.i.a(AsyncInterceptorsClientCallListener.java:8)
03-27 14:34:49.814  6335  6930 E NetworkContentDataSourc: 	at com.google.ac.a.a.a.h.b.run(D8$$SyntheticClass:555)
03-27 14:34:49.814  6335  6930 E NetworkContentDataSourc: 	at com.google.ac.a.a.a.j.a.f(TracePropagatingClientCallListener.java:37)
03-27 14:34:49.814  6335  6930 E NetworkContentDataSourc: 	at com.google.ac.a.a.a.j.a.a(TracePropagatingClientCallListener.java:8)
03-27 14:34:49.814  6335  6930 E NetworkContentDataSourc: 	at com.google.ac.a.a.a.h.b.run(D8$$SyntheticClass:580)
03-27 14:34:49.814  6335  6930 E NetworkContentDataSourc: 	at com.google.firebase.concurrent.c.run(D8$$SyntheticClass:95)
03-27 14:34:49.814  6335  6930 E NetworkContentDataSourc: 	at com.google.s.r.a.cf.run(SequentialExecutor.java:3)
03-27 14:34:49.814  6335  6930 E NetworkContentDataSourc: 	at com.google.s.r.a.cg.run(SequentialExecutor.java:197)
03-27 14:34:49.814  6335  6930 E NetworkContentDataSourc: 	at com.google.s.r.a.ar.execute(DirectExecutor.java:1)
03-27 14:34:49.814  6335  6930 E NetworkContentDataSourc: 	at com.google.ac.a.a.a.i.e.execute(AsyncInterceptorsClientCall.java:3)
03-27 14:34:49.814  6335  6930 E NetworkContentDataSourc: 	at com.google.s.r.a.ch.execute(SequentialExecutor.java:34)
03-27 14:34:49.814  6335  6930 E NetworkContentDataSourc: 	at com.google.apps.tiktok.account.data.b.a.execute(D8$$SyntheticClass:44)
03-27 14:34:49.814  6335  6930 E NetworkContentDataSourc: 	at com.google.ac.a.a.a.i.c.a(AsyncInterceptorsClientCall.java:12)
03-27 14:34:49.814  6335  6930 E NetworkContentDataSourc: 	at com.google.ac.a.a.a.i.i.g(AsyncInterceptorsClientCallListener.java:94)
03-27 14:34:49.814  6335  6930 E NetworkContentDataSourc: 	at com.google.ac.a.a.a.i.i.aJ(AsyncInterceptorsClientCallListener.java:23)
03-27 14:34:49.814  6335  6930 E NetworkContentDataSourc: 	at com.google.ac.a.a.a.i.i.a(AsyncInterceptorsClientCallListener.java:8)
03-27 14:34:49.814  6335  6930 E NetworkContentDataSourc: 	at com.google.ac.a.a.a.h.b.run(D8$$SyntheticClass:555)
03-27 14:34:49.814  6335  6930 E NetworkContentDataSourc: 	at com.google.ac.a.a.a.j.a.f(TracePropagatingClientCallListener.java:37)
03-27 14:34:49.814  6335  6930 E NetworkContentDataSourc: 	at com.google.ac.a.a.a.j.a.a(TracePropagatingClientCallListener.java:8)
03-27 14:34:49.814  6335  6930 E NetworkContentDataSourc: 	at com.google.ac.a.a.a.h.b.run(D8$$SyntheticClass:580)
03-27 14:34:49.814  6335  6930 E NetworkContentDataSourc: 	at com.google.firebase.concurrent.c.run(D8$$SyntheticClass:95)
03-27 14:34:49.814  6335  6930 E NetworkContentDataSourc: 	at com.google.s.r.a.cf.run(SequentialExecutor.java:3)
03-27 14:34:49.814  6335  6930 E NetworkContentDataSourc: 	at com.google.s.r.a.cg.run(SequentialExecutor.java:197)
03-27 14:34:49.814  6335  6930 E NetworkContentDataSourc: 	at com.google.s.r.a.ar.execute(DirectExecutor.java:1)
03-27 14:34:49.814  6335  6930 E NetworkContentDataSourc: 	at com.google.ac.a.a.a.i.e.execute(AsyncInterceptorsClientCall.java:3)
03-27 14:34:49.814  6335  6930 E NetworkContentDataSourc: 	at com.google.s.r.a.ch.execute(SequentialExecutor.java:34)
03-27 14:34:49.814  6335  6930 E NetworkContentDataSourc: 	at com.google.apps.tiktok.account.data.b.a.execute(D8$$SyntheticClass:44)
03-27 14:34:49.814  6335  6930 E NetworkContentDataSourc: 	at com.google.ac.a.a.a.i.c.a(AsyncInterceptorsClientCall.java:12)
03-27 14:34:49.814  6335  6930 E NetworkContentDataSourc: 	at com.google.ac.a.a.a.i.i.g(AsyncInterceptorsClientCallListener.java:94)
03-27 14:34:49.814  6335  6930 E NetworkContentDataSourc: 	at com.google.ac.a.a.a.i.i.aJ(AsyncInterceptorsClientCallListener.java:23)
03-27 14:34:49.814  6335  6930 E NetworkContentDataSourc: 	at com.google.ac.a.a.a.i.i.a(AsyncInterceptorsClientCallListener.java:8)
03-27 14:34:49.814  6335  6930 E NetworkContentDataSourc: 	at com.google.ac.a.a.a.h.b.run(D8$$SyntheticClass:555)
03-27 14:34:49.814  6335  6930 E NetworkContentDataSourc: 	at com.google.apps.tiktok.p.cp.run(TracePropagation.kt:17)
03-27 14:34:49.814  6335  6930 E NetworkContentDataSourc: 	at com.google.ac.a.a.a.j.a.f(TracePropagatingClientCallListener.java:25)
03-27 14:34:49.814  6335  6930 E NetworkContentDataSourc: 	at com.google.ac.a.a.a.j.a.a(TracePropagatingClientCallListener.java:8)
03-27 14:34:49.814  6335  6930 E NetworkContentDataSourc: 	at com.google.ac.a.a.a.h.b.run(D8$$SyntheticClass:580)
03-27 14:34:49.814  6335  6930 E NetworkContentDataSourc: 	at com.google.firebase.concurrent.c.run(D8$$SyntheticClass:95)
03-27 14:34:49.814  6335  6930 E NetworkContentDataSourc: 	at com.google.s.r.a.cf.run(SequentialExecutor.java:3)
03-27 14:34:49.814  6335  6930 E NetworkContentDataSourc: 	at com.google.s.r.a.cg.run(SequentialExecutor.java:197)
03-27 14:34:49.814  6335  6930 E NetworkContentDataSourc: 	at com.google.s.r.a.ar.execute(DirectExecutor.java:1)
03-27 14:34:49.814  6335  6930 E NetworkContentDataSourc: 	at com.google.ac.a.a.a.i.e.execute(AsyncInterceptorsClientCall.java:3)
03-27 14:34:49.814  6335  6930 E NetworkContentDataSourc: 	at com.google.s.r.a.ch.execute(SequentialExecutor.java:34)
03-27 14:34:49.814  6335  6930 E NetworkContentDataSourc: 	at com.google.apps.tiktok.account.data.b.a.execute(D8$$SyntheticClass:44)
03-27 14:34:49.814  6335  6930 E NetworkContentDataSourc: 	at com.google.ac.a.a.a.i.c.a(AsyncInterceptorsClientCall.java:12)
03-27 14:34:49.814  6335  6930 E NetworkContentDataSourc: 	at f.a.cq.a(PartialForwardingClientCallListener.java:3)
03-27 14:34:49.814  6335  6930 E NetworkContentDataSourc: 	at com.google.android.libraries.g.a.c.a(PrimesInterceptor.java:74)
03-27 14:34:49.814  6335  6930 E NetworkContentDataSourc: 	at f.a.e.r.a(ClientCallImpl.java:28)
03-27 14:34:49.814  6335  6930 E NetworkContentDataSourc: 	at f.a.e.ai.run(ContextRunnable.java:7)
03-27 14:34:49.814  6335  6930 E NetworkContentDataSourc: 	at f.a.e.fv.run(SerializingExecutor.java:18)
03-27 14:34:49.814  6335  6930 E NetworkContentDataSourc: 	at com.google.android.libraries.b.s.run(ExceptionHandlingExecutorFactory.java:7)
03-27 14:34:49.814  6335  6930 E NetworkContentDataSourc: 	at com.google.s.k.b.b.run(FixedThreadPool.java:44)
03-27 14:34:49.814  6335  6930 E NetworkContentDataSourc: 	at androidx.compose.b.k.a.c.e.run(D8$$SyntheticClass:113)
03-27 14:34:49.814  6335  6930 E NetworkContentDataSourc: 	at java.lang.Thread.run(Thread.java:1563)
03-27 14:34:49.814  6335  6930 E NetworkContentDataSourc: 	at com.google.android.libraries.b.c.b.run(ManagedPriorityThread.kt:61)
03-27 14:34:49.814  6335  6930 E NetworkContentDataSourc: Caused by: m1.kk: Exception in BidirectionalStream: net::ERR_INTERNET_DISCONNECTED, ErrorCode=2, InternalErrorCode=-106, Retryable=false
03-27 14:34:49.814  6335  6930 E NetworkContentDataSourc: 	at org.chromium.net.impl.CronetBidirectionalStream.onError(:com.google.android.gms.dynamite_cronetdynamite@261133035@26.11.33 (260400-0):3)
03-27 14:34:49.815  6335  6930 I FortniteSuggestionState: coversheet hub viewed state is false
03-27 14:34:49.821  6335  6930 I ContentRepositoryImpl: fetchCoversheetLayout, syncType: AUTO, usePrefetchContent: false
03-27 14:34:49.822  6335  6930 I SignalsDetectionManager: savedBluetoothSignals size = 0
03-27 14:34:49.823  6335  6930 I SignalsDetectionManager: key is = 1, values = # com.google.android.apps.tips.j.b.e@a2e15
03-27 14:34:49.823  6335  6345 V ClearcutMetricXmitter: Transmission is done.
03-27 14:34:49.828  6335  6930 I SignalsDetectionManager: savedBluetoothSignals size = 0
03-27 14:34:49.828  6335  6930 I SignalsDetectionManager: key is = 1, values = # com.google.android.apps.tips.j.b.e@a2e15
03-27 14:34:49.829  6335  6930 I ContentRepositoryImpl: Local Content expired? false, stale? false, dtcChanged? true
03-27 14:34:49.830  6335  6930 I SignalsDetectionManager: savedBluetoothSignals size = 0
03-27 14:34:49.830  6335  6930 I SignalsDetectionManager: key is = 1, values = # com.google.android.apps.tips.j.b.e@a2e15
03-27 14:34:49.833  6335  8310 I NetworkContentDataSourc: fortnite tips api request is # com.google.am.b.a.a.a.a.e@1df48cc3
03-27 14:34:49.874  6335  6833 I cn_CronetUrlRequestContext: destroyNativeStreamLocked org.chromium.net.impl.CronetBidirectionalStream@b6ef92b
03-27 14:34:50.135  6335  6833 I cn_CronetUrlRequestContext: destroyNativeStreamLocked org.chromium.net.impl.CronetBidirectionalStream@97a2721
03-27 14:34:50.354  1709  1724 I pixel-thermal: VIRTUAL-SKIN-CHARGE-WLC:39.1722 raw data: VIRTUAL-SKIN-CHARGE-WLC:39172.2 disp_therm:38138 skin_therm2:40231 usb_pwr_therm2:38005 
03-27 14:34:50.354  1709  1724 I pixel-thermal: VIRTUAL-SKIN-CHARGE-WLC power_budget=1620.05 err=-0.17218 s_power=2000 time_elapsed_ms=7028 p=-137.744 i=1.70044 d=-0 dt_per_min=nan compensation=0 budget transient=0 control target=2 excluded power budget=243.906 (PARTIAL_SYSTEM_POWER: 304.88 mW, cdev_weight: 0.800000)
03-27 14:34:50.358  1709  1724 I pixel-thermal: VIRTUAL-SKIN-CPU:37.2923 raw data: VIRTUAL-NEU-QUT-SKIN1-SKIN2-USB-USB2-GNSS-1:36918.9 VIRTUAL-NEU-QUT-SKIN1-SKIN2-USB-USB2-GNSS-4:36353 VIRTUAL-QUT-SKIN2-USB-GNSS-3:37091.6 VIRTUAL-QUT-SKIN2-USB-USB2-2:37292.2 VIRTUAL-SKIN:37292.2 VIRTUAL-SKIN-CPU:37292.2 gnss_tcxo_therm:38584 neutral_therm:38806 quiet_therm:37894 skin_therm1:38361 skin_therm2:40231 usb_pwr_therm:37805 usb_pwr_therm2:38005 
03-27 14:34:50.358  1709  1724 I pixel-thermal: VIRTUAL-SKIN-CPU power_budget=2278.22 err=3.70775 s_power=800 time_elapsed_ms=7028 p=1483.1 i=0 d=-0 dt_per_min=nan compensation=0 budget transient=0 control target=3 excluded power budget=4.87596 (VSYS_PWR_MODEM: 16.25 mW, cdev_weight: 0.300000)
03-27 14:34:50.358  1709  1724 I pixel-thermal: VIRTUAL-SKIN-CPU binded power rails: (S4M_VDD_CPUCL0: 162.25 mW)(S2M_VDD_CPUCL2: 110.63 mW)(S3M_VDD_CPUCL1: 128.05 mW)
03-27 14:34:50.359  1709  1724 I pixel-thermal: VIRTUAL-SKIN:37.2923 raw data: VIRTUAL-SKIN:37292.2 
03-27 14:34:50.359  1709  1724 I pixel-thermal: VIRTUAL-SKIN-CHARGE:37.2923 raw data: VIRTUAL-SKIN:37292.2 VIRTUAL-SKIN-CHARGE:37292.2 
03-27 14:34:50.359  1709  1724 I pixel-thermal: VIRTUAL-SKIN-CHARGE power_budget=2423.51 err=1.70775 s_power=1200 time_elapsed_ms=7028 p=1195.42 i=271.988 d=-0 dt_per_min=nan compensation=0 budget transient=0 control target=2 excluded power budget=243.906 (PARTIAL_SYSTEM_POWER: 304.88 mW, cdev_weight: 0.800000)
03-27 14:34:50.360  1709  1724 I pixel-thermal: VIRTUAL-SKIN-HINT:37.2923 raw data: VIRTUAL-SKIN:37292.2 VIRTUAL-SKIN-HINT:37292.2 
03-27 14:34:50.360  1709  1724 I pixel-thermal: VIRTUAL-SKIN-CPU-GPU:37.2923 raw data: VIRTUAL-SKIN:37292.2 VIRTUAL-SKIN-CPU-GPU:37292.2 
03-27 14:34:50.361  1709  1724 I pixel-thermal: VIRTUAL-SKIN-CPU-GPU power_budget=3090.79 err=7.70775 s_power=800 time_elapsed_ms=7028 p=2312.32 i=-21.5306 d=-0 dt_per_min=nan compensation=0 budget transient=0 control target=3 excluded power budget=0
03-27 14:34:50.361  1709  1724 I pixel-thermal: VIRTUAL-SKIN-CPU-GPU binded power rails: (S4M_VDD_CPUCL0: 162.25 mW)(S2M_VDD_CPUCL2: 110.63 mW)(S3M_VDD_CPUCL1: 128.05 mW)(S2S_VDD_G3D: 51.83 mW)
03-27 14:34:50.361  1709  1724 I pixel-thermal: cellular-emergency:37.2923 raw data: VIRTUAL-SKIN:37292.2 cellular-emergency:37292.2 
03-27 14:34:50.362  1709  1724 I pixel-thermal: skin_therm1:38.361 raw data: skin_therm1:38361 
03-27 14:34:50.363  1709  1724 I pixel-thermal: Successfully update cdev dc_icl sysfs to 8
03-27 14:34:50.443  1736  2359 W JobScheduler: Job didn't exist in JobStore: cf41295 #u0a194/1034 com.google.android.apps.photos/com.google.android.libraries.social.mediamonitor.MediaMonitorJobSchedulerService
03-27 14:34:50.456  1736  3184 W UriGrantsManagerService: No permission grants found for com.google.android.apps.photos
03-27 14:34:50.457  1736  3184 W UriGrantsManagerService: No permission grants found for com.google.android.apps.photos
03-27 14:34:50.502  1736  3184 W UriGrantsManagerService: No permission grants found for com.google.android.apps.photos
03-27 14:34:50.502  1736  3184 W UriGrantsManagerService: No permission grants found for com.google.android.apps.photos
03-27 14:34:50.525  1736  3184 W UriGrantsManagerService: No permission grants found for com.google.android.apps.photos
03-27 14:34:50.526  1736  3184 W UriGrantsManagerService: No permission grants found for com.google.android.apps.photos
03-27 14:34:50.911  8234  8257 I MPEG4Writer: setStartTimestampUs: 676481218
03-27 14:34:50.913  8234  8258 I MPEG4Writer: setStartTimestampUs: 676481218
03-27 14:34:50.913  8234  8234 D MPEG4Writer: reset()
03-27 14:34:50.913  8234  8234 D MPEG4Writer: Video track stopping. Stop source
03-27 14:34:50.913  8234  8234 D MPEG4Writer: Video track source stopping
03-27 14:34:50.913  8234  8234 D MPEG4Writer: Video track source stopped
03-27 14:34:50.913  8234  8257 V MediaWriter: Track event err/info msg:101, trackId:2, type:1000,val:-1011
03-27 14:34:50.913  8234  8256 V MediaWriter: Track event err/info msg:101, trackId:1, type:1000,val:-1011
03-27 14:34:50.915  8234  8256 I MPEG4Writer: Received total/0-length (151/0) buffers and encoded 151 frames. - Video
03-27 14:34:50.916  8234  8234 D MPEG4Writer: Video track stopped. Status:0. Stop source
03-27 14:34:50.917  8234  8257 W MPEG4Writer: 0-duration samples found: 1
03-27 14:34:50.917  8234  8257 I MPEG4Writer: Received total/0-length (1/0) buffers and encoded 1 frames. - Metadata
03-27 14:34:50.918  8234  8234 D MPEG4Writer: Metadata track stopping. Stop source
03-27 14:34:50.918  8234  8234 D MPEG4Writer: Metadata track source stopping
03-27 14:34:50.918  8234  8234 D MPEG4Writer: Metadata track source stopped
03-27 14:34:50.918  8234  8234 D MPEG4Writer: Metadata track stopped. Status:0. Stop source
03-27 14:34:50.918  8234  8234 D MPEG4Writer: Metadata track stopping. Stop source
03-27 14:34:50.918  8234  8234 D MPEG4Writer: Metadata track source stopping
03-27 14:34:50.918  8234  8234 D MPEG4Writer: Metadata track source stopped
03-27 14:34:50.918  8234  8258 V MediaWriter: Track event err/info msg:101, trackId:3, type:1000,val:-1011
03-27 14:34:50.918  8234  8258 W MPEG4Writer: 0-duration samples found: 1
03-27 14:34:50.918  8234  8258 I MPEG4Writer: Received total/0-length (1/0) buffers and encoded 1 frames. - Metadata
03-27 14:34:50.919  8234  8234 D MPEG4Writer: Metadata track stopped. Status:0. Stop source
03-27 14:34:50.919  8234  8234 D MPEG4Writer: Duration from tracks range is [0, 6988203] us
03-27 14:34:50.919  8234  8254 D MPEG4Writer: 1 chunks are written in the last batch
03-27 14:34:50.919  8234  8234 D MPEG4Writer: WriterThread stopped. Status:0
03-27 14:34:50.920  8234  8234 I MPEG4Writer: Adjust the moov start time from 676481218 us -> 676481218 us
03-27 14:34:50.921  8234  8234 I MPEG4Writer: The mp4 file will not be streamable.
03-27 14:34:50.921  8234  8234 I MPEG4Writer: MOOV atom was written to the file
03-27 14:34:50.921  8234  8234 D MPEG4Writer: release()
03-27 14:34:50.921  8234  8234 D MPEG4Writer: ftruncate mPreAllocateFileEndOffset:4466102 mOffset:4464679 mMdatEndOffset:4461250 diff:1423
03-27 14:34:50.949  8234  8234 D MPEG4Writer: final fsync() takes 26 ms, file size 4464679
03-27 14:34:50.951  8234  8234 D MPEG4Writer: MP4WtrCtrlHlpLooper stopped
03-27 14:34:50.951  8234  8234 D MPEG4Writer: Top 5 write durations(microseconds): #1:84 #2:104 #3:106 #4:218 #5:326
03-27 14:34:50.952   544   585 D SurfaceFlinger: Destroying virtual display: ScreenRecorder
03-27 14:34:50.963   932  8244 D AidlBufferPool: Destruction - bufferpool2 0xb400007c229da478 cached: 0/0M, 0/0% in use; allocs: 0, 0% recycled; transfers: 0, 0% unfetched
03-27 14:34:50.968   544   544 D SurfaceFlinger: processDisplayRemoved: Optimizing thread scheduling: optimizeForPerformance
03-27 14:34:50.974  8234  8307 I libbinder.BpBinder: onLastStrongRef automatically unlinking death recipients for binder (0xb400007e47c1f430) with descriptor: '(not cached)'
03-27 14:34:50.981   932  2216 I ExynosC2H264EncComponent: [release] component is released
03-27 14:34:50.981   932  2216 I libbinder.BpBinder: onLastStrongRef automatically unlinking death recipients for binder (0xb400007cd29d9240) with descriptor: 'android.hardware.media.bufferpool2.IClientManager'
03-27 14:34:50.982  8234  8240 D AidlBufferPool: bufferpool2 0xb400007dc7c1e828 : 0(0 size) total buffers - 0(0 size) used buffers - 0/0 (recycle/alloc) - 0/0 (fetch/transfer)
03-27 14:34:50.982  8234  8240 D AidlBufferPool: Destruction - bufferpool2 0xb400007dc7c1e828 cached: 0/0M, 0/0% in use; allocs: 0, 0% recycled; transfers: 0, 0% unfetched
03-27 14:34:50.993  2241  2461 D TemperatureStateSource: sequence=6 actualDelay=10000
03-27 14:34:50.994  2241  2461 D TemperatureStateSource: Reading temperature: sequence=7
03-27 14:34:50.996  1709  1709 I pixel-thermal: VIRTUAL-SKIN:37.2923 raw data: VIRTUAL-SKIN:37292.2 
03-27 14:34:50.996  2241  2461 D TemperatureStateSource: getDeviceTemperatures: sequence=7 deviceTemperatureType=3 temperatureSource=0 temperatures=[37.29225]
03-27 14:34:50.996  2241  2461 D BusinessScope: Enqueuing the block
03-27 14:34:50.996  2241  2461 D TemperatureStateSource: sequence=7 waitTime=10000
03-27 14:34:50.996  2241  2461 D BusinessScope: Start running the #23 block
03-27 14:34:51.000  1709  1709 I pixel-thermal: VIRTUAL-SKIN:37.2923 raw data: VIRTUAL-SKIN:37292.2 
03-27 14:34:51.000  2241  2461 I TemperatureStateSource: temperature was set
03-27 14:34:51.000  2241  2461 D BusinessScope: Enqueuing the block
03-27 14:34:51.000  2241  2461 D ImpulseStateSource: Notify clients: 10
03-27 14:34:51.000  2241  2461 D BusinessScope: Finish running the #23 block
03-27 14:34:51.001  2241  2461 D BusinessScope: Start running the #24 block
03-27 14:34:51.002  2241  2461 D BusinessScope: Finish running the #24 block
03-27 14:34:51.008  3981  8222 W Turbo.DeviceHealthLeversManagerImpl: applyLeversWithMaintenanceWindow: ignore the same request
03-27 14:34:51.037  1736  3184 I ActivityManager: Broadcasting: Intent { act=android.intent.action.MEDIA_SCANNER_SCAN_FILE dat=file:///... flg=0x400000 }
03-27 14:34:51.040  1736  3184 I ActivityManager: Enqueued broadcast Intent { act=android.intent.action.MEDIA_SCANNER_SCAN_FILE dat=file:///... flg=0x400000 }: 0
03-27 14:34:51.041  2812  2812 I MediaServiceV2: Creating work for intent Intent { act=android.intent.action.MEDIA_SCANNER_SCAN_FILE dat=file:///... flg=0x1400010 cmp=com.google.android.providers.media.module/com.android.providers.media.MediaServiceV2 }
03-27 14:34:51.042  2812  2812 I MediaServiceV2: Work enqueued for intent: Intent { act=android.intent.action.MEDIA_SCANNER_SCAN_FILE dat=file:///... flg=0x1400010 cmp=com.google.android.providers.media.module/com.android.providers.media.MediaServiceV2 }
03-27 14:34:51.042  1736  1780 I ActivityManager: Broadcast completed: result=0
03-27 14:34:51.048  8234  8234 D ScreenRecord: success
03-27 14:34:51.054  2812  3038 W JobInfo : Requested important-while-foreground flag for job149 is ignored and takes no effect
03-27 14:34:51.054  2812  3038 D WM-SystemJobScheduler: Scheduling work ID 6e66f02f-72bc-4f26-91f4-65eab08d78e8Job ID 149
03-27 14:34:51.062  8234  8234 I libbinder.BpBinder: onLastStrongRef automatically unlinking death recipients for binder (0xb400007e47c20140) with descriptor: 'android.hardware.media.bufferpool2.IAccessor'
03-27 14:34:51.062   932  2216 D AidlBufferPool: bufferpool2 0xb400007c229d5f18 : 0(0 size) total buffers - 0(0 size) used buffers - 150/156 (recycle/alloc) - 10/151 (fetch/transfer)
03-27 14:34:51.062   932  2216 D AidlBufferPool: Destruction - bufferpool2 0xb400007c229d5f18 cached: 0/0M, 0/0% in use; allocs: 156, 96% recycled; transfers: 151, 93% unfetched
03-27 14:34:51.064  2812  3038 D WM-GreedyScheduler: Ignoring {WorkSpec: 4311a4e4-1cf3-45b7-8ee9-862bfd086d3f}. Requires device idle.
03-27 14:34:51.064  2812  3038 D WM-GreedyScheduler: Ignoring {WorkSpec: 0354c72b-fd4b-41c5-8cef-ef9c040d728c}. Requires device idle.
03-27 14:34:51.064  2812  3038 D WM-GreedyScheduler: Ignoring {WorkSpec: 25df6392-209c-47a9-8c2d-2ae28e137023}. Requires device idle.
03-27 14:34:51.064  2812  3038 D WM-GreedyScheduler: Starting work for 6e66f02f-72bc-4f26-91f4-65eab08d78e8
03-27 14:34:51.064  2812  2812 D WM-SystemJobService: onStartJob for WorkGenerationalId(workSpecId=6e66f02f-72bc-4f26-91f4-65eab08d78e8, generation=0)
03-27 14:34:51.065  2812  3038 D WM-Processor: Processor: processing WorkGenerationalId(workSpecId=6e66f02f-72bc-4f26-91f4-65eab08d78e8, generation=0)
03-27 14:34:51.065  2812  3038 D WM-Processor: Work WorkGenerationalId(workSpecId=6e66f02f-72bc-4f26-91f4-65eab08d78e8, generation=0) is already enqueued for processing
03-27 14:34:51.067  2812  2812 D WM-WorkerWrapper: Starting work for com.android.providers.media.MediaServiceV2
03-27 14:34:51.068  2812  8372 I MediaServiceV2: Work initiated for action [ android.intent.action.MEDIA_SCANNER_SCAN_FILE ]
03-27 14:34:51.129  2812  8372 I MediaServiceV2: Work ended for action [ android.intent.action.MEDIA_SCANNER_SCAN_FILE ]
03-27 14:34:51.130  2812  3038 I WM-WorkerWrapper: Worker result SUCCESS for Work [ id=6e66f02f-72bc-4f26-91f4-65eab08d78e8, tags={ com.android.providers.media.MediaServiceV2 } ]
03-27 14:34:51.131  2812  2812 D WM-Processor: Processor 6e66f02f-72bc-4f26-91f4-65eab08d78e8 executed; reschedule = false
03-27 14:34:51.131  2812  2812 D WM-SystemJobService: 6e66f02f-72bc-4f26-91f4-65eab08d78e8 executed on JobScheduler
03-27 14:34:51.140  2812  3038 D WM-SystemJobScheduler: Scheduling work ID db45e0c0-2dc3-41de-9d12-1d7e197699acJob ID 150
03-27 14:34:51.142  2812  3038 D WM-GreedyScheduler: Ignoring {WorkSpec: 4311a4e4-1cf3-45b7-8ee9-862bfd086d3f}. Requires device idle.
03-27 14:34:51.142  2812  3038 D WM-GreedyScheduler: Ignoring {WorkSpec: 0354c72b-fd4b-41c5-8cef-ef9c040d728c}. Requires device idle.
03-27 14:34:51.142  2812  3038 D WM-GreedyScheduler: Ignoring {WorkSpec: 25df6392-209c-47a9-8c2d-2ae28e137023}. Requires device idle.
03-27 14:34:51.143  2812  3125 D WM-GreedyScheduler: Cancelling work ID 6e66f02f-72bc-4f26-91f4-65eab08d78e8
03-27 14:34:51.144  2812  3125 D WM-GreedyScheduler: Ignoring {WorkSpec: 4311a4e4-1cf3-45b7-8ee9-862bfd086d3f}. Requires device idle.
03-27 14:34:51.144  2812  3125 D WM-GreedyScheduler: Ignoring {WorkSpec: 0354c72b-fd4b-41c5-8cef-ef9c040d728c}. Requires device idle.
03-27 14:34:51.144  2812  3125 D WM-GreedyScheduler: Ignoring {WorkSpec: 25df6392-209c-47a9-8c2d-2ae28e137023}. Requires device idle.
03-27 14:34:51.322  6335  6833 I cn_CronetUrlRequestContext: destroyNativeStreamLocked org.chromium.net.impl.CronetBidirectionalStream@761fd07
03-27 14:34:51.340  6335  6930 E NetworkContentDataSourc: Error attempting to get Fortnite network content
03-27 14:34:51.340  6335  6930 E NetworkContentDataSourc: f.a.dc: UNAVAILABLE
03-27 14:34:51.340  6335  6930 E NetworkContentDataSourc: 	at f.a.h.d.a(ClientCalls.java:41)
03-27 14:34:51.340  6335  6930 E NetworkContentDataSourc: 	at f.a.cq.a(PartialForwardingClientCallListener.java:3)
03-27 14:34:51.340  6335  6930 E NetworkContentDataSourc: 	at com.google.apps.tiktok.k.g.a(GrpcTraceSpanInterceptor.java:2)
03-27 14:34:51.340  6335  6930 E NetworkContentDataSourc: 	at com.google.ac.a.a.a.i.i.g(AsyncInterceptorsClientCallListener.java:94)
03-27 14:34:51.340  6335  6930 E NetworkContentDataSourc: 	at com.google.ac.a.a.a.i.i.aJ(AsyncInterceptorsClientCallListener.java:23)
03-27 14:34:51.340  6335  6930 E NetworkContentDataSourc: 	at com.google.ac.a.a.a.i.i.a(AsyncInterceptorsClientCallListener.java:8)
03-27 14:34:51.340  6335  6930 E NetworkContentDataSourc: 	at com.google.ac.a.a.a.h.b.run(D8$$SyntheticClass:555)
03-27 14:34:51.340  6335  6930 E NetworkContentDataSourc: 	at com.google.ac.a.a.a.j.a.f(TracePropagatingClientCallListener.java:37)
03-27 14:34:51.340  6335  6930 E NetworkContentDataSourc: 	at com.google.ac.a.a.a.j.a.a(TracePropagatingClientCallListener.java:8)
03-27 14:34:51.340  6335  6930 E NetworkContentDataSourc: 	at com.google.ac.a.a.a.h.b.run(D8$$SyntheticClass:580)
03-27 14:34:51.340  6335  6930 E NetworkContentDataSourc: 	at com.google.firebase.concurrent.c.run(D8$$SyntheticClass:95)
03-27 14:34:51.340  6335  6930 E NetworkContentDataSourc: 	at com.google.s.r.a.cf.run(SequentialExecutor.java:3)
03-27 14:34:51.340  6335  6930 E NetworkContentDataSourc: 	at com.google.s.r.a.cg.run(SequentialExecutor.java:197)
03-27 14:34:51.340  6335  6930 E NetworkContentDataSourc: 	at com.google.s.r.a.ar.execute(DirectExecutor.java:1)
03-27 14:34:51.340  6335  6930 E NetworkContentDataSourc: 	at com.google.ac.a.a.a.i.e.execute(AsyncInterceptorsClientCall.java:3)
03-27 14:34:51.340  6335  6930 E NetworkContentDataSourc: 	at com.google.s.r.a.ch.execute(SequentialExecutor.java:34)
03-27 14:34:51.340  6335  6930 E NetworkContentDataSourc: 	at com.google.apps.tiktok.account.data.b.a.execute(D8$$SyntheticClass:44)
03-27 14:34:51.340  6335  6930 E NetworkContentDataSourc: 	at com.google.ac.a.a.a.i.c.a(AsyncInterceptorsClientCall.java:12)
03-27 14:34:51.340  6335  6930 E NetworkContentDataSourc: 	at com.google.ac.a.a.a.i.i.g(AsyncInterceptorsClientCallListener.java:94)
03-27 14:34:51.340  6335  6930 E NetworkContentDataSourc: 	at com.google.ac.a.a.a.i.i.aJ(AsyncInterceptorsClientCallListener.java:23)
03-27 14:34:51.340  6335  6930 E NetworkContentDataSourc: 	at com.google.ac.a.a.a.i.i.a(AsyncInterceptorsClientCallListener.java:8)
03-27 14:34:51.340  6335  6930 E NetworkContentDataSourc: 	at com.google.ac.a.a.a.h.b.run(D8$$SyntheticClass:555)
03-27 14:34:51.340  6335  6930 E NetworkContentDataSourc: 	at com.google.ac.a.a.a.j.a.f(TracePropagatingClientCallListener.java:37)
03-27 14:34:51.340  6335  6930 E NetworkContentDataSourc: 	at com.google.ac.a.a.a.j.a.a(TracePropagatingClientCallListener.java:8)
03-27 14:34:51.340  6335  6930 E NetworkContentDataSourc: 	at com.google.ac.a.a.a.h.b.run(D8$$SyntheticClass:580)
03-27 14:34:51.340  6335  6930 E NetworkContentDataSourc: 	at com.google.firebase.concurrent.c.run(D8$$SyntheticClass:95)
03-27 14:34:51.340  6335  6930 E NetworkContentDataSourc: 	at com.google.s.r.a.cf.run(SequentialExecutor.java:3)
03-27 14:34:51.340  6335  6930 E NetworkContentDataSourc: 	at com.google.s.r.a.cg.run(SequentialExecutor.java:197)
03-27 14:34:51.340  6335  6930 E NetworkContentDataSourc: 	at com.google.s.r.a.ar.execute(DirectExecutor.java:1)
03-27 14:34:51.340  6335  6930 E NetworkContentDataSourc: 	at com.google.ac.a.a.a.i.e.execute(AsyncInterceptorsClientCall.java:3)
03-27 14:34:51.340  6335  6930 E NetworkContentDataSourc: 	at com.google.s.r.a.ch.execute(SequentialExecutor.java:34)
03-27 14:34:51.340  6335  6930 E NetworkContentDataSourc: 	at com.google.apps.tiktok.account.data.b.a.execute(D8$$SyntheticClass:44)
03-27 14:34:51.340  6335  6930 E NetworkContentDataSourc: 	at com.google.ac.a.a.a.i.c.a(AsyncInterceptorsClientCall.java:12)
03-27 14:34:51.340  6335  6930 E NetworkContentDataSourc: 	at com.google.ac.a.a.a.i.i.g(AsyncInterceptorsClientCallListener.java:94)
03-27 14:34:51.340  6335  6930 E NetworkContentDataSourc: 	at com.google.ac.a.a.a.i.i.aJ(AsyncInterceptorsClientCallListener.java:23)
03-27 14:34:51.340  6335  6930 E NetworkContentDataSourc: 	at com.google.ac.a.a.a.i.i.a(AsyncInterceptorsClientCallListener.java:8)
03-27 14:34:51.340  6335  6930 E NetworkContentDataSourc: 	at com.google.ac.a.a.a.h.b.run(D8$$SyntheticClass:555)
03-27 14:34:51.340  6335  6930 E NetworkContentDataSourc: 	at com.google.ac.a.a.a.j.a.f(TracePropagatingClientCallListener.java:37)
03-27 14:34:51.340  6335  6930 E NetworkContentDataSourc: 	at com.google.ac.a.a.a.j.a.a(TracePropagatingClientCallListener.java:8)
03-27 14:34:51.340  6335  6930 E NetworkContentDataSourc: 	at com.google.ac.a.a.a.h.b.run(D8$$SyntheticClass:580)
03-27 14:34:51.340  6335  6930 E NetworkContentDataSourc: 	at com.google.firebase.concurrent.c.run(D8$$SyntheticClass:95)
03-27 14:34:51.340  6335  6930 E NetworkContentDataSourc: 	at com.google.s.r.a.cf.run(SequentialExecutor.java:3)
03-27 14:34:51.340  6335  6930 E NetworkContentDataSourc: 	at com.google.s.r.a.cg.run(SequentialExecutor.java:197)
03-27 14:34:51.340  6335  6930 E NetworkContentDataSourc: 	at com.google.s.r.a.ar.execute(DirectExecutor.java:1)
03-27 14:34:51.340  6335  6930 E NetworkContentDataSourc: 	at com.google.ac.a.a.a.i.e.execute(AsyncInterceptorsClientCall.java:3)
03-27 14:34:51.340  6335  6930 E NetworkContentDataSourc: 	at com.google.s.r.a.ch.execute(SequentialExecutor.java:34)
03-27 14:34:51.340  6335  6930 E NetworkContentDataSourc: 	at com.google.apps.tiktok.account.data.b.a.execute(D8$$SyntheticClass:44)
03-27 14:34:51.340  6335  6930 E NetworkContentDataSourc: 	at com.google.ac.a.a.a.i.c.a(AsyncInterceptorsClientCall.java:12)
03-27 14:34:51.340  6335  6930 E NetworkContentDataSourc: 	at com.google.ac.a.a.a.i.i.g(AsyncInterceptorsClientCallListener.java:94)
03-27 14:34:51.340  6335  6930 E NetworkContentDataSourc: 	at com.google.ac.a.a.a.i.i.aJ(AsyncInterceptorsClientCallListener.java:23)
03-27 14:34:51.340  6335  6930 E NetworkContentDataSourc: 	at com.google.ac.a.a.a.i.i.a(AsyncInterceptorsClientCallListener.java:8)
03-27 14:34:51.340  6335  6930 E NetworkContentDataSourc: 	at com.google.ac.a.a.a.h.b.run(D8$$SyntheticClass:555)
03-27 14:34:51.340  6335  6930 E NetworkContentDataSourc: 	at com.google.ac.a.a.a.j.a.f(TracePropagatingClientCallListener.java:37)
03-27 14:34:51.340  6335  6930 E NetworkContentDataSourc: 	at com.google.ac.a.a.a.j.a.a(TracePropagatingClientCallListener.java:8)
03-27 14:34:51.340  6335  6930 E NetworkContentDataSourc: 	at com.google.ac.a.a.a.h.b.run(D8$$SyntheticClass:580)
03-27 14:34:51.340  6335  6930 E NetworkContentDataSourc: 	at com.google.firebase.concurrent.c.run(D8$$SyntheticClass:95)
03-27 14:34:51.340  6335  6930 E NetworkContentDataSourc: 	at com.google.s.r.a.cf.run(SequentialExecutor.java:3)
03-27 14:34:51.340  6335  6930 E NetworkContentDataSourc: 	at com.google.s.r.a.cg.run(SequentialExecutor.java:197)
03-27 14:34:51.340  6335  6930 E NetworkContentDataSourc: 	at com.google.s.r.a.ar.execute(DirectExecutor.java:1)
03-27 14:34:51.340  6335  6930 E NetworkContentDataSourc: 	at com.google.ac.a.a.a.i.e.execute(AsyncInterceptorsClientCall.java:3)
03-27 14:34:51.341  6335  6930 E NetworkContentDataSourc: 	at com.google.s.r.a.ch.execute(SequentialExecutor.java:34)
03-27 14:34:51.341  6335  6930 E NetworkContentDataSourc: 	at com.google.apps.tiktok.account.data.b.a.execute(D8$$SyntheticClass:44)
03-27 14:34:51.341  6335  6930 E NetworkContentDataSourc: 	at com.google.ac.a.a.a.i.c.a(AsyncInterceptorsClientCall.java:12)
03-27 14:34:51.341  6335  6930 E NetworkContentDataSourc: 	at com.google.ac.a.a.a.i.i.g(AsyncInterceptorsClientCallListener.java:94)
03-27 14:34:51.341  6335  6930 E NetworkContentDataSourc: 	at com.google.ac.a.a.a.i.i.aJ(AsyncInterceptorsClientCallListener.java:23)
03-27 14:34:51.341  6335  6930 E NetworkContentDataSourc: 	at com.google.ac.a.a.a.i.i.a(AsyncInterceptorsClientCallListener.java:8)
03-27 14:34:51.341  6335  6930 E NetworkContentDataSourc: 	at com.google.ac.a.a.a.h.b.run(D8$$SyntheticClass:555)
03-27 14:34:51.341  6335  6930 E NetworkContentDataSourc: 	at com.google.ac.a.a.a.j.a.f(TracePropagatingClientCallListener.java:37)
03-27 14:34:51.341  6335  6930 E NetworkContentDataSourc: 	at com.google.ac.a.a.a.j.a.a(TracePropagatingClientCallListener.java:8)
03-27 14:34:51.341  6335  6930 E NetworkContentDataSourc: 	at com.google.ac.a.a.a.h.b.run(D8$$SyntheticClass:580)
03-27 14:34:51.341  6335  6930 E NetworkContentDataSourc: 	at com.google.firebase.concurrent.c.run(D8$$SyntheticClass:95)
03-27 14:34:51.341  6335  6930 E NetworkContentDataSourc: 	at com.google.s.r.a.cf.run(SequentialExecutor.java:3)
03-27 14:34:51.341  6335  6930 E NetworkContentDataSourc: 	at com.google.s.r.a.cg.run(SequentialExecutor.java:197)
03-27 14:34:51.341  6335  6930 E NetworkContentDataSourc: 	at com.google.s.r.a.ar.execute(DirectExecutor.java:1)
03-27 14:34:51.341  6335  6930 E NetworkContentDataSourc: 	at com.google.ac.a.a.a.i.e.execute(AsyncInterceptorsClientCall.java:3)
03-27 14:34:51.341  6335  6930 E NetworkContentDataSourc: 	at com.google.s.r.a.ch.execute(SequentialExecutor.java:34)
03-27 14:34:51.341  6335  6930 E NetworkContentDataSourc: 	at com.google.apps.tiktok.account.data.b.a.execute(D8$$SyntheticClass:44)
03-27 14:34:51.341  6335  6930 E NetworkContentDataSourc: 	at com.google.ac.a.a.a.i.c.a(AsyncInterceptorsClientCall.java:12)
03-27 14:34:51.341  6335  6930 E NetworkContentDataSourc: 	at com.google.ac.a.a.a.i.i.g(AsyncInterceptorsClientCallListener.java:94)
03-27 14:34:51.341  6335  6930 E NetworkContentDataSourc: 	at com.google.ac.a.a.a.i.i.aJ(AsyncInterceptorsClientCallListener.java:23)
03-27 14:34:51.341  6335  6930 E NetworkContentDataSourc: 	at com.google.ac.a.a.a.i.i.a(AsyncInterceptorsClientCallListener.java:8)
03-27 14:34:51.341  6335  6930 E NetworkContentDataSourc: 	at com.google.ac.a.a.a.h.b.run(D8$$SyntheticClass:555)
03-27 14:34:51.341  6335  6930 E NetworkContentDataSourc: 	at com.google.ac.a.a.a.j.a.f(TracePropagatingClientCallListener.java:37)
03-27 14:34:51.341  6335  6930 E NetworkContentDataSourc: 	at com.google.ac.a.a.a.j.a.a(TracePropagatingClientCallListener.java:8)
03-27 14:34:51.341  6335  6930 E NetworkContentDataSourc: 	at com.google.ac.a.a.a.h.b.run(D8$$SyntheticClass:580)
03-27 14:34:51.341  6335  6930 E NetworkContentDataSourc: 	at com.google.firebase.concurrent.c.run(D8$$SyntheticClass:95)
03-27 14:34:51.341  6335  6930 E NetworkContentDataSourc: 	at com.google.s.r.a.cf.run(SequentialExecutor.java:3)
03-27 14:34:51.341  6335  6930 E NetworkContentDataSourc: 	at com.google.s.r.a.cg.run(SequentialExecutor.java:197)
03-27 14:34:51.341  6335  6930 E NetworkContentDataSourc: 	at com.google.s.r.a.ar.execute(DirectExecutor.java:1)
03-27 14:34:51.341  6335  6930 E NetworkContentDataSourc: 	at com.google.ac.a.a.a.i.e.execute(AsyncInterceptorsClientCall.java:3)
03-27 14:34:51.341  6335  6930 E NetworkContentDataSourc: 	at com.google.s.r.a.ch.execute(SequentialExecutor.java:34)
03-27 14:34:51.341  6335  6930 E NetworkContentDataSourc: 	at com.google.apps.tiktok.account.data.b.a.execute(D8$$SyntheticClass:44)
03-27 14:34:51.341  6335  6930 E NetworkContentDataSourc: 	at com.google.ac.a.a.a.i.c.a(AsyncInterceptorsClientCall.java:12)
03-27 14:34:51.341  6335  6930 E NetworkContentDataSourc: 	at com.google.ac.a.a.a.i.i.g(AsyncInterceptorsClientCallListener.java:94)
03-27 14:34:51.341  6335  6930 E NetworkContentDataSourc: 	at com.google.ac.a.a.a.i.i.aJ(AsyncInterceptorsClientCallListener.java:23)
03-27 14:34:51.341  6335  6930 E NetworkContentDataSourc: 	at com.google.ac.a.a.a.i.i.a(AsyncInterceptorsClientCallListener.java:8)
03-27 14:34:51.341  6335  6930 E NetworkContentDataSourc: 	at com.google.ac.a.a.a.h.b.run(D8$$SyntheticClass:555)
03-27 14:34:51.341  6335  6930 E NetworkContentDataSourc: 	at com.google.apps.tiktok.p.cp.run(TracePropagation.kt:17)
03-27 14:34:51.341  6335  6930 E NetworkContentDataSourc: 	at com.google.ac.a.a.a.j.a.f(TracePropagatingClientCallListener.java:25)
03-27 14:34:51.341  6335  6930 E NetworkContentDataSourc: 	at com.google.ac.a.a.a.j.a.a(TracePropagatingClientCallListener.java:8)
03-27 14:34:51.341  6335  6930 E NetworkContentDataSourc: 	at com.google.ac.a.a.a.h.b.run(D8$$SyntheticClass:580)
03-27 14:34:51.341  6335  6930 E NetworkContentDataSourc: 	at com.google.firebase.concurrent.c.run(D8$$SyntheticClass:95)
03-27 14:34:51.341  6335  6930 E NetworkContentDataSourc: 	at com.google.s.r.a.cf.run(SequentialExecutor.java:3)
03-27 14:34:51.341  6335  6930 E NetworkContentDataSourc: 	at com.google.s.r.a.cg.run(SequentialExecutor.java:197)
03-27 14:34:51.341  6335  6930 E NetworkContentDataSourc: 	at com.google.s.r.a.ar.execute(DirectExecutor.java:1)
03-27 14:34:51.341  6335  6930 E NetworkContentDataSourc: 	at com.google.ac.a.a.a.i.e.execute(AsyncInterceptorsClientCall.java:3)
03-27 14:34:51.341  6335  6930 E NetworkContentDataSourc: 	at com.google.s.r.a.ch.execute(SequentialExecutor.java:34)
03-27 14:34:51.341  6335  6930 E NetworkContentDataSourc: 	at com.google.apps.tiktok.account.data.b.a.execute(D8$$SyntheticClass:44)
03-27 14:34:51.341  6335  6930 E NetworkContentDataSourc: 	at com.google.ac.a.a.a.i.c.a(AsyncInterceptorsClientCall.java:12)
03-27 14:34:51.341  6335  6930 E NetworkContentDataSourc: 	at f.a.cq.a(PartialForwardingClientCallListener.java:3)
03-27 14:34:51.341  6335  6930 E NetworkContentDataSourc: 	at com.google.android.libraries.g.a.c.a(PrimesInterceptor.java:74)
03-27 14:34:51.341  6335  6930 E NetworkContentDataSourc: 	at f.a.e.r.a(ClientCallImpl.java:28)
03-27 14:34:51.341  6335  6930 E NetworkContentDataSourc: 	at f.a.e.ai.run(ContextRunnable.java:7)
03-27 14:34:51.341  6335  6930 E NetworkContentDataSourc: 	at f.a.e.fv.run(SerializingExecutor.java:18)
03-27 14:34:51.341  6335  6930 E NetworkContentDataSourc: 	at com.google.android.libraries.b.s.run(ExceptionHandlingExecutorFactory.java:7)
03-27 14:34:51.341  6335  6930 E NetworkContentDataSourc: 	at com.google.s.k.b.b.run(FixedThreadPool.java:44)
03-27 14:34:51.341  6335  6930 E NetworkContentDataSourc: 	at androidx.compose.b.k.a.c.e.run(D8$$SyntheticClass:113)
03-27 14:34:51.341  6335  6930 E NetworkContentDataSourc: 	at java.lang.Thread.run(Thread.java:1563)
03-27 14:34:51.341  6335  6930 E NetworkContentDataSourc: 	at com.google.android.libraries.b.c.b.run(ManagedPriorityThread.kt:61)
03-27 14:34:51.341  6335  6930 E NetworkContentDataSourc: Caused by: m1.kk: Exception in BidirectionalStream: net::ERR_INTERNET_DISCONNECTED, ErrorCode=2, InternalErrorCode=-106, Retryable=false
03-27 14:34:51.341  6335  6930 E NetworkContentDataSourc: 	at org.chromium.net.impl.CronetBidirectionalStream.onError(:com.google.android.gms.dynamite_cronetdynamite@261133035@26.11.33 (260400-0):3)
03-27 14:34:51.342  6335  6930 I ContentRepositoryImpl: IsCoversheetContentValid? true, Build.ID: CP1A.260305.018, allowedBuildIdPrefixList: [CP1, ZP1], publishDate: 20260303, blockedPublishedContentList: [20250825, 20251202, 20251219, 20260131]
03-27 14:34:51.342  6335  6930 I AppStateManagerImpl: article id = tips_np_hub
03-27 14:34:51.344  6335  8310 I IntentHandledSettingCon: isIntentHandled(Intent { act=android.intent.action.MAIN cat=[android.intent.category.LAUNCHER] cmp=com.google.android.apps.pixel.nowplaying/.mainscreen.NowPlayingMainActivity }): false
03-27 14:34:51.345  6335  6930 I IntentHandledSettingCon: IntentHandledSettingController state: settingIsDisabled
03-27 14:34:51.345  6335  6930 I AppStateManagerImpl: getRealtimeArticleState: state = settingIsDisabled, visibility = true
03-27 14:34:51.345  6335  6930 I FortniteSuggestionState: coversheet hub is: category_coversheet
03-27 14:34:51.346  6335  6930 W libbinder.Binder: Binder transaction to android.content.IContentProvider code 21 took 6163ms. Data bytes: 1032 Reply bytes: 176 Flags: 18
03-27 14:34:51.354  6335  6930 V ClearcutMetricXmitter: Transmission is done.
03-27 14:34:52.635  2812  2812 D WM-DelayedWorkTracker: Scheduling work db45e0c0-2dc3-41de-9d12-1d7e197699ac
03-27 14:34:52.636  2812  2812 D WM-GreedyScheduler: Starting tracking for db45e0c0-2dc3-41de-9d12-1d7e197699ac
03-27 14:34:52.639  2812  3038 D WM-ConstraintTracker: BatteryNotLowTracker: initial state = true
03-27 14:34:52.639  2812  3038 D WM-BrdcstRcvrCnstrntTrc: BatteryNotLowTracker: registering receiver
03-27 14:34:52.642  2812  3038 D WM-GreedyScheduler: Constraints met: Scheduling work ID WorkGenerationalId(workSpecId=db45e0c0-2dc3-41de-9d12-1d7e197699ac, generation=0)
03-27 14:34:52.646  2812  3038 D WM-Processor: Processor: processing WorkGenerationalId(workSpecId=db45e0c0-2dc3-41de-9d12-1d7e197699ac, generation=0)
03-27 14:34:52.656  2812  2812 D WM-WorkerWrapper: Starting work for com.android.providers.media.photopicker.sync.ProactiveSyncWorker
03-27 14:34:52.658  2812  8377 I PSyncWorker: Starting proactive picker sync from sync source: 1
03-27 14:34:52.659  2812  8377 I PickerSyncTracker: Created new sync future java.util.concurrent.CompletableFuture@818a205[Not completed, 1 dependents]. Future map: {db45e0c0-2dc3-41de-9d12-1d7e197699ac=java.util.concurrent.CompletableFuture@818a205[Not completed, 1 dependents]}
03-27 14:34:52.660  2812  8377 D PickerSyncController: syncAllMediaFromProvider() LOCAL, auth=com.android.providers.media.photopicker, retry=true
03-27 14:34:52.660  2812  8377 D PickerSyncController: getSyncRequestParams() LOCAL, auth=com.android.providers.media.photopicker
03-27 14:34:52.664  2812  8377 D PickerSyncController:    Latest ID/Gen=0501dfec6f0d9d62:external_primary/1521
03-27 14:34:52.664  2812  8377 D PickerSyncController:    Cached ID/Gen=0501dfec6f0d9d62:external_primary/1517
03-27 14:34:52.664  2812  8377 D PickerSyncController:    RESULT=SyncRequestParams{type=MEDIA_INCREMENTAL, gen=1517, latest=Bundle[{last_media_sync_generation=1521, media_collection_id=0501dfec6f0d9d62:external_primary}], pageSize=1000}
03-27 14:34:52.665  2812  8377 I PickerSyncController: Executing SyncAdd. isLocal: true. authority: com.android.providers.media.photopicker
03-27 14:34:52.665  2812  8377 D PickerSyncLockManager: Trying to acquire lock com.android.providers.media.photopicker.sync.CloseableReentrantLock@409fd4b[Unlocked]. Lock Name = CLOUD_PROVIDER_LOCK. Threads that may be waiting to acquire this lock = [] with timeout.
03-27 14:34:52.665  2812  8377 D CloseableReentrantLock: Successfully acquired lock com.android.providers.media.photopicker.sync.CloseableReentrantLock@409fd4b[Locked by thread pool-4-thread-6]. Lock Name = CLOUD_PROVIDER_LOCK. Threads that may be waiting to acquire this lock = []
03-27 14:34:52.665  2812  8377 D CloseableReentrantLock: Successfully released lock com.android.providers.media.photopicker.sync.CloseableReentrantLock@409fd4b[Unlocked]. Lock Name = CLOUD_PROVIDER_LOCK. Threads that may be waiting to acquire this lock = []
03-27 14:34:52.665  2812  8377 D ExternalDbFacade: Token received for queryMedia = null
03-27 14:34:52.682  2812  8377 D PickerSyncLockManager: Trying to acquire lock com.android.providers.media.photopicker.sync.CloseableReentrantLock@409fd4b[Unlocked]. Lock Name = CLOUD_PROVIDER_LOCK. Threads that may be waiting to acquire this lock = [] with timeout.
03-27 14:34:52.682  2812  8377 D CloseableReentrantLock: Successfully acquired lock com.android.providers.media.photopicker.sync.CloseableReentrantLock@409fd4b[Locked by thread pool-4-thread-6]. Lock Name = CLOUD_PROVIDER_LOCK. Threads that may be waiting to acquire this lock = []
03-27 14:34:52.682  2812  8377 D PickerSyncController: Saving next page token: 1774602290000|147 for key: local_provider:media_add:resume
03-27 14:34:52.683  2812  8377 D CloseableReentrantLock: Successfully released lock com.android.providers.media.photopicker.sync.CloseableReentrantLock@409fd4b[Unlocked]. Lock Name = CLOUD_PROVIDER_LOCK. Threads that may be waiting to acquire this lock = []
03-27 14:34:52.684  2812  8377 D PickerNotificationSender: Sending a notification for media update
03-27 14:34:52.684  2812  8377 D PickerNotificationSender: Sending a notification for merged album media update Favorites
03-27 14:34:52.684  2812  8377 D PickerNotificationSender: Sending a notification for album media update Favorites
03-27 14:34:52.685  2812  8377 D PickerNotificationSender: Sending a notification for merged album media update Videos
03-27 14:34:52.685  2812  8377 D PickerNotificationSender: Sending a notification for album media update Videos
03-27 14:34:52.685  2812  8377 D ExternalDbFacade: Token received for queryMedia = 1774602290000|147
03-27 14:34:52.687  2812  8377 D PickerSyncLockManager: Trying to acquire lock com.android.providers.media.photopicker.sync.CloseableReentrantLock@409fd4b[Unlocked]. Lock Name = CLOUD_PROVIDER_LOCK. Threads that may be waiting to acquire this lock = [] with timeout.
03-27 14:34:52.687  2812  8377 D CloseableReentrantLock: Successfully acquired lock com.android.providers.media.photopicker.sync.CloseableReentrantLock@409fd4b[Locked by thread pool-4-thread-6]. Lock Name = CLOUD_PROVIDER_LOCK. Threads that may be waiting to acquire this lock = []
03-27 14:34:52.687  2812  8377 D PickerSyncController: Clearing next page token for key: local_provider:media_add:resume
03-27 14:34:52.687  2812  8377 D CloseableReentrantLock: Successfully released lock com.android.providers.media.photopicker.sync.CloseableReentrantLock@409fd4b[Unlocked]. Lock Name = CLOUD_PROVIDER_LOCK. Threads that may be waiting to acquire this lock = []
03-27 14:34:52.687  2812  8377 D PickerNotificationSender: Sending a notification for media update
03-27 14:34:52.687  2812  8377 D PickerNotificationSender: Sending a notification for merged album media update Favorites
03-27 14:34:52.687  2812  8377 D PickerNotificationSender: Sending a notification for album media update Favorites
03-27 14:34:52.688  2812  8377 D PickerNotificationSender: Sending a notification for merged album media update Videos
03-27 14:34:52.688  2812  8377 D PickerNotificationSender: Sending a notification for album media update Videos
03-27 14:34:52.688  2812  8377 I PickerSyncController: Paged sync successful. QueryArgs: Bundle[{android.provider.extra.PAGE_TOKEN=1774602290000|147, android.provider.extra.SYNC_GENERATION=1517, android.provider.extra.PAGE_SIZE=1000}] Total Rows: 1
03-27 14:34:52.688  2812  8377 I PickerSyncController: Executing SyncRemove. isLocal: true. authority: com.android.providers.media.photopicker
03-27 14:34:52.689  2812  8377 D PickerSyncLockManager: Trying to acquire lock com.android.providers.media.photopicker.sync.CloseableReentrantLock@409fd4b[Unlocked]. Lock Name = CLOUD_PROVIDER_LOCK. Threads that may be waiting to acquire this lock = [] with timeout.
03-27 14:34:52.689  2812  8377 D CloseableReentrantLock: Successfully acquired lock com.android.providers.media.photopicker.sync.CloseableReentrantLock@409fd4b[Locked by thread pool-4-thread-6]. Lock Name = CLOUD_PROVIDER_LOCK. Threads that may be waiting to acquire this lock = []
03-27 14:34:52.689  2812  8377 D CloseableReentrantLock: Successfully released lock com.android.providers.media.photopicker.sync.CloseableReentrantLock@409fd4b[Unlocked]. Lock Name = CLOUD_PROVIDER_LOCK. Threads that may be waiting to acquire this lock = []
03-27 14:34:52.689  2812  8377 D PickerSyncLockManager: Trying to acquire lock com.android.providers.media.photopicker.sync.CloseableReentrantLock@409fd4b[Unlocked]. Lock Name = CLOUD_PROVIDER_LOCK. Threads that may be waiting to acquire this lock = [] with timeout.
03-27 14:34:52.689  2812  8377 D CloseableReentrantLock: Successfully acquired lock com.android.providers.media.photopicker.sync.CloseableReentrantLock@409fd4b[Locked by thread pool-4-thread-6]. Lock Name = CLOUD_PROVIDER_LOCK. Threads that may be waiting to acquire this lock = []
03-27 14:34:52.689  2812  8377 D PickerSyncController: Clearing next page token for key: local_provider:media_remove:resume
03-27 14:34:52.689  2812  8377 D CloseableReentrantLock: Successfully released lock com.android.providers.media.photopicker.sync.CloseableReentrantLock@409fd4b[Unlocked]. Lock Name = CLOUD_PROVIDER_LOCK. Threads that may be waiting to acquire this lock = []
03-27 14:34:52.689  2812  8377 D PickerNotificationSender: Sending a notification for media update
03-27 14:34:52.690  2812  8377 D PickerNotificationSender: Sending a notification for merged album media update Favorites
03-27 14:34:52.690  2812  8377 D PickerNotificationSender: Sending a notification for album media update Favorites
03-27 14:34:52.690  2812  8377 D PickerNotificationSender: Sending a notification for merged album media update Videos
03-27 14:34:52.690  2812  8377 D PickerNotificationSender: Sending a notification for album media update Videos
03-27 14:34:52.691  2812  8377 I PickerSyncController: Paged sync successful. QueryArgs: Bundle[{android.provider.extra.PAGE_TOKEN=1774602290000|147, android.provider.extra.SYNC_GENERATION=1517, android.provider.extra.PAGE_SIZE=1000}] Total Rows: 0
03-27 14:34:52.691  2812  8377 I PickerSyncTracker: Marked sync future complete for work id: db45e0c0-2dc3-41de-9d12-1d7e197699ac. Future map: {}
03-27 14:34:52.691  2812  8377 I PSyncWorker: Completed picker proactive sync complete from local provider.
03-27 14:34:52.693  2812  3038 I WM-WorkerWrapper: Worker result SUCCESS for Work [ id=db45e0c0-2dc3-41de-9d12-1d7e197699ac, tags={ com.android.providers.media.photopicker.sync.ProactiveSyncWorker } ]
03-27 14:34:52.696  2812  2812 D WM-Processor: Processor db45e0c0-2dc3-41de-9d12-1d7e197699ac executed; reschedule = false
03-27 14:34:52.696  2812  2812 D WM-GreedyScheduler: Stopping tracking for WorkGenerationalId(workSpecId=db45e0c0-2dc3-41de-9d12-1d7e197699ac, generation=0)
03-27 14:34:52.708  2812  3038 D WM-GreedyScheduler: Cancelling work ID db45e0c0-2dc3-41de-9d12-1d7e197699ac
03-27 14:34:52.710  2812  3038 D WM-GreedyScheduler: Ignoring {WorkSpec: 4311a4e4-1cf3-45b7-8ee9-862bfd086d3f}. Requires device idle.
03-27 14:34:52.710  2812  3038 D WM-GreedyScheduler: Ignoring {WorkSpec: 0354c72b-fd4b-41c5-8cef-ef9c040d728c}. Requires device idle.
03-27 14:34:52.710  2812  3038 D WM-GreedyScheduler: Ignoring {WorkSpec: 25df6392-209c-47a9-8c2d-2ae28e137023}. Requires device idle.
03-27 14:34:52.710  2812  3122 D WM-BrdcstRcvrCnstrntTrc: BatteryNotLowTracker: unregistering receiver
03-27 14:34:53.840  1177  1177 W TracingMuxer: type=1400 audit(0.0:102): avc:  denied  { write } for  name="traced_producer" dev="tmpfs" ino=1270 scontext=u:r:gxp_logging:s0 tcontext=u:object_r:traced_producer_socket:s0 tclass=sock_file permissive=0
03-27 14:34:56.381   932  2101 D AidlBufferPoolAcc: evictor expired: 2, evicted: 0
