--------- beginning of main
03-27 14:31:53.664  1177  1177 W TracingMuxer: type=1400 audit(0.0:80): avc:  denied  { write } for  name="traced_producer" dev="tmpfs" ino=1270 scontext=u:r:gxp_logging:s0 tcontext=u:object_r:traced_producer_socket:s0 tclass=sock_file permissive=0
03-27 14:31:54.514  1709  1724 I pixel-thermal: VIRTUAL-SKIN-CHARGE-WLC:39.4653 raw data: VIRTUAL-SKIN-CHARGE-WLC:39465.3 disp_therm:38806 skin_therm2:40164 usb_pwr_therm2:38673 
03-27 14:31:54.514  1709  1724 I pixel-thermal: VIRTUAL-SKIN-CHARGE-WLC power_budget=1462.68 err=-0.465328 s_power=2000 time_elapsed_ms=7032 p=-372.263 i=0 d=0 dt_per_min=nan compensation=0 budget transient=0 control target=2 excluded power budget=165.056 (PARTIAL_SYSTEM_POWER: 206.32 mW, cdev_weight: 0.800000)
03-27 14:31:54.519  1709  1724 I pixel-thermal: VIRTUAL-SKIN-CPU:37.8833 raw data: VIRTUAL-NEU-QUT-SKIN1-SKIN2-USB-USB2-GNSS-1:37635.6 VIRTUAL-NEU-QUT-SKIN1-SKIN2-USB-USB2-GNSS-4:37194.4 VIRTUAL-QUT-SKIN2-USB-GNSS-3:37470.5 VIRTUAL-QUT-SKIN2-USB-USB2-2:37883.3 VIRTUAL-SKIN:37883.3 VIRTUAL-SKIN-CPU:37883.3 gnss_tcxo_therm:39274 neutral_therm:39385 quiet_therm:38762 skin_therm1:39140 skin_therm2:40164 usb_pwr_therm:38495 usb_pwr_therm2:38673 
03-27 14:31:54.520  1709  1724 I pixel-thermal: VIRTUAL-SKIN-CPU power_budget=2041.74 err=3.1167 s_power=800 time_elapsed_ms=7032 p=1246.68 i=0 d=0 dt_per_min=nan compensation=0 budget transient=0 control target=3 excluded power budget=4.94179 (VSYS_PWR_MODEM: 16.47 mW, cdev_weight: 0.300000)
03-27 14:31:54.520  1709  1724 I pixel-thermal: VIRTUAL-SKIN-CPU binded power rails: (S4M_VDD_CPUCL0: 13.51 mW)(S2M_VDD_CPUCL2: 0.28 mW)(S3M_VDD_CPUCL1: 0.85 mW)
03-27 14:31:54.520  1709  1724 I pixel-thermal: VIRTUAL-SKIN:37.8833 raw data: VIRTUAL-SKIN:37883.3 
03-27 14:31:54.521  1709  1724 I pixel-thermal: VIRTUAL-SKIN-CHARGE:37.8833 raw data: VIRTUAL-SKIN:37883.3 VIRTUAL-SKIN-CHARGE:37883.3 
03-27 14:31:54.521  1709  1724 I pixel-thermal: VIRTUAL-SKIN-CHARGE power_budget=1899.87 err=1.1167 s_power=1200 time_elapsed_ms=7032 p=781.689 i=83.235 d=0 dt_per_min=nan compensation=0 budget transient=0 control target=2 excluded power budget=165.056 (PARTIAL_SYSTEM_POWER: 206.32 mW, cdev_weight: 0.800000)
03-27 14:31:54.521  1709  1724 I pixel-thermal: VIRTUAL-SKIN-HINT:37.8833 raw data: VIRTUAL-SKIN:37883.3 VIRTUAL-SKIN-HINT:37883.3 
03-27 14:31:54.521  1709  1724 I pixel-thermal: VIRTUAL-SKIN-CPU-GPU:37.8833 raw data: VIRTUAL-SKIN:37883.3 VIRTUAL-SKIN-CPU-GPU:37883.3 
03-27 14:31:54.522  1709  1724 I pixel-thermal: VIRTUAL-SKIN-CPU-GPU power_budget=2913.48 err=7.1167 s_power=800 time_elapsed_ms=7032 p=2135.01 i=-21.5306 d=0 dt_per_min=nan compensation=0 budget transient=0 control target=3 excluded power budget=0
03-27 14:31:54.522  1709  1724 I pixel-thermal: VIRTUAL-SKIN-CPU-GPU binded power rails: (S4M_VDD_CPUCL0: 13.51 mW)(S2M_VDD_CPUCL2: 0.28 mW)(S3M_VDD_CPUCL1: 0.85 mW)(S2S_VDD_G3D: 0.05 mW)
03-27 14:31:54.522  1709  1724 I pixel-thermal: cellular-emergency:37.8833 raw data: VIRTUAL-SKIN:37883.3 cellular-emergency:37883.3 
03-27 14:31:54.522  1709  1724 I pixel-thermal: skin_therm1:39.14 raw data: skin_therm1:39140 
03-27 14:31:57.210  2228  2623 I bluetooth: system/gd/hci/le_advertising_manager_impl.cc:868 set_advertising_set_random_address_on_timer: Scheduling address rotation for advertiser_id=0
03-27 14:31:57.210  2228  2623 I bluetooth: system/gd/hci/le_address_manager.cc:581 GetNextPrivateAddressIntervalRange: client=advertising_set_0, nonwake=8m49s, wake=14m19s
03-27 14:31:57.231  2228  2623 I bluetooth: system/gd/hci/le_advertising_manager_impl.cc:1775 on_set_advertising_set_random_address_complete: update random address for advertising set 0 : xx:xx:xx:xx:94:7f
03-27 14:32:01.549  1709  1724 I pixel-thermal: VIRTUAL-SKIN-CHARGE-WLC:39.4429 raw data: VIRTUAL-SKIN-CHARGE-WLC:39442.9 disp_therm:38806 skin_therm2:40142 usb_pwr_therm2:38628 
03-27 14:32:01.550  1709  1724 I pixel-thermal: VIRTUAL-SKIN-CHARGE-WLC power_budget=1480.27 err=-0.44286 s_power=2000 time_elapsed_ms=7030 p=-354.288 i=0 d=0 dt_per_min=nan compensation=0 budget transient=0 control target=2 excluded power budget=165.443 (PARTIAL_SYSTEM_POWER: 206.80 mW, cdev_weight: 0.800000)
03-27 14:32:01.554  1709  1724 I pixel-thermal: VIRTUAL-SKIN-CPU:37.8451 raw data: VIRTUAL-NEU-QUT-SKIN1-SKIN2-USB-USB2-GNSS-1:37594.7 VIRTUAL-NEU-QUT-SKIN1-SKIN2-USB-USB2-GNSS-4:37147.3 VIRTUAL-QUT-SKIN2-USB-GNSS-3:37443.1 VIRTUAL-QUT-SKIN2-USB-USB2-2:37845.1 VIRTUAL-SKIN:37845.1 VIRTUAL-SKIN-CPU:37845.1 gnss_tcxo_therm:39251 neutral_therm:39340 quiet_therm:38739 skin_therm1:39096 skin_therm2:40142 usb_pwr_therm:38450 usb_pwr_therm2:38628 
03-27 14:32:01.554  1709  1724 I pixel-thermal: VIRTUAL-SKIN-CPU power_budget=2055.88 err=3.15495 s_power=800 time_elapsed_ms=7030 p=1261.98 i=0 d=0 dt_per_min=nan compensation=0 budget transient=0 control target=3 excluded power budget=6.10092 (VSYS_PWR_MODEM: 20.34 mW, cdev_weight: 0.300000)
03-27 14:32:01.554  1709  1724 I pixel-thermal: VIRTUAL-SKIN-CPU binded power rails: (S4M_VDD_CPUCL0: 12.58 mW)(S2M_VDD_CPUCL2: 0.26 mW)(S3M_VDD_CPUCL1: 0.13 mW)
03-27 14:32:01.555  1709  1724 I pixel-thermal: VIRTUAL-SKIN:37.8451 raw data: VIRTUAL-SKIN:37845.1 
03-27 14:32:01.555  1709  1724 I pixel-thermal: VIRTUAL-SKIN-CHARGE:37.8451 raw data: VIRTUAL-SKIN:37845.1 VIRTUAL-SKIN-CHARGE:37845.1 
03-27 14:32:01.556  1709  1724 I pixel-thermal: VIRTUAL-SKIN-CHARGE power_budget=1932.03 err=1.15495 s_power=1200 time_elapsed_ms=7030 p=808.464 i=89.0098 d=0 dt_per_min=nan compensation=0 budget transient=0 control target=2 excluded power budget=165.443 (PARTIAL_SYSTEM_POWER: 206.80 mW, cdev_weight: 0.800000)
03-27 14:32:01.556  1709  1724 I pixel-thermal: VIRTUAL-SKIN-HINT:37.8451 raw data: VIRTUAL-SKIN:37845.1 VIRTUAL-SKIN-HINT:37845.1 
03-27 14:32:01.556  1709  1724 I pixel-thermal: VIRTUAL-SKIN-CPU-GPU:37.8451 raw data: VIRTUAL-SKIN:37845.1 VIRTUAL-SKIN-CPU-GPU:37845.1 
03-27 14:32:01.556  1709  1724 I pixel-thermal: VIRTUAL-SKIN-CPU-GPU power_budget=2924.95 err=7.15495 s_power=800 time_elapsed_ms=7030 p=2146.48 i=-21.5306 d=0 dt_per_min=nan compensation=0 budget transient=0 control target=3 excluded power budget=0
03-27 14:32:01.557  1709  1724 I pixel-thermal: VIRTUAL-SKIN-CPU-GPU binded power rails: (S4M_VDD_CPUCL0: 12.58 mW)(S2M_VDD_CPUCL2: 0.26 mW)(S3M_VDD_CPUCL1: 0.13 mW)(S2S_VDD_G3D: 0.45 mW)
03-27 14:32:01.557  1709  1724 I pixel-thermal: cellular-emergency:37.8451 raw data: VIRTUAL-SKIN:37845.1 cellular-emergency:37845.1 
03-27 14:32:01.557  1709  1724 I pixel-thermal: skin_therm1:39.096 raw data: skin_therm1:39096 
03-27 14:32:03.677  2228  2623 I bluetooth: system/gd/hci/le_advertising_manager_impl.cc:868 set_advertising_set_random_address_on_timer: Scheduling address rotation for advertiser_id=1
03-27 14:32:03.677  2228  2623 I bluetooth: system/gd/hci/le_address_manager.cc:581 GetNextPrivateAddressIntervalRange: client=advertising_set_1, nonwake=7m2s, wake=13m20s
03-27 14:32:03.694  2228  2623 I bluetooth: system/gd/hci/le_advertising_manager_impl.cc:1775 on_set_advertising_set_random_address_complete: update random address for advertising set 1 : xx:xx:xx:xx:17:dc
--------- beginning of system
03-27 14:32:06.202  1736  2705 D OomAdjuster: Not killing cached processes
03-27 14:32:08.586  1709  1724 I pixel-thermal: VIRTUAL-SKIN-CHARGE-WLC:39.3922 raw data: VIRTUAL-SKIN-CHARGE-WLC:39392.2 disp_therm:38784 skin_therm2:40053 usb_pwr_therm2:38628 
03-27 14:32:08.586  1709  1724 I pixel-thermal: VIRTUAL-SKIN-CHARGE-WLC power_budget=1520.81 err=-0.392189 s_power=2000 time_elapsed_ms=7034 p=-313.751 i=0 d=0 dt_per_min=nan compensation=0 budget transient=0 control target=2 excluded power budget=165.443 (PARTIAL_SYSTEM_POWER: 206.80 mW, cdev_weight: 0.800000)
03-27 14:32:08.589  1709  1724 I pixel-thermal: VIRTUAL-SKIN-CPU:37.8085 raw data: VIRTUAL-NEU-QUT-SKIN1-SKIN2-USB-USB2-GNSS-1:37527.8 VIRTUAL-NEU-QUT-SKIN1-SKIN2-USB-USB2-GNSS-4:37080.2 VIRTUAL-QUT-SKIN2-USB-GNSS-3:37356.6 VIRTUAL-QUT-SKIN2-USB-USB2-2:37808.5 VIRTUAL-SKIN:37808.5 VIRTUAL-SKIN-CPU:37808.5 gnss_tcxo_therm:39140 neutral_therm:39296 quiet_therm:38628 skin_therm1:39029 skin_therm2:40053 usb_pwr_therm:38406 usb_pwr_therm2:38628 
03-27 14:32:08.589  1709  1724 I pixel-thermal: VIRTUAL-SKIN-CPU power_budget=2070.78 err=3.19154 s_power=800 time_elapsed_ms=7034 p=1276.62 i=0 d=0 dt_per_min=nan compensation=0 budget transient=0 control target=3 excluded power budget=5.8403 (VSYS_PWR_MODEM: 19.47 mW, cdev_weight: 0.300000)
03-27 14:32:08.589  1709  1724 I pixel-thermal: VIRTUAL-SKIN-CPU binded power rails: (S4M_VDD_CPUCL0: 11.56 mW)(S2M_VDD_CPUCL2: 0.76 mW)(S3M_VDD_CPUCL1: 0.11 mW)
03-27 14:32:08.590  1709  1724 I pixel-thermal: VIRTUAL-SKIN:37.8085 raw data: VIRTUAL-SKIN:37808.5 
03-27 14:32:08.591  1709  1724 I pixel-thermal: VIRTUAL-SKIN-CHARGE:37.8085 raw data: VIRTUAL-SKIN:37808.5 VIRTUAL-SKIN-CHARGE:37808.5 
03-27 14:32:08.591  1709  1724 I pixel-thermal: VIRTUAL-SKIN-CHARGE power_budget=1963.61 err=1.19154 s_power=1200 time_elapsed_ms=7034 p=834.081 i=94.9675 d=0 dt_per_min=nan compensation=0 budget transient=0 control target=2 excluded power budget=165.443 (PARTIAL_SYSTEM_POWER: 206.80 mW, cdev_weight: 0.800000)
03-27 14:32:08.591  1709  1724 I pixel-thermal: VIRTUAL-SKIN-HINT:37.8085 raw data: VIRTUAL-SKIN:37808.5 VIRTUAL-SKIN-HINT:37808.5 
03-27 14:32:08.592  1709  1724 I pixel-thermal: VIRTUAL-SKIN-CPU-GPU:37.8085 raw data: VIRTUAL-SKIN:37808.5 VIRTUAL-SKIN-CPU-GPU:37808.5 
03-27 14:32:08.592  1709  1724 I pixel-thermal: VIRTUAL-SKIN-CPU-GPU power_budget=2935.93 err=7.19154 s_power=800 time_elapsed_ms=7034 p=2157.46 i=-21.5306 d=0 dt_per_min=nan compensation=0 budget transient=0 control target=3 excluded power budget=0
03-27 14:32:08.592  1709  1724 I pixel-thermal: VIRTUAL-SKIN-CPU-GPU binded power rails: (S4M_VDD_CPUCL0: 11.56 mW)(S2M_VDD_CPUCL2: 0.76 mW)(S3M_VDD_CPUCL1: 0.11 mW)(S2S_VDD_G3D: 0.06 mW)
03-27 14:32:08.592  1709  1724 I pixel-thermal: cellular-emergency:37.8085 raw data: VIRTUAL-SKIN:37808.5 cellular-emergency:37808.5 
03-27 14:32:08.593  1709  1724 I pixel-thermal: skin_therm1:39.029 raw data: skin_therm1:39029 
03-27 14:32:15.621  1709  1724 I pixel-thermal: VIRTUAL-SKIN-CHARGE-WLC:39.3642 raw data: VIRTUAL-SKIN-CHARGE-WLC:39364.2 disp_therm:38762 skin_therm2:40030 usb_pwr_therm2:38584 
03-27 14:32:15.621  1709  1724 I pixel-thermal: VIRTUAL-SKIN-CHARGE-WLC power_budget=1543.81 err=-0.364182 s_power=2000 time_elapsed_ms=7035 p=-291.345 i=0 d=0 dt_per_min=nan compensation=0 budget transient=0 control target=2 excluded power budget=164.844 (PARTIAL_SYSTEM_POWER: 206.05 mW, cdev_weight: 0.800000)
03-27 14:32:15.624  1709  1724 I pixel-thermal: VIRTUAL-SKIN-CPU:37.7741 raw data: VIRTUAL-NEU-QUT-SKIN1-SKIN2-USB-USB2-GNSS-1:37472 VIRTUAL-NEU-QUT-SKIN1-SKIN2-USB-USB2-GNSS-4:37002 VIRTUAL-QUT-SKIN2-USB-GNSS-3:37336.5 VIRTUAL-QUT-SKIN2-USB-USB2-2:37774.1 VIRTUAL-SKIN:37774.1 VIRTUAL-SKIN-CPU:37774.1 gnss_tcxo_therm:39140 neutral_therm:39229 quiet_therm:38628 skin_therm1:38962 skin_therm2:40030 usb_pwr_therm:38361 usb_pwr_therm2:38584 
03-27 14:32:15.624  1709  1724 I pixel-thermal: VIRTUAL-SKIN-CPU power_budget=2084.94 err=3.22594 s_power=800 time_elapsed_ms=7035 p=1290.38 i=0 d=0 dt_per_min=nan compensation=0 budget transient=0 control target=3 excluded power budget=5.43572 (VSYS_PWR_MODEM: 18.12 mW, cdev_weight: 0.300000)
03-27 14:32:15.625  1709  1724 I pixel-thermal: VIRTUAL-SKIN-CPU binded power rails: (S4M_VDD_CPUCL0: 11.23 mW)(S2M_VDD_CPUCL2: 0.14 mW)(S3M_VDD_CPUCL1: 0.04 mW)
03-27 14:32:15.625  1709  1724 I pixel-thermal: VIRTUAL-SKIN:37.7741 raw data: VIRTUAL-SKIN:37774.1 
03-27 14:32:15.626  1709  1724 I pixel-thermal: VIRTUAL-SKIN-CHARGE:37.7741 raw data: VIRTUAL-SKIN:37774.1 VIRTUAL-SKIN-CHARGE:37774.1 
03-27 14:32:15.626  1709  1724 I pixel-thermal: VIRTUAL-SKIN-CHARGE power_budget=1994.41 err=1.22594 s_power=1200 time_elapsed_ms=7035 p=858.161 i=101.097 d=0 dt_per_min=nan compensation=0 budget transient=0 control target=2 excluded power budget=164.844 (PARTIAL_SYSTEM_POWER: 206.05 mW, cdev_weight: 0.800000)
03-27 14:32:15.626  1709  1724 I pixel-thermal: VIRTUAL-SKIN-HINT:37.7741 raw data: VIRTUAL-SKIN:37774.1 VIRTUAL-SKIN-HINT:37774.1 
03-27 14:32:15.626  1709  1724 I pixel-thermal: VIRTUAL-SKIN-CPU-GPU:37.7741 raw data: VIRTUAL-SKIN:37774.1 VIRTUAL-SKIN-CPU-GPU:37774.1 
03-27 14:32:15.627  1709  1724 I pixel-thermal: VIRTUAL-SKIN-CPU-GPU power_budget=2946.25 err=7.22594 s_power=800 time_elapsed_ms=7035 p=2167.78 i=-21.5306 d=0 dt_per_min=nan compensation=0 budget transient=0 control target=3 excluded power budget=0
03-27 14:32:15.627  1709  1724 I pixel-thermal: VIRTUAL-SKIN-CPU-GPU binded power rails: (S4M_VDD_CPUCL0: 11.23 mW)(S2M_VDD_CPUCL2: 0.14 mW)(S3M_VDD_CPUCL1: 0.04 mW)(S2S_VDD_G3D: 0.08 mW)
03-27 14:32:15.627  1709  1724 I pixel-thermal: cellular-emergency:37.7741 raw data: VIRTUAL-SKIN:37774.1 cellular-emergency:37774.1 
03-27 14:32:15.628  1709  1724 I pixel-thermal: skin_therm1:38.962 raw data: skin_therm1:38962 
03-27 14:32:22.648  1709  1724 I pixel-thermal: VIRTUAL-SKIN-CHARGE-WLC:39.3034 raw data: VIRTUAL-SKIN-CHARGE-WLC:39303.4 disp_therm:38673 skin_therm2:39964 usb_pwr_therm2:38561 
03-27 14:32:22.648  1709  1724 I pixel-thermal: VIRTUAL-SKIN-CHARGE-WLC power_budget=1592.43 err=-0.30341 s_power=2000 time_elapsed_ms=7035 p=-242.728 i=0 d=0 dt_per_min=nan compensation=0 budget transient=0 control target=2 excluded power budget=164.844 (PARTIAL_SYSTEM_POWER: 206.05 mW, cdev_weight: 0.800000)
03-27 14:32:22.651  1709  1724 I pixel-thermal: VIRTUAL-SKIN-CPU:37.755 raw data: VIRTUAL-NEU-QUT-SKIN1-SKIN2-USB-USB2-GNSS-1:37417.4 VIRTUAL-NEU-QUT-SKIN1-SKIN2-USB-USB2-GNSS-4:36922.6 VIRTUAL-QUT-SKIN2-USB-GNSS-3:37306.6 VIRTUAL-QUT-SKIN2-USB-USB2-2:37755 VIRTUAL-SKIN:37755 VIRTUAL-SKIN-CPU:37755 gnss_tcxo_therm:39096 neutral_therm:39185 quiet_therm:38584 skin_therm1:38895 skin_therm2:39964 usb_pwr_therm:38428 usb_pwr_therm2:38561 
03-27 14:32:22.652  1709  1724 I pixel-thermal: VIRTUAL-SKIN-CPU power_budget=2092.18 err=3.24504 s_power=800 time_elapsed_ms=7035 p=1298.02 i=0 d=0 dt_per_min=nan compensation=0 budget transient=0 control target=3 excluded power budget=5.83303 (VSYS_PWR_MODEM: 19.44 mW, cdev_weight: 0.300000)
03-27 14:32:22.652  1709  1724 I pixel-thermal: VIRTUAL-SKIN-CPU binded power rails: (S4M_VDD_CPUCL0: 11.28 mW)(S2M_VDD_CPUCL2: 0.14 mW)(S3M_VDD_CPUCL1: 0.01 mW)
03-27 14:32:22.653  1709  1724 I pixel-thermal: VIRTUAL-SKIN:37.755 raw data: VIRTUAL-SKIN:37755 
03-27 14:32:22.653  1709  1724 I pixel-thermal: VIRTUAL-SKIN-CHARGE:37.755 raw data: VIRTUAL-SKIN:37755 VIRTUAL-SKIN-CHARGE:37755 
03-27 14:32:22.653  1709  1724 I pixel-thermal: VIRTUAL-SKIN-CHARGE power_budget=2014.01 err=1.24504 s_power=1200 time_elapsed_ms=7035 p=871.531 i=107.322 d=0 dt_per_min=nan compensation=0 budget transient=0 control target=2 excluded power budget=164.844 (PARTIAL_SYSTEM_POWER: 206.05 mW, cdev_weight: 0.800000)
03-27 14:32:22.653  1709  1724 I pixel-thermal: VIRTUAL-SKIN-HINT:37.755 raw data: VIRTUAL-SKIN:37755 VIRTUAL-SKIN-HINT:37755 
03-27 14:32:22.654  1709  1724 I pixel-thermal: VIRTUAL-SKIN-CPU-GPU:37.755 raw data: VIRTUAL-SKIN:37755 VIRTUAL-SKIN-CPU-GPU:37755 
03-27 14:32:22.654  1709  1724 I pixel-thermal: VIRTUAL-SKIN-CPU-GPU power_budget=2951.98 err=7.24504 s_power=800 time_elapsed_ms=7035 p=2173.51 i=-21.5306 d=0 dt_per_min=nan compensation=0 budget transient=0 control target=3 excluded power budget=0
03-27 14:32:22.654  1709  1724 I pixel-thermal: VIRTUAL-SKIN-CPU-GPU binded power rails: (S4M_VDD_CPUCL0: 11.28 mW)(S2M_VDD_CPUCL2: 0.14 mW)(S3M_VDD_CPUCL1: 0.01 mW)(S2S_VDD_G3D: 0.06 mW)
03-27 14:32:22.654  1709  1724 I pixel-thermal: cellular-emergency:37.755 raw data: VIRTUAL-SKIN:37755 cellular-emergency:37755 
03-27 14:32:22.655  1709  1724 I pixel-thermal: skin_therm1:38.895 raw data: skin_therm1:38895 
03-27 14:32:23.700  1177  1177 W TracingMuxer: type=1400 audit(0.0:81): avc:  denied  { write } for  name="traced_producer" dev="tmpfs" ino=1270 scontext=u:r:gxp_logging:s0 tcontext=u:object_r:traced_producer_socket:s0 tclass=sock_file permissive=0
03-27 14:32:25.297  2251  2742 D HbmSvManager: Ambient sensor :  TMD3719 Ambient Light update Lux : 162.59758
03-27 14:32:25.494  2251  2742 D HbmSvManager: Ambient sensor :  TMD3719 Ambient Light update Lux : 159.22145
03-27 14:32:25.559  2251  2742 D HbmSvManager: Ambient sensor :  TMD3719 Ambient Light update Lux : 158.88286
03-27 14:32:25.659  2251  2742 D HbmSvManager: Ambient sensor :  TMD3719 Ambient Light update Lux : 158.5088
03-27 14:32:27.701  1178  1178 D AOC     : A3:MSG: lsm6dsv_device.cc, 732: USF: Lsm6dsvDevice: Sensor 3: Enabled 0, odr_index 0, period_ns 0.
03-27 14:32:27.705  1178  1178 D AOC     : A3:MSG: lsm6dsv_fifo.cc, 755: USF: Lsm6dsvFifo: ODR: XL/G/T/TS: 60/60/15/7 WM: 6 Intr: 24.
03-27 14:32:27.705  1178  1178 D AOC     : A3:MSG: lsm6dsv_device.cc, 641: USF: Lsm6dsvDevice: Fifo was disabled for 1365682ns.
03-27 14:32:27.707  1178  1178 D AOC     : A3:MSG: usf_sensor.cc, 1713: USF: Received stop sampling request for LSM6DSV Motion Detect (active:-1).
03-27 14:32:27.707  1178  1178 D AOC     : A3:MSG: usf_sensor.cc, 2169: USF: Sampling configuration 3 not found.
03-27 14:32:27.708  1178  1178 D AOC     : A3:MSG: usf_sensor_client.cc, 161: USF: Received kErrNotFound when disabling one shot sensor.
03-27 14:32:27.708  1178  1178 D AOC     : A3:MSG: usf_sensor.cc, 1705: USF: Received start sampling request for LSM6DSV Stationary Detect (active:1).
03-27 14:32:27.708  1178  1178 D AOC     : A3:MSG: lsm6dsv_device.cc, 732: USF: Lsm6dsvDevice: Sensor 4: Enabled 1, odr_index 1, period_ns 500000000.
03-27 14:32:27.711  1178  1178 D AOC     : A3:MSG: lsm6dsv_fifo.cc, 755: USF: Lsm6dsvFifo: ODR: XL/G/T/TS: 60/60/15/7 WM: 6 Intr: 24.
03-27 14:32:27.712  1178  1178 D AOC     : A3:MSG: lsm6dsv_device.cc, 641: USF: Lsm6dsvDevice: Fifo was disabled for 1248373ns.
03-27 14:32:27.713  1178  1178 D AOC     : A3:MSG: motion_state_sensor.cc, 327: USF: MoSt: StationaryDetect sampling started with sampling ID 41.
03-27 14:32:27.713  1178  1178 D AOC     : A3:MSG: usf_sensor.cc, 1713: USF: Received stop sampling request for LSM6DSV Motion Detect (active:-1).
03-27 14:32:27.714  1178  1178 D AOC     : A3:MSG: usf_sensor.cc, 2169: USF: Sampling configuration 10 not found.
03-27 14:32:27.715  1178  1178 D AOC     : A3:MSG: usf_sensor_client.cc, 145: USF: Received kErrNotFound when disabling one shot sensor.
03-27 14:32:27.715  1178  1178 D AOC     : A3:MSG: vsc_controller.cc, 550: VSC: [Step Counter] stopSensorEvents: sensor 0x20002
03-27 14:32:27.715  1178  1178 D AOC     : A3:MSG: vsc_controller.cc, 532: VSC: [Step Counter] requestSensorEvents: sensor 0x10001, period=20 latency=1000ms.
03-27 14:32:27.716  1178  1178 D AOC     : A3:MSG: usf_sensor.cc, 1705: USF: Received start sampling request for LSM6DSV Accelerometer (active:4).
03-27 14:32:27.716  1178  1178 D AOC     : A3:MSG: vsc_controller.cc, 550: VSC: [Significant Motion] stopSensorEvents: sensor 0x20002
03-27 14:32:27.716  1178  1178 D AOC     : A3:MSG: vsc_controller.cc, 532: VSC: [Significant Motion] requestSensorEvents: sensor 0x10001, period=20 latency=3200m
03-27 14:32:27.716  1178  1178 D AOC     : A3:MSG: usf_sensor.cc, 1705: USF: Received start sampling request for LSM6DSV Accelerometer (active:5).
03-27 14:32:27.717  1178  1178 D AOC     : A3:MSG: lsm6dsv_device.cc, 732: USF: Lsm6dsvDevice: Sensor 0: Enabled 1, odr_index 5, period_ns 20000000.
03-27 14:32:27.717  1178  1178 D AOC     : A3:MSG: lsm6dsv_fifo.cc, 755: USF: Lsm6dsvFifo: ODR: XL/G/T/TS: 60/60/15/7 WM: 6 Intr: 24.
03-27 14:32:27.717  1178  1178 D AOC     : A3:MSG: lsm6dsv_device.cc, 641: USF: Lsm6dsvDevice: Fifo was disabled for 407227ns.
03-27 14:32:27.720  1178  1178 D AOC     : A3:MSG: usf_sensor.cc, 1705: USF: Received start sampling request for LSM6DSV Accelerometer (active:5).
03-27 14:32:27.721  1178  1178 D AOC     : A3:MSG: usf_sensor.cc, 1705: USF: Received start sampling request for LSM6DSV FreeFall Detect (active:1).
03-27 14:32:27.721  1178  1178 D AOC     : A3:MSG: lsm6dsv_device.cc, 732: USF: Lsm6dsvDevice: Sensor 5: Enabled 1, odr_index 2, period_ns 500000000.
03-27 14:32:27.723  1178  1178 D AOC     : A3:MSG: lsm6dsv_fifo.cc, 755: USF: Lsm6dsvFifo: ODR: XL/G/T/TS: 60/60/15/7 WM: 6 Intr: 24.
03-27 14:32:27.723  1178  1178 D AOC     : A3:MSG: lsm6dsv_device.cc, 641: USF: Lsm6dsvDevice: Fifo was disabled for 754232ns.
03-27 14:32:27.725   891  1020 I CHRE    : @ 545.192: [AR] IDLE => ON
03-27 14:32:27.726  1178  1178 D AOC     : A3:MSG: usf_sensor.cc, 1705: USF: Received start sampling request for LSM6DSV Stationary Detect (active:2).
03-27 14:32:27.726  1178  1178 D AOC     : A3:MSG: usf_sensor.cc, 1713: USF: Received stop sampling request for LSM6DSV Motion Detect (active:-1).
03-27 14:32:27.727  1178  1178 D AOC     : A3:MSG: usf_sensor.cc, 2169: USF: Sampling configuration 4 not found.
03-27 14:32:27.727  1178  1178 D AOC     : A3:MSG: usf_sensor_client.cc, 145: USF: Received kErrNotFound when disabling one shot sensor.
03-27 14:32:27.729   891  1020 D CHRE.HAL: Received a nanoapp message from 0x476f6f676c001016 endpoint 0x9: Type 0x8003 size 1 
03-27 14:32:27.748  1736  2047 D OomAdjuster: Not killing cached processes
03-27 14:32:27.767  2270  2270 D GRIL-S  : [0014]> UPDATE_DEVICE_STATE DeviceState: Usb:1, Wifi: 0, Wifi AP: 0, Earpiece: 0, Bluetooth: 1, Wireless charging: 0, Screen: 1, Camera: 0, 0, -, -, Motion: 1, Bluetooth tethering: 0, Voice: 0, Wifi 2.4G: 0, Radio: 0, Bluetooth connected: 0, Bluetooth media: 0, Wifi Band: 0, Wifi AP Band: 0, Wifi call: 0, mmWave: 0, mCellBackhaul: 0, mHallSensor: 0, mDozeStatus: 0, mAppClassInfo: 0, mWifiCapSensorStatus: 0, mCellCapSensorStatus: 0, mBesideHeadHandStatus: 0, mSpeakerStatus: 0, mProtectiveCaseStatus: 0, mWifiSettingStatus: 0, mGpsStatus: 0
03-27 14:32:27.821  2270  2906 D GRIL-S  : [0014]< UPDATE_DEVICE_STATE 
03-27 14:32:27.956  1178  1178 D AOC     : A3:MSG: usf_sensor.cc, 1705: USF: Received start sampling request for LSM6DSV Gyroscope (active:2).
03-27 14:32:27.956  1178  1178 D AOC     : A3:MSG: lsm6dsv_device.cc, 732: USF: Lsm6dsvDevice: Sensor 1: Enabled 1, odr_index 7, period_ns 5000000.
03-27 14:32:27.956  1178  1178 D AOC     : A3:MSG: lsm6dsv_fifo.cc, 755: USF: Lsm6dsvFifo: ODR: XL/G/T/TS: 60/240/15/30 WM: 19 Intr: 19.
03-27 14:32:27.958  1178  1178 D AOC     : A3:MSG: lsm6dsv_device.cc, 641: USF: Lsm6dsvDevice: Fifo was disabled for 1062663ns.
03-27 14:32:27.961  1178  1178 D AOC     : A3:MSG: usf_sensor.cc, 1705: USF: Received start sampling request for MMC56X3X Magnetometer (active:2).
03-27 14:32:27.962  1178  1178 D AOC     : A3:MSG: mmc56x3x_device.cc, 409: USF: MMC56X3X0: mmc56x3x_enable_measure odr = 100.
03-27 14:32:29.684  1709  1724 I pixel-thermal: VIRTUAL-SKIN-CHARGE-WLC:39.2862 raw data: VIRTUAL-SKIN-CHARGE-WLC:39286.2 disp_therm:38673 skin_therm2:39941 usb_pwr_therm2:38539 
03-27 14:32:29.684  1709  1724 I pixel-thermal: VIRTUAL-SKIN-CHARGE-WLC power_budget=1606.35 err=-0.286182 s_power=2000 time_elapsed_ms=7027 p=-228.946 i=0 d=0 dt_per_min=nan compensation=0 budget transient=0 control target=2 excluded power budget=164.707 (PARTIAL_SYSTEM_POWER: 205.88 mW, cdev_weight: 0.800000)
03-27 14:32:29.689  1709  1724 I pixel-thermal: VIRTUAL-SKIN-CPU:37.7226 raw data: VIRTUAL-NEU-QUT-SKIN1-SKIN2-USB-USB2-GNSS-1:37437.7 VIRTUAL-NEU-QUT-SKIN1-SKIN2-USB-USB2-GNSS-4:36992.3 VIRTUAL-QUT-SKIN2-USB-GNSS-3:37266.8 VIRTUAL-QUT-SKIN2-USB-USB2-2:37722.6 VIRTUAL-SKIN:37722.6 VIRTUAL-SKIN-CPU:37722.6 gnss_tcxo_therm:39051 neutral_therm:39162 quiet_therm:38539 skin_therm1:38940 skin_therm2:39941 usb_pwr_therm:38361 usb_pwr_therm2:38539 
03-27 14:32:29.689  1709  1724 I pixel-thermal: VIRTUAL-SKIN-CPU power_budget=2104.52 err=3.2774 s_power=800 time_elapsed_ms=7027 p=1310.96 i=0 d=0 dt_per_min=nan compensation=0 budget transient=0 control target=3 excluded power budget=6.44339 (VSYS_PWR_MODEM: 21.48 mW, cdev_weight: 0.300000)
03-27 14:32:29.689  1709  1724 I pixel-thermal: VIRTUAL-SKIN-CPU binded power rails: (S4M_VDD_CPUCL0: 11.95 mW)(S2M_VDD_CPUCL2: 0.21 mW)(S3M_VDD_CPUCL1: 0.16 mW)
03-27 14:32:29.690  1709  1724 I pixel-thermal: VIRTUAL-SKIN:37.7226 raw data: VIRTUAL-SKIN:37722.6 
03-27 14:32:29.690  1709  1724 I pixel-thermal: VIRTUAL-SKIN-CHARGE:37.7226 raw data: VIRTUAL-SKIN:37722.6 VIRTUAL-SKIN-CHARGE:37722.6 
03-27 14:32:29.690  1709  1724 I pixel-thermal: VIRTUAL-SKIN-CHARGE power_budget=2043.18 err=1.2774 s_power=1200 time_elapsed_ms=7027 p=894.178 i=113.709 d=0 dt_per_min=nan compensation=0 budget transient=0 control target=2 excluded power budget=164.707 (PARTIAL_SYSTEM_POWER: 205.88 mW, cdev_weight: 0.800000)
03-27 14:32:29.690  1709  1724 I pixel-thermal: VIRTUAL-SKIN-HINT:37.7226 raw data: VIRTUAL-SKIN:37722.6 VIRTUAL-SKIN-HINT:37722.6 
03-27 14:32:29.691  1709  1724 I pixel-thermal: VIRTUAL-SKIN-CPU-GPU:37.7226 raw data: VIRTUAL-SKIN:37722.6 VIRTUAL-SKIN-CPU-GPU:37722.6 
03-27 14:32:29.691  1709  1724 I pixel-thermal: VIRTUAL-SKIN-CPU-GPU power_budget=2961.69 err=7.2774 s_power=800 time_elapsed_ms=7027 p=2183.22 i=-21.5306 d=0 dt_per_min=nan compensation=0 budget transient=0 control target=3 excluded power budget=0
03-27 14:32:29.691  1709  1724 I pixel-thermal: VIRTUAL-SKIN-CPU-GPU binded power rails: (S4M_VDD_CPUCL0: 11.95 mW)(S2M_VDD_CPUCL2: 0.21 mW)(S3M_VDD_CPUCL1: 0.16 mW)(S2S_VDD_G3D: 0.05 mW)
03-27 14:32:29.692  1709  1724 I pixel-thermal: cellular-emergency:37.7226 raw data: VIRTUAL-SKIN:37722.6 cellular-emergency:37722.6 
03-27 14:32:29.692  1709  1724 I pixel-thermal: skin_therm1:38.94 raw data: skin_therm1:38940 
03-27 14:32:29.857  1709  1724 I pixel-thermal: VIRTUAL-USB-UI:0 raw data: USB-MINUS-SKIN2:-1580 VIRTUAL-USB-UI:0 skin_therm2:39941 usb_pwr_therm:38361 
03-27 14:32:29.857  1709  1724 I pixel-thermal: VIRTUAL-USB-THROTTLING:0 raw data: USB-MINUS-SKIN2:-1580 VIRTUAL-USB-THROTTLING:0 usb_pwr_therm:38361 
03-27 14:32:29.857  1709  1724 I pixel-thermal: usb_pwr_therm:38.361 raw data: usb_pwr_therm:38361 
03-27 14:32:29.858  1709  1724 I pixel-thermal: Power rails total power: 391.50 mW for 60030 ms
03-27 14:32:29.858  1709  1724 I pixel-thermal: Power rails [S6M_LLDO1: 25.50 mW] [L7S_SENSORS: 3.28 mW] [S10M_VDD_TPU: 0.00 mW] [S6S_LLDO2: 15.30 mW] [S8M_LLDO2: 34.15 mW] [S5M_VDD_INT: 5.85 mW] 
03-27 14:32:29.858  1709  1724 I pixel-thermal: Power rails [S3M_VDD_CPUCL1: 0.57 mW] [VSYS_PWR_CAM: 3.66 mW] [S2M_VDD_CPUCL2: 0.33 mW] [S1M_VDD_MIF: 12.83 mW] [S4M_VDD_CPUCL0: 12.21 mW] [VSYS_PWR_WLAN_BT: 6.92 mW] 
03-27 14:32:29.858  1709  1724 I pixel-thermal: Power rails [VSYS_PWR_RFFE: 2.13 mW] [VSYS_PWR_MODEM: 19.35 mW] [VSYS_PWR_MMWAVE: 2.02 mW] [S7S_MLDO: 44.59 mW] [S8S_VDD_G3D_L2: 0.01 mW] [S5S_VDDQ_MEM: 1.30 mW] 
03-27 14:32:29.858  1709  1724 I pixel-thermal: Power rails [S1S_VDD_CAM: 11.03 mW] [S2S_VDD_G3D: 0.10 mW] [S9S_VDD_AOC: 7.30 mW] [S4S_VDD2H_MEM: 22.85 mW] [L15M_VDD_SLC_M: 11.96 mW] [VSYS_PWR_DISPLAY: 148.25 mW] 
03-27 14:32:29.858  1709  1724 I pixel-thermal: CDEV log dc_icl state:8 gxp-cooling state:0 tpu_cooling state:2 usbc-port state:0 thermal-cpufreq-1 state:0 fcc state:7 thermal-gpufreq-0 state:0 thermal-cpufreq-2 state:0 thermal-cpufreq-0 state:0 
03-27 14:32:32.166  1178  1178 D AOC     : A3:MSG: lsm6dsv_device.cc, 732: USF: Lsm6dsvDevice: Sensor 4: Enabled 0, odr_index 0, period_ns 0.
03-27 14:32:32.167  1178  1178 D AOC     : A3:MSG: lsm6dsv_fifo.cc, 755: USF: Lsm6dsvFifo: ODR: XL/G/T/TS: 60/240/15/30 WM: 19 Intr: 19.
03-27 14:32:32.168  1178  1178 D AOC     : A3:MSG: lsm6dsv_device.cc, 641: USF: Lsm6dsvDevice: Fifo was disabled for 619914ns.
03-27 14:32:32.168  1178  1178 D AOC     : A3:MSG: usf_sensor.cc, 1713: USF: Received stop sampling request for LSM6DSV Stationary Detect (active:-1).
03-27 14:32:32.168  1178  1178 D AOC     : A3:MSG: usf_sensor.cc, 2169: USF: Sampling configuration 41 not found.
03-27 14:32:32.171  1178  1178 D AOC     : A3:MSG: usf_sensor_client.cc, 161: USF: Received kErrNotFound when disabling one shot sensor.
03-27 14:32:32.171  1178  1178 D AOC     : A3:MSG: usf_sensor.cc, 1705: USF: Received start sampling request for LSM6DSV Motion Detect (active:1).
03-27 14:32:32.173  1178  1178 D AOC     : A3:MSG: lsm6dsv_device.cc, 732: USF: Lsm6dsvDevice: Sensor 3: Enabled 1, odr_index 1, period_ns 500000000.
03-27 14:32:32.173  1178  1178 D AOC     : A3:MSG: lsm6dsv_fifo.cc, 755: USF: Lsm6dsvFifo: ODR: XL/G/T/TS: 60/240/15/30 WM: 19 Intr: 19.
03-27 14:32:32.173  1178  1178 D AOC     : A3:MSG: lsm6dsv_device.cc, 641: USF: Lsm6dsvDevice: Fifo was disabled for 405843ns.
03-27 14:32:32.173  1178  1178 D AOC     : A3:MSG: motion_state_sensor.cc, 327: USF: MoSt: MotionDetect sampling started with sampling ID 46.
03-27 14:32:32.173  1178  1178 D AOC     : A3:MSG: usf_sensor.cc, 1705: USF: Received start sampling request for LSM6DSV Motion Detect (active:2).
03-27 14:32:32.174  1178  1178 D AOC     : A3:MSG: usf_sensor.cc, 1713: USF: Received stop sampling request for LSM6DSV FreeFall Detect (active:0).
03-27 14:32:32.174  1178  1178 D AOC     : A3:MSG: lsm6dsv_device.cc, 732: USF: Lsm6dsvDevice: Sensor 5: Enabled 0, odr_index 0, period_ns 0.
03-27 14:32:32.174  1178  1178 D AOC     : A3:MSG: lsm6dsv_fifo.cc, 755: USF: Lsm6dsvFifo: ODR: XL/G/T/TS: 60/240/15/30 WM: 19 Intr: 19.
03-27 14:32:32.174  1178  1178 D AOC     : A3:MSG: lsm6dsv_device.cc, 641: USF: Lsm6dsvDevice: Fifo was disabled for 408650ns.
03-27 14:32:32.175  1178  1178 D AOC     : A3:MSG: usf_sensor.cc, 1713: USF: Received stop sampling request for LSM6DSV Stationary Detect (active:-1).
03-27 14:32:32.175  1178  1178 D AOC     : A3:MSG: usf_sensor.cc, 2169: USF: Sampling configuration 45 not found.
03-27 14:32:32.175  1178  1178 D AOC     : A3:MSG: usf_sensor_client.cc, 145: USF: Received kErrNotFound when disabling one shot sensor.
03-27 14:32:32.464  1178  1178 D AOC     : A3:MSG: usf_sensor.cc, 1705: USF: Received start sampling request for LSM6DSV Gyroscope (active:3).
03-27 14:32:32.465  1178  1178 D AOC     : A3:MSG: lsm6dsv_device.cc, 732: USF: Lsm6dsvDevice: Sensor 1: Enabled 1, odr_index 5, period_ns 20000000.
03-27 14:32:32.465  1178  1178 D AOC     : A3:MSG: lsm6dsv_fifo.cc, 755: USF: Lsm6dsvFifo: ODR: XL/G/T/TS: 60/60/15/7 WM: 6 Intr: 24.
03-27 14:32:32.466  1178  1178 D AOC     : A3:MSG: lsm6dsv_device.cc, 641: USF: Lsm6dsvDevice: Fifo was disabled for 555990ns.
03-27 14:32:32.466  1178  1178 D AOC     : A3:MSG: usf_sensor.cc, 1705: USF: Received start sampling request for MMC56X3X Magnetometer (active:2).
03-27 14:32:32.466  1178  1178 D AOC     : A3:MSG: mmc56x3x_device.cc, 409: USF: MMC56X3X0: mmc56x3x_enable_measure odr = 10.
03-27 14:32:33.770  1178  1178 D AOC     : A3:MSG: vsc_controller.cc, 532: VSC: [Step Counter] requestSensorEvents: sensor 0x20002, period=18446744073709 latency
03-27 14:32:33.770  1178  1178 D AOC     : A3:MSG: usf_sensor.cc, 1705: USF: Received start sampling request for LSM6DSV Motion Detect (active:3).
03-27 14:32:33.773  1178  1178 D AOC     : A3:MSG: vsc_controller.cc, 550: VSC: [Step Counter] stopSensorEvents: sensor 0x10001
03-27 14:32:33.773  1178  1178 D AOC     : A3:MSG: usf_sensor.cc, 1713: USF: Received stop sampling request for LSM6DSV Accelerometer (active:4).
03-27 14:32:33.773  1178  1178 D AOC     : A3:MSG: usf_sensor_client.cc, 435: USF: Stopping stale sample stream with sampling ID: 42
03-27 14:32:33.773  1178  1178 D AOC     : A3:MSG: usf_sensor.cc, 1713: USF: Received stop sampling request for LSM6DSV Accelerometer (active:3).
03-27 14:32:33.774  1178  1178 D AOC     : A3:MSG: usf_sensor.cc, 2169: USF: Sampling configuration 42 not found.
03-27 14:32:36.710  1709  1724 I pixel-thermal: VIRTUAL-SKIN-CHARGE-WLC:39.2523 raw data: VIRTUAL-SKIN-CHARGE-WLC:39252.3 disp_therm:38695 skin_therm2:39875 usb_pwr_therm2:38517 
03-27 14:32:36.711  1709  1724 I pixel-thermal: VIRTUAL-SKIN-CHARGE-WLC power_budget=1633.45 err=-0.252304 s_power=2000 time_elapsed_ms=7028 p=-201.843 i=0 d=0 dt_per_min=nan compensation=0 budget transient=0 control target=2 excluded power budget=164.707 (PARTIAL_SYSTEM_POWER: 205.88 mW, cdev_weight: 0.800000)
03-27 14:32:36.714  1709  1724 I pixel-thermal: VIRTUAL-SKIN-CPU:37.6906 raw data: VIRTUAL-NEU-QUT-SKIN1-SKIN2-USB-USB2-GNSS-1:37364.3 VIRTUAL-NEU-QUT-SKIN1-SKIN2-USB-USB2-GNSS-4:36887.7 VIRTUAL-QUT-SKIN2-USB-GNSS-3:37222.3 VIRTUAL-QUT-SKIN2-USB-USB2-2:37690.6 VIRTUAL-SKIN:37690.6 VIRTUAL-SKIN-CPU:37690.6 gnss_tcxo_therm:39029 neutral_therm:39118 quiet_therm:38472 skin_therm1:38851 skin_therm2:39875 usb_pwr_therm:38361 usb_pwr_therm2:38517 
03-27 14:32:36.714  1709  1724 I pixel-thermal: VIRTUAL-SKIN-CPU power_budget=2117.24 err=3.30945 s_power=800 time_elapsed_ms=7028 p=1323.78 i=0 d=0 dt_per_min=nan compensation=0 budget transient=0 control target=3 excluded power budget=6.54028 (VSYS_PWR_MODEM: 21.80 mW, cdev_weight: 0.300000)
03-27 14:32:36.714  1709  1724 I pixel-thermal: VIRTUAL-SKIN-CPU binded power rails: (S4M_VDD_CPUCL0: 11.24 mW)(S2M_VDD_CPUCL2: 0.55 mW)(S3M_VDD_CPUCL1: 0.11 mW)
03-27 14:32:36.715  1709  1724 I pixel-thermal: VIRTUAL-SKIN:37.6906 raw data: VIRTUAL-SKIN:37690.6 
03-27 14:32:36.715  1709  1724 I pixel-thermal: VIRTUAL-SKIN-CHARGE:37.6906 raw data: VIRTUAL-SKIN:37690.6 VIRTUAL-SKIN-CHARGE:37690.6 
03-27 14:32:36.716  1709  1724 I pixel-thermal: VIRTUAL-SKIN-CHARGE power_budget=2072.16 err=1.30945 s_power=1200 time_elapsed_ms=7028 p=916.614 i=120.257 d=0 dt_per_min=nan compensation=0 budget transient=0 control target=2 excluded power budget=164.707 (PARTIAL_SYSTEM_POWER: 205.88 mW, cdev_weight: 0.800000)
03-27 14:32:36.716  1709  1724 I pixel-thermal: VIRTUAL-SKIN-HINT:37.6906 raw data: VIRTUAL-SKIN:37690.6 VIRTUAL-SKIN-HINT:37690.6 
03-27 14:32:36.716  1709  1724 I pixel-thermal: VIRTUAL-SKIN-CPU-GPU:37.6906 raw data: VIRTUAL-SKIN:37690.6 VIRTUAL-SKIN-CPU-GPU:37690.6 
03-27 14:32:36.716  1709  1724 I pixel-thermal: VIRTUAL-SKIN-CPU-GPU power_budget=2971.3 err=7.30945 s_power=800 time_elapsed_ms=7028 p=2192.83 i=-21.5306 d=0 dt_per_min=nan compensation=0 budget transient=0 control target=3 excluded power budget=0
03-27 14:32:36.717  1709  1724 I pixel-thermal: VIRTUAL-SKIN-CPU-GPU binded power rails: (S4M_VDD_CPUCL0: 11.24 mW)(S2M_VDD_CPUCL2: 0.55 mW)(S3M_VDD_CPUCL1: 0.11 mW)(S2S_VDD_G3D: 0.05 mW)
03-27 14:32:36.717  1709  1724 I pixel-thermal: cellular-emergency:37.6906 raw data: VIRTUAL-SKIN:37690.6 cellular-emergency:37690.6 
03-27 14:32:36.717  1709  1724 I pixel-thermal: skin_therm1:38.851 raw data: skin_therm1:38851 
03-27 14:32:36.719  1709  1724 I pixel-thermal: Successfully update cdev fcc sysfs to 6
03-27 14:32:38.696  1178  1178 D AOC     : A3:MSG: vsc_controller.cc, 532: VSC: [Significant Motion] requestSensorEvents: sensor 0x20002, period=18446744073709 l
03-27 14:32:38.696  1178  1178 D AOC     : A3:MSG: vsc_controller.cc, 550: VSC: [Significant Motion] stopSensorEvents: sensor 0x10001
03-27 14:32:38.698  1178  1178 D AOC     : A3:MSG: usf_sensor.cc, 1705: USF: Received start sampling request for LSM6DSV Accelerometer (active:5).
03-27 14:32:38.699  1178  1178 D AOC     : A3:MSG: lsm6dsv_device.cc, 732: USF: Lsm6dsvDevice: Sensor 0: Enabled 1, odr_index 5, period_ns 20000000.
03-27 14:32:38.700  1178  1178 D AOC     : A3:MSG: lsm6dsv_fifo.cc, 755: USF: Lsm6dsvFifo: ODR: XL/G/T/TS: 60/60/15/7 WM: 6 Intr: 24.
03-27 14:32:38.701  1178  1178 D AOC     : A3:MSG: lsm6dsv_device.cc, 641: USF: Lsm6dsvDevice: Fifo was disabled for 780437ns.
03-27 14:32:43.739   891  1020 I CHRE    : @ 561.217: [AR] inconsistent: 41.176471
03-27 14:32:43.747  1709  1724 I pixel-thermal: VIRTUAL-SKIN-CHARGE-WLC:39.2195 raw data: VIRTUAL-SKIN-CHARGE-WLC:39219.5 disp_therm:38628 skin_therm2:39875 usb_pwr_therm2:38450 
03-27 14:32:43.747  1709  1724 I pixel-thermal: VIRTUAL-SKIN-CHARGE-WLC power_budget=1659.72 err=-0.219471 s_power=2000 time_elapsed_ms=7035 p=-175.577 i=0 d=0 dt_per_min=nan compensation=0 budget transient=0 control target=2 excluded power budget=164.701 (PARTIAL_SYSTEM_POWER: 205.88 mW, cdev_weight: 0.800000)
03-27 14:32:43.750  1709  1724 I pixel-thermal: VIRTUAL-SKIN-CPU:37.6371 raw data: VIRTUAL-NEU-QUT-SKIN1-SKIN2-USB-USB2-GNSS-1:37304 VIRTUAL-NEU-QUT-SKIN1-SKIN2-USB-USB2-GNSS-4:36814 VIRTUAL-QUT-SKIN2-USB-GNSS-3:37191.8 VIRTUAL-QUT-SKIN2-USB-USB2-2:37637.1 VIRTUAL-SKIN:37637.1 VIRTUAL-SKIN-CPU:37637.1 gnss_tcxo_therm:38984 neutral_therm:39073 quiet_therm:38450 skin_therm1:38784 skin_therm2:39875 usb_pwr_therm:38272 usb_pwr_therm2:38450 
03-27 14:32:43.750  1709  1724 I pixel-thermal: VIRTUAL-SKIN-CPU power_budget=2139.29 err=3.36295 s_power=800 time_elapsed_ms=7035 p=1345.18 i=0 d=0 dt_per_min=nan compensation=0 budget transient=0 control target=3 excluded power budget=5.88778 (VSYS_PWR_MODEM: 19.63 mW, cdev_weight: 0.300000)
03-27 14:32:43.750  1709  1724 I pixel-thermal: VIRTUAL-SKIN-CPU binded power rails: (S4M_VDD_CPUCL0: 11.44 mW)(S2M_VDD_CPUCL2: 0.42 mW)(S3M_VDD_CPUCL1: 0.06 mW)
03-27 14:32:43.751  1709  1724 I pixel-thermal: VIRTUAL-SKIN:37.6371 raw data: VIRTUAL-SKIN:37637.1 
03-27 14:32:43.751  1709  1724 I pixel-thermal: VIRTUAL-SKIN-CHARGE:37.6371 raw data: VIRTUAL-SKIN:37637.1 VIRTUAL-SKIN-CHARGE:37637.1 
03-27 14:32:43.752  1709  1724 I pixel-thermal: VIRTUAL-SKIN-CHARGE power_budget=2116.43 err=1.36295 s_power=1200 time_elapsed_ms=7035 p=954.062 i=127.071 d=0 dt_per_min=nan compensation=0 budget transient=0 control target=2 excluded power budget=164.701 (PARTIAL_SYSTEM_POWER: 205.88 mW, cdev_weight: 0.800000)
03-27 14:32:43.752  1709  1724 I pixel-thermal: VIRTUAL-SKIN-HINT:37.6371 raw data: VIRTUAL-SKIN:37637.1 VIRTUAL-SKIN-HINT:37637.1 
03-27 14:32:43.752  1709  1724 I pixel-thermal: VIRTUAL-SKIN-CPU-GPU:37.6371 raw data: VIRTUAL-SKIN:37637.1 VIRTUAL-SKIN-CPU-GPU:37637.1 
03-27 14:32:43.752  1709  1724 I pixel-thermal: VIRTUAL-SKIN-CPU-GPU power_budget=2987.35 err=7.36295 s_power=800 time_elapsed_ms=7035 p=2208.88 i=-21.5306 d=0 dt_per_min=nan compensation=0 budget transient=0 control target=3 excluded power budget=0
03-27 14:32:43.752  1709  1724 I pixel-thermal: VIRTUAL-SKIN-CPU-GPU binded power rails: (S4M_VDD_CPUCL0: 11.44 mW)(S2M_VDD_CPUCL2: 0.42 mW)(S3M_VDD_CPUCL1: 0.06 mW)(S2S_VDD_G3D: 0.05 mW)
03-27 14:32:43.753  1709  1724 I pixel-thermal: cellular-emergency:37.6371 raw data: VIRTUAL-SKIN:37637.1 cellular-emergency:37637.1 
03-27 14:32:43.753  1709  1724 I pixel-thermal: skin_therm1:38.784 raw data: skin_therm1:38784 
03-27 14:32:46.694  2812  2972 D PickerSyncController: Attempting to enable cloud media queries.
03-27 14:32:46.694  2812  2972 D PickerSyncLockManager: Trying to acquire lock com.android.providers.media.photopicker.sync.CloseableReentrantLock@9ba88c0[Unlocked]. Lock Name = CLOUD_SYNC_LOCK. Threads that may be waiting to acquire this lock = [] with timeout.
03-27 14:32:46.695  2812  2972 D CloseableReentrantLock: Successfully acquired lock com.android.providers.media.photopicker.sync.CloseableReentrantLock@9ba88c0[Locked by thread com.android.providers.media.internal.modules.utils.BackgroundThread]. Lock Name = CLOUD_SYNC_LOCK. Threads that may be waiting to acquire this lock = []
03-27 14:32:46.695  2812  2972 D PickerSyncLockManager: Trying to acquire lock com.android.providers.media.photopicker.sync.CloseableReentrantLock@409fd4b[Unlocked]. Lock Name = CLOUD_PROVIDER_LOCK. Threads that may be waiting to acquire this lock = [] with timeout.
03-27 14:32:46.695  2812  2972 D CloseableReentrantLock: Successfully acquired lock com.android.providers.media.photopicker.sync.CloseableReentrantLock@409fd4b[Locked by thread com.android.providers.media.internal.modules.utils.BackgroundThread]. Lock Name = CLOUD_PROVIDER_LOCK. Threads that may be waiting to acquire this lock = []
03-27 14:32:46.695  2812  2972 D CloseableReentrantLock: Successfully released lock com.android.providers.media.photopicker.sync.CloseableReentrantLock@409fd4b[Unlocked]. Lock Name = CLOUD_PROVIDER_LOCK. Threads that may be waiting to acquire this lock = []
03-27 14:32:46.695  2812  2972 D PickerSyncLockManager: Trying to acquire lock com.android.providers.media.photopicker.sync.CloseableReentrantLock@409fd4b[Unlocked]. Lock Name = CLOUD_PROVIDER_LOCK. Threads that may be waiting to acquire this lock = [] with timeout.
03-27 14:32:46.695  2812  2972 D CloseableReentrantLock: Successfully acquired lock com.android.providers.media.photopicker.sync.CloseableReentrantLock@409fd4b[Locked by thread com.android.providers.media.internal.modules.utils.BackgroundThread]. Lock Name = CLOUD_PROVIDER_LOCK. Threads that may be waiting to acquire this lock = []
03-27 14:32:46.695  2812  2972 D PickerSyncController: getSyncRequestParams() CLOUD, auth=com.google.android.apps.photos.cloudpicker
03-27 14:32:46.702  1736  3320 D OomAdjuster: Not killing cached processes
03-27 14:32:46.731  1736  3320 D ActivityManager: sync unfroze 4420 com.google.android.apps.photos for 7
03-27 14:32:46.734  1736  2065 D BackgroundInstallControlService: Package event received: 0
03-27 14:32:46.803  4420  8164 W libc    : Access denied finding property "ro.debuggable"
03-27 14:32:46.803  2812  2972 D PickerSyncController:    Latest ID/Gen=null/0
03-27 14:32:46.803  2812  2972 D PickerSyncController:    Cached ID/Gen=null/-1
03-27 14:32:46.804  2812  2972 D CloseableReentrantLock: Successfully released lock com.android.providers.media.photopicker.sync.CloseableReentrantLock@409fd4b[Unlocked]. Lock Name = CLOUD_PROVIDER_LOCK. Threads that may be waiting to acquire this lock = []
03-27 14:32:46.804  2812  2972 D CloseableReentrantLock: Successfully released lock com.android.providers.media.photopicker.sync.CloseableReentrantLock@9ba88c0[Unlocked]. Lock Name = CLOUD_SYNC_LOCK. Threads that may be waiting to acquire this lock = []
03-27 14:32:46.804  2812  2972 D PickerSyncController: Error occurred, remaining retry count: 0
03-27 14:32:46.804  2812  2972 D PickerSyncController: java.lang.IllegalStateException: Unexpected Latest Media Collection Info: ID/Gen=null/0
03-27 14:32:46.804  2812  2972 D PickerSyncController: 	at com.android.providers.media.photopicker.PickerSyncController.getSyncRequestParamsLocked(PickerSyncController.java:1583)
03-27 14:32:46.804  2812  2972 D PickerSyncController: 	at com.android.providers.media.photopicker.PickerSyncController.getSyncRequestParams(PickerSyncController.java:1543)
03-27 14:32:46.804  2812  2972 D PickerSyncController: 	at com.android.providers.media.photopicker.PickerSyncController.maybeEnableCloudMediaQueries(PickerSyncController.java:356)
03-27 14:32:46.804  2812  2972 D PickerSyncController: 	at com.android.providers.media.photopicker.PickerSyncController.lambda$tryEnablingCloudMediaQueries$0(PickerSyncController.java:287)
03-27 14:32:46.804  2812  2972 D PickerSyncController: 	at com.android.providers.media.photopicker.PickerSyncController.$r8$lambda$igHbLHRBgFxI5G0Bp5TN28PcQJ4(PickerSyncController.java:0)
03-27 14:32:46.804  2812  2972 D PickerSyncController: 	at com.android.providers.media.photopicker.PickerSyncController$$ExternalSyntheticLambda1.run(R8$$SyntheticClass:0)
03-27 14:32:46.804  2812  2972 D PickerSyncController: 	at android.os.Handler.handleCallback(Handler.java:1095)
03-27 14:32:46.804  2812  2972 D PickerSyncController: 	at android.os.Handler.dispatchMessageImpl(Handler.java:135)
03-27 14:32:46.804  2812  2972 D PickerSyncController: 	at android.os.Handler.dispatchMessage(Handler.java:125)
03-27 14:32:46.804  2812  2972 D PickerSyncController: 	at android.os.Looper.loopOnce(Looper.java:269)
03-27 14:32:46.804  2812  2972 D PickerSyncController: 	at android.os.Looper.loop(Looper.java:367)
03-27 14:32:46.804  2812  2972 D PickerSyncController: 	at android.os.HandlerThread.run(HandlerThread.java:139)
03-27 14:32:46.918   891  1020 D CHRE.HAL: Received a nanoapp message from 0x476f6f676c001016 endpoint 0x9: Type 0x8003 size 1 
03-27 14:32:46.921   891  1020 I CHRE    : @ 564.403: [AR] still: 43.137255
03-27 14:32:46.939  2270  2270 D GRIL-S  : [0015]> UPDATE_DEVICE_STATE DeviceState: Usb:1, Wifi: 0, Wifi AP: 0, Earpiece: 0, Bluetooth: 1, Wireless charging: 0, Screen: 1, Camera: 0, 0, -, -, Motion: 0, Bluetooth tethering: 0, Voice: 0, Wifi 2.4G: 0, Radio: 0, Bluetooth connected: 0, Bluetooth media: 0, Wifi Band: 0, Wifi AP Band: 0, Wifi call: 0, mmWave: 0, mCellBackhaul: 0, mHallSensor: 0, mDozeStatus: 0, mAppClassInfo: 0, mWifiCapSensorStatus: 0, mCellCapSensorStatus: 0, mBesideHeadHandStatus: 0, mSpeakerStatus: 0, mProtectiveCaseStatus: 0, mWifiSettingStatus: 0, mGpsStatus: 0
03-27 14:32:46.989  2270  2906 D GRIL-S  : [0015]< UPDATE_DEVICE_STATE 
03-27 14:32:50.774  1709  1724 I pixel-thermal: VIRTUAL-SKIN-CHARGE-WLC:39.1965 raw data: VIRTUAL-SKIN-CHARGE-WLC:39196.5 disp_therm:38628 skin_therm2:39830 usb_pwr_therm2:38450 
03-27 14:32:50.775  1709  1724 I pixel-thermal: VIRTUAL-SKIN-CHARGE-WLC power_budget=1678.08 err=-0.196522 s_power=2000 time_elapsed_ms=7027 p=-157.217 i=0 d=0 dt_per_min=nan compensation=0 budget transient=0 control target=2 excluded power budget=164.701 (PARTIAL_SYSTEM_POWER: 205.88 mW, cdev_weight: 0.800000)
03-27 14:32:50.780  1709  1724 I pixel-thermal: VIRTUAL-SKIN-CPU:37.627 raw data: VIRTUAL-NEU-QUT-SKIN1-SKIN2-USB-USB2-GNSS-1:37308.3 VIRTUAL-NEU-QUT-SKIN1-SKIN2-USB-USB2-GNSS-4:36853.7 VIRTUAL-QUT-SKIN2-USB-GNSS-3:37156.9 VIRTUAL-QUT-SKIN2-USB-USB2-2:37627 VIRTUAL-SKIN:37627 VIRTUAL-SKIN-CPU:37627 gnss_tcxo_therm:38918 neutral_therm:38984 quiet_therm:38428 skin_therm1:38806 skin_therm2:39830 usb_pwr_therm:38272 usb_pwr_therm2:38450 
03-27 14:32:50.780  1709  1724 I pixel-thermal: VIRTUAL-SKIN-CPU power_budget=2142.05 err=3.373 s_power=800 time_elapsed_ms=7027 p=1349.2 i=0 d=0 dt_per_min=nan compensation=0 budget transient=0 control target=3 excluded power budget=7.1534 (VSYS_PWR_MODEM: 23.84 mW, cdev_weight: 0.300000)
03-27 14:32:50.780  1709  1724 I pixel-thermal: VIRTUAL-SKIN-CPU binded power rails: (S4M_VDD_CPUCL0: 12.92 mW)(S2M_VDD_CPUCL2: 0.47 mW)(S3M_VDD_CPUCL1: 2.03 mW)
03-27 14:32:50.781  1709  1724 I pixel-thermal: VIRTUAL-SKIN:37.627 raw data: VIRTUAL-SKIN:37627 
03-27 14:32:50.781  1709  1724 I pixel-thermal: VIRTUAL-SKIN-CHARGE:37.627 raw data: VIRTUAL-SKIN:37627 VIRTUAL-SKIN-CHARGE:37627 
03-27 14:32:50.781  1709  1724 I pixel-thermal: VIRTUAL-SKIN-CHARGE power_budget=2130.33 err=1.373 s_power=1200 time_elapsed_ms=7027 p=961.098 i=133.936 d=0 dt_per_min=nan compensation=0 budget transient=0 control target=2 excluded power budget=164.701 (PARTIAL_SYSTEM_POWER: 205.88 mW, cdev_weight: 0.800000)
03-27 14:32:50.782  1709  1724 I pixel-thermal: VIRTUAL-SKIN-HINT:37.627 raw data: VIRTUAL-SKIN:37627 VIRTUAL-SKIN-HINT:37627 
03-27 14:32:50.782  1709  1724 I pixel-thermal: VIRTUAL-SKIN-CPU-GPU:37.627 raw data: VIRTUAL-SKIN:37627 VIRTUAL-SKIN-CPU-GPU:37627 
03-27 14:32:50.782  1709  1724 I pixel-thermal: VIRTUAL-SKIN-CPU-GPU power_budget=2990.37 err=7.373 s_power=800 time_elapsed_ms=7027 p=2211.9 i=-21.5306 d=0 dt_per_min=nan compensation=0 budget transient=0 control target=3 excluded power budget=0
03-27 14:32:50.782  1709  1724 I pixel-thermal: VIRTUAL-SKIN-CPU-GPU binded power rails: (S4M_VDD_CPUCL0: 12.92 mW)(S2M_VDD_CPUCL2: 0.47 mW)(S3M_VDD_CPUCL1: 2.03 mW)(S2S_VDD_G3D: 0.05 mW)
03-27 14:32:50.783  1709  1724 I pixel-thermal: cellular-emergency:37.627 raw data: VIRTUAL-SKIN:37627 cellular-emergency:37627 
03-27 14:32:50.783  1709  1724 I pixel-thermal: skin_therm1:38.806 raw data: skin_therm1:38806 
03-27 14:32:52.810  1736  1794 D OomAdjuster: Not killing cached processes
03-27 14:32:53.732  1177  1177 W TracingMuxer: type=1400 audit(0.0:82): avc:  denied  { write } for  name="traced_producer" dev="tmpfs" ino=1270 scontext=u:r:gxp_logging:s0 tcontext=u:object_r:traced_producer_socket:s0 tclass=sock_file permissive=0
03-27 14:32:57.809  1709  1724 I pixel-thermal: VIRTUAL-SKIN-CHARGE-WLC:39.175 raw data: VIRTUAL-SKIN-CHARGE-WLC:39175 disp_therm:38584 skin_therm2:39830 usb_pwr_therm2:38406 
03-27 14:32:57.809  1709  1724 I pixel-thermal: VIRTUAL-SKIN-CHARGE-WLC power_budget=1695.35 err=-0.174961 s_power=2000 time_elapsed_ms=7037 p=-139.969 i=0 d=0 dt_per_min=nan compensation=0 budget transient=0 control target=2 excluded power budget=164.678 (PARTIAL_SYSTEM_POWER: 205.85 mW, cdev_weight: 0.800000)
03-27 14:32:57.813  1709  1724 I pixel-thermal: VIRTUAL-SKIN-CPU:37.5995 raw data: VIRTUAL-NEU-QUT-SKIN1-SKIN2-USB-USB2-GNSS-1:37289.6 VIRTUAL-NEU-QUT-SKIN1-SKIN2-USB-USB2-GNSS-4:36828.4 VIRTUAL-QUT-SKIN2-USB-GNSS-3:37153.2 VIRTUAL-QUT-SKIN2-USB-USB2-2:37599.5 VIRTUAL-SKIN:37599.5 VIRTUAL-SKIN-CPU:37599.5 gnss_tcxo_therm:38918 neutral_therm:38984 quiet_therm:38406 skin_therm1:38784 skin_therm2:39830 usb_pwr_therm:38272 usb_pwr_therm2:38406 
03-27 14:32:57.813  1709  1724 I pixel-thermal: VIRTUAL-SKIN-CPU power_budget=2154.31 err=3.4005 s_power=800 time_elapsed_ms=7037 p=1360.2 i=0 d=0 dt_per_min=nan compensation=0 budget transient=0 control target=3 excluded power budget=5.89217 (VSYS_PWR_MODEM: 19.64 mW, cdev_weight: 0.300000)
03-27 14:32:57.814  1709  1724 I pixel-thermal: VIRTUAL-SKIN-CPU binded power rails: (S4M_VDD_CPUCL0: 11.67 mW)(S2M_VDD_CPUCL2: 0.40 mW)(S3M_VDD_CPUCL1: 0.10 mW)
03-27 14:32:57.814  1709  1724 I pixel-thermal: VIRTUAL-SKIN:37.5995 raw data: VIRTUAL-SKIN:37599.5 
03-27 14:32:57.814  1709  1724 I pixel-thermal: VIRTUAL-SKIN-CHARGE:37.5995 raw data: VIRTUAL-SKIN:37599.5 VIRTUAL-SKIN-CHARGE:37599.5 
03-27 14:32:57.814  1709  1724 I pixel-thermal: VIRTUAL-SKIN-CHARGE power_budget=2156.61 err=1.4005 s_power=1200 time_elapsed_ms=7037 p=980.348 i=140.939 d=0 dt_per_min=nan compensation=0 budget transient=0 control target=2 excluded power budget=164.678 (PARTIAL_SYSTEM_POWER: 205.85 mW, cdev_weight: 0.800000)
03-27 14:32:57.815  1709  1724 I pixel-thermal: VIRTUAL-SKIN-HINT:37.5995 raw data: VIRTUAL-SKIN:37599.5 VIRTUAL-SKIN-HINT:37599.5 
03-27 14:32:57.815  1709  1724 I pixel-thermal: VIRTUAL-SKIN-CPU-GPU:37.5995 raw data: VIRTUAL-SKIN:37599.5 VIRTUAL-SKIN-CPU-GPU:37599.5 
