03-27 14:34:45.247  2564  3523 D BatteryInfo: time for regular BatteryInfo: 2ms
03-27 14:34:45.247  6335  6930 I SignalsDetectionManager: key is = 1, values = # com.google.android.apps.tips.j.b.e@a2e15
03-27 14:34:45.249  6335  6930 I SignalsDetectionManager: savedBluetoothSignals size = 0
03-27 14:34:45.249  6335  6930 I SignalsDetectionManager: key is = 1, values = # com.google.android.apps.tips.j.b.e@a2e15
03-27 14:34:45.250  2564  3523 D BatteryInfo: chargingPolicy = 1, pluggedStatus = 2, batteryStatus = 4
03-27 14:34:45.250  6335  6930 I ContentRepositoryImpl: Local Content expired? false, stale? false, dtcChanged? true
03-27 14:34:45.250  6335  6930 I SignalsDetectionManager: savedBluetoothSignals size = 0
03-27 14:34:45.250  6335  6930 I SignalsDetectionManager: key is = 1, values = # com.google.android.apps.tips.j.b.e@a2e15
03-27 14:34:45.252  2564  3523 D BatteryInfo: time for getBatteryInfo: 5ms
03-27 14:34:45.252  2564  2564 D TopLvBatteryPrefControl: getBatteryInfo: com.android.settings.fuelgauge.BatteryInfo@bf889eb
03-27 14:34:45.252  2564  2564 D TopLvBatteryPrefControl: getDashboardLabel: null batteryStatusUpdate=true
03-27 14:34:45.253  2564  2564 D TopLvBatteryPrefControl: usbPort: UsbPort{id=port0, supportedModes=dual, supportedContaminantProtectionModes=4, supportsEnableContaminantPresenceProtection=false, supportsEnableContaminantPresenceDetection=true, supportsComplianceWarnings=true, supportsPartnerBc12Type=false, supportsPowerProfiles=false
03-27 14:34:45.253  2564  2564 D BatteryInfo: time for callback: 1ms
03-27 14:34:45.255  6335  8310 I NetworkContentDataSourc: fortnite tips api request is # com.google.am.b.a.a.a.a.e@45772097
03-27 14:34:45.258  2564  2564 D TopLvBatteryPrefControl: getDashboardLabel: null batteryStatusUpdate=false
03-27 14:34:45.258  2564  2564 D TopLvBatteryPrefControl: usbPort: UsbPort{id=port0, supportedModes=dual, supportedContaminantProtectionModes=4, supportsEnableContaminantPresenceProtection=false, supportsEnableContaminantPresenceDetection=true, supportsComplianceWarnings=true, supportsPartnerBc12Type=false, supportsPowerProfiles=false
03-27 14:34:45.258  2564  2564 D TopLvBatteryPrefControl: updateBatteryStatus: null summary: Charged
03-27 14:34:45.259  2564  2564 D TopLvBatteryPrefControl: usbPort: UsbPort{id=port0, supportedModes=dual, supportedContaminantProtectionModes=4, supportsEnableContaminantPresenceProtection=false, supportsEnableContaminantPresenceDetection=true, supportsComplianceWarnings=true, supportsPartnerBc12Type=false, supportsPowerProfiles=false
03-27 14:34:45.259  2564  2564 D TopLvBatteryPrefControl: getDashboardLabel: null batteryStatusUpdate=false
03-27 14:34:45.259  2564  2564 D TopLvBatteryPrefControl: usbPort: UsbPort{id=port0, supportedModes=dual, supportedContaminantProtectionModes=4, supportsEnableContaminantPresenceProtection=false, supportsEnableContaminantPresenceDetection=true, supportsComplianceWarnings=true, supportsPartnerBc12Type=false, supportsPowerProfiles=false
03-27 14:34:45.259  2564  2564 D TopLvBatteryPrefControl: updateBatteryStatus: null summary: Charged
03-27 14:34:45.259  2564  2564 D TopLvBatteryPrefControl: usbPort: UsbPort{id=port0, supportedModes=dual, supportedContaminantProtectionModes=4, supportsEnableContaminantPresenceProtection=false, supportsEnableContaminantPresenceDetection=true, supportsComplianceWarnings=true, supportsPartnerBc12Type=false, supportsPowerProfiles=false
03-27 14:34:45.265  6335  6412 D WM-Processor: Work WorkGenerationalId(workSpecId=03e65d11-d4c5-4763-a109-1a3644551c62, generation=0) is already enqueued for processing
03-27 14:34:45.270  3199  3199 D BoundBrokerSvc: onBind: Intent { act=com.google.android.gms.googleone.storagemanagement.zeroparty.service.START dat=chimera-action:/... xflg=0x4 cmp=com.google.android.gms/.chimera.GmsApiService }
03-27 14:34:45.270  3199  3199 D BoundBrokerSvc: Loading bound service for intent: Intent { act=com.google.android.gms.googleone.storagemanagement.zeroparty.service.START dat=chimera-action:/... xflg=0x4 cmp=com.google.android.gms/.chimera.GmsApiService }
03-27 14:34:45.277  1736  2065 D BackgroundInstallControlService: Package event received: 0
03-27 14:34:45.280  3199  3199 D BoundBrokerSvc: onBind: Intent { act=com.google.android.gms.auth.service.START xflg=0x4 pkg=com.google.android.gms }
03-27 14:34:45.280  3199  3199 D BoundBrokerSvc: Loading bound service for intent: Intent { act=com.google.android.gms.auth.service.START xflg=0x4 pkg=com.google.android.gms }
03-27 14:34:45.294  6335  6335 D WM-WorkerWrapper: Starting work for com.google.apps.tiktok.contrib.work.TikTokListenableWorker
03-27 14:34:45.296  6335  6335 I ScheduleSoftwareDropNot: Starting work.
03-27 14:34:45.297  1736  3316 W ParceledListSlice: Element #91 is 16596 bytes.
03-27 14:34:45.297  6335  6383 I ContentRepositoryImpl: fetchCoversheetLayout, syncType: AUTO, usePrefetchContent: false
03-27 14:34:45.297  3199  3199 D BoundBrokerSvc: onBind: Intent { act=com.google.android.gms.common.BIND_SHARED_PREFS xflg=0x4 pkg=com.google.android.gms }
03-27 14:34:45.297  3199  3199 D BoundBrokerSvc: Loading bound service for intent: Intent { act=com.google.android.gms.common.BIND_SHARED_PREFS xflg=0x4 pkg=com.google.android.gms }
03-27 14:34:45.298  1736  2705 W ParceledListSlice: Element #110 is 169996 bytes.
03-27 14:34:45.298  1736  2705 W ParceledListSlice: Overly large reply size: 170008
03-27 14:34:45.298  6335  6383 I SignalsDetectionManager: savedBluetoothSignals size = 0
03-27 14:34:45.298  6335  6383 I SignalsDetectionManager: key is = 1, values = # com.google.android.apps.tips.j.b.e@a2e15
03-27 14:34:45.303  1736  2705 W ParceledListSlice: Element #215 is 74824 bytes.
03-27 14:34:45.303  1736  3184 W ParceledListSlice: Element #216 is 17648 bytes.
03-27 14:34:45.306  6335  6383 I SignalsDetectionManager: savedBluetoothSignals size = 0
03-27 14:34:45.306  6335  6383 I SignalsDetectionManager: key is = 1, values = # com.google.android.apps.tips.j.b.e@a2e15
03-27 14:34:45.307  2840  3327 I Backup  : [Backup_APBRSC] Calling AndroidPlatformBackupRestoreServiceGrpc#getStorageQuotaInfo grpc withOption
03-27 14:34:45.307  6335  6383 I ContentRepositoryImpl: Local Content expired? false, stale? false, dtcChanged? true
03-27 14:34:45.311  1736  3316 W ParceledListSlice: Element #289 is 28076 bytes.
03-27 14:34:45.312  6335  6383 I SignalsDetectionManager: savedBluetoothSignals size = 0
03-27 14:34:45.313  2840  8287 W TracingHelper: Mismatched RequestContext found for module CORE. Module id from RequestContext is MODULEID_UNKNOWN [CONTEXT service_id=259 ratelimit_count=1410065408 ]
03-27 14:34:45.313  1736  3184 W ParceledListSlice: Element #327 is 33060 bytes.
03-27 14:34:45.313  6335  6383 I SignalsDetectionManager: key is = 1, values = # com.google.android.apps.tips.j.b.e@a2e15
03-27 14:34:45.314  6335  8310 I NetworkContentDataSourc: fortnite tips api request is # com.google.am.b.a.a.a.a.e@5741ef1f
03-27 14:34:45.314  1736  3184 W ParceledListSlice: Element #349 is 17848 bytes.
03-27 14:34:45.318  3199  3199 D BoundBrokerSvc: onBind: Intent { act=com.google.android.gms.googlesettings.account.api.SelectedAccountManagerApiService.START dat=chimera-action:/... xflg=0x4 cmp=com.google.android.gms/.chimera.GmsApiService }
03-27 14:34:45.319  3199  3199 D BoundBrokerSvc: Loading bound service for intent: Intent { act=com.google.android.gms.googlesettings.account.api.SelectedAccountManagerApiService.START dat=chimera-action:/... xflg=0x4 cmp=com.google.android.gms/.chimera.GmsApiService }
03-27 14:34:45.321  3199  3199 D BoundBrokerSvc: onBind: Intent { act=com.google.android.gms.googleone.api.GoogleoneApiChimeraService.START dat=chimera-action:/... xflg=0x4 cmp=com.google.android.gms/.chimera.GmsApiService }
03-27 14:34:45.321  3199  3199 D BoundBrokerSvc: Loading bound service for intent: Intent { act=com.google.android.gms.googleone.api.GoogleoneApiChimeraService.START dat=chimera-action:/... xflg=0x4 cmp=com.google.android.gms/.chimera.GmsApiService }
03-27 14:34:45.341  6335  6833 I cn_CronetUrlRequestContext: destroyNativeStreamLocked org.chromium.net.impl.CronetBidirectionalStream@7154cb4
03-27 14:34:45.341  6335  6833 I cn_CronetUrlRequestContext: destroyNativeStreamLocked org.chromium.net.impl.CronetBidirectionalStream@8a8b0dd
03-27 14:34:45.365  2791  2791 D BoundBrokerSvc: onRebind: Intent { act=com.google.android.gms.libs.gmscorelogger.service.START dat=chimera-action:/... xflg=0x4 cmp=com.google.android.gms/.chimera.PersistentDirectBootAwareApiService }
03-27 14:34:45.369  8234  8243 D AidlBufferPool: bufferpool2 0xb400007dc7c1e828 : 0(0 size) total buffers - 0(0 size) used buffers - 0/0 (recycle/alloc) - 0/0 (fetch/transfer)
03-27 14:34:45.369  8234  8243 D AidlBufferPoolAcc: evictor expired: 1, evicted: 1
03-27 14:34:45.402  3199  3199 D BoundBrokerSvc: onBind: Intent { act=com.google.android.gms.audit.service.START dat=chimera-action:/... xflg=0x4 cmp=com.google.android.gms/.chimera.GmsBoundBrokerService }
03-27 14:34:45.402  3199  3199 D BoundBrokerSvc: Loading bound service for intent: Intent { act=com.google.android.gms.audit.service.START dat=chimera-action:/... xflg=0x4 cmp=com.google.android.gms/.chimera.GmsBoundBrokerService }
03-27 14:34:45.420  1736  2065 D BackgroundInstallControlService: Package event received: 0
03-27 14:34:45.422  1736  3885 D ActivityManager: sync unfroze 3798 com.google.android.apps.restore for 6
03-27 14:34:45.450  2791  4831 E AuthPII : [RequestTokenManager] getToken() -> BAD_AUTHENTICATION. App: com.google.android.gms, Service: oauth2:https://www.googleapis.com/auth/android_platform_backup_restore
03-27 14:34:45.450  2791  4831 E AuthPII : bhdt: Long live credential not available.
03-27 14:34:45.450  2791  4831 E AuthPII : 	at ahfp.a(:com.google.android.gms@261133035@26.11.33 (260400-887465546):1347)
03-27 14:34:45.450  2791  4831 E AuthPII : 	at ahfw.b(:com.google.android.gms@261133035@26.11.33 (260400-887465546):26)
03-27 14:34:45.450  2791  4831 E AuthPII : 	at ahfu.a(:com.google.android.gms@261133035@26.11.33 (260400-887465546):738)
03-27 14:34:45.450  2791  4831 E AuthPII : 	at ahft.b(:com.google.android.gms@261133035@26.11.33 (260400-887465546):145)
03-27 14:34:45.450  2791  4831 E AuthPII : 	at aalp.d(:com.google.android.gms@261133035@26.11.33 (260400-887465546):107)
03-27 14:34:45.450  2791  4831 E AuthPII : 	at aalp.dispatchTransaction(:com.google.android.gms@261133035@26.11.33 (260400-887465546):153)
03-27 14:34:45.450  2791  4831 E AuthPII : 	at bziy.a(:com.google.android.gms@261133035@26.11.33 (260400-887465546):72)
03-27 14:34:45.450  2791  4831 E AuthPII : 	at zqy.onTransact(:com.google.android.gms@261133035@26.11.33 (260400-887465546):23)
03-27 14:34:45.450  2791  4831 E AuthPII : 	at android.os.Binder.transact(Binder.java:1318)
03-27 14:34:45.450  2791  4831 E AuthPII : 	at cmkf.onTransact(:com.google.android.gms@261133035@26.11.33 (260400-887465546):10)
03-27 14:34:45.450  2791  4831 E AuthPII : 	at android.os.Binder.transact(Binder.java:1318)
03-27 14:34:45.450  2791  4831 E AuthPII : 	at bzjm.onTransact(:com.google.android.gms@261133035@26.11.33 (260400-887465546):161)
03-27 14:34:45.450  2791  4831 E AuthPII : 	at android.os.Binder.execTransactInternal(Binder.java:1466)
03-27 14:34:45.450  2791  4831 E AuthPII : 	at android.os.Binder.execTransact(Binder.java:1411)
03-27 14:34:45.450  2791  4831 E AuthPII : Message is Long live credential not available.
03-27 14:34:45.450  2791  4831 E AuthPII : bhdt: Long live credential not available.
03-27 14:34:45.450  2791  4831 E AuthPII : 	at ahfp.a(:com.google.android.gms@261133035@26.11.33 (260400-887465546):1347)
03-27 14:34:45.450  2791  4831 E AuthPII : 	at ahfw.b(:com.google.android.gms@261133035@26.11.33 (260400-887465546):26)
03-27 14:34:45.450  2791  4831 E AuthPII : 	at ahfu.a(:com.google.android.gms@261133035@26.11.33 (260400-887465546):738)
03-27 14:34:45.450  2791  4831 E AuthPII : 	at ahft.b(:com.google.android.gms@261133035@26.11.33 (260400-887465546):145)
03-27 14:34:45.450  2791  4831 E AuthPII : 	at aalp.d(:com.google.android.gms@261133035@26.11.33 (260400-887465546):107)
03-27 14:34:45.450  2791  4831 E AuthPII : 	at aalp.dispatchTransaction(:com.google.android.gms@261133035@26.11.33 (260400-887465546):153)
03-27 14:34:45.450  2791  4831 E AuthPII : 	at bziy.a(:com.google.android.gms@261133035@26.11.33 (260400-887465546):72)
03-27 14:34:45.450  2791  4831 E AuthPII : 	at zqy.onTransact(:com.google.android.gms@261133035@26.11.33 (260400-887465546):23)
03-27 14:34:45.450  2791  4831 E AuthPII : 	at android.os.Binder.transact(Binder.java:1318)
03-27 14:34:45.450  2791  4831 E AuthPII : 	at cmkf.onTransact(:com.google.android.gms@261133035@26.11.33 (260400-887465546):10)
03-27 14:34:45.450  2791  4831 E AuthPII : 	at android.os.Binder.transact(Binder.java:1318)
03-27 14:34:45.450  2791  4831 E AuthPII : 	at bzjm.onTransact(:com.google.android.gms@261133035@26.11.33 (260400-887465546):161)
03-27 14:34:45.450  2791  4831 E AuthPII : 	at android.os.Binder.execTransactInternal(Binder.java:1466)
03-27 14:34:45.450  2791  4831 E AuthPII : 	at android.os.Binder.execTransact(Binder.java:1411)
03-27 14:34:45.457  2564  2564 I SettingsHomepageActivity: showHomepageWithSuggestion: false
03-27 14:34:45.464  7338  7348 W CandidateSuggestionFilter: Error checking completion state for com.google.android.apps.tips/com.google.android.apps.tips.fortnite.deeplink.SettingsSuggestionDeepLinkGateway
03-27 14:34:45.464  7338  7348 W CandidateSuggestionFilter: java.util.concurrent.TimeoutException
03-27 14:34:45.464  7338  7348 W CandidateSuggestionFilter: 	at java.util.concurrent.FutureTask.get(FutureTask.java:204)
03-27 14:34:45.464  7338  7348 W CandidateSuggestionFilter: 	at hma.z(PG:72)
03-27 14:34:45.464  7338  7348 W CandidateSuggestionFilter: 	at hma.E(PG:83)
03-27 14:34:45.464  7338  7348 W CandidateSuggestionFilter: 	at hma.F(PG:12)
03-27 14:34:45.464  7338  7348 W CandidateSuggestionFilter: 	at com.google.android.settings.intelligence.modules.suggestions.SuggestionService.onGetSuggestions(PG:100)
03-27 14:34:45.464  7338  7348 W CandidateSuggestionFilter: 	at android.service.settings.suggestions.SuggestionService$1.getSuggestions(SuggestionService.java:47)
03-27 14:34:45.464  7338  7348 W CandidateSuggestionFilter: 	at android.service.settings.suggestions.ISuggestionService$Stub.onTransact(ISuggestionService.java:110)
03-27 14:34:45.464  7338  7348 W CandidateSuggestionFilter: 	at android.os.Binder.execTransactInternal(Binder.java:1471)
03-27 14:34:45.464  7338  7348 W CandidateSuggestionFilter: 	at android.os.Binder.execTransact(Binder.java:1411)
03-27 14:34:45.467  7338  7348 W MetricsFeatureProvider: Invalid suggestion ids!!! ids is null or empty. Please check. 
03-27 14:34:45.467  2564  7832 D ContextualSuggestFrag: Loaded suggests: 0
03-27 14:34:45.469  6335  6344 V ClearcutMetricXmitter: Transmission is done.
03-27 14:34:45.470  6335  6344 V ClearcutMetricXmitter: Transmission is done.
03-27 14:34:45.471  2108  2108 W BlurChoreographer: Multiple blur values emitted in the same frame
03-27 14:34:45.471  2564  2564 I HWUI    : Using FreeType backend (prop=Auto)
03-27 14:34:45.472  2791  4831 I Auth    : (REDACTED) [GetToken] GetToken failed for app=%s with userRecoverable status: %s 
03-27 14:34:45.472  2791  4831 W Auth    : [ChimeraGetToken] exception while trying to fetch auth tokens for app=com.google.android.gms, scope=oauth2:https://www.googleapis.com/auth/android_platform_backup_restore [CONTEXT service_id=153 ]
03-27 14:34:45.472  2791  4831 W Auth    : ahfo: GetToken failed with status code and recovery intent: BadAuthentication
03-27 14:34:45.472  2791  4831 W Auth    : 	at ahft.b(:com.google.android.gms@261133035@26.11.33 (260400-887465546):342)
03-27 14:34:45.472  2791  4831 W Auth    : 	at aalp.d(:com.google.android.gms@261133035@26.11.33 (260400-887465546):107)
03-27 14:34:45.472  2791  4831 W Auth    : 	at aalp.dispatchTransaction(:com.google.android.gms@261133035@26.11.33 (260400-887465546):153)
03-27 14:34:45.472  2791  4831 W Auth    : 	at bziy.a(:com.google.android.gms@261133035@26.11.33 (260400-887465546):72)
03-27 14:34:45.472  2791  4831 W Auth    : 	at zqy.onTransact(:com.google.android.gms@261133035@26.11.33 (260400-887465546):23)
03-27 14:34:45.472  2791  4831 W Auth    : 	at android.os.Binder.transact(Binder.java:1318)
03-27 14:34:45.472  2791  4831 W Auth    : 	at cmkf.onTransact(:com.google.android.gms@261133035@26.11.33 (260400-887465546):10)
03-27 14:34:45.472  2791  4831 W Auth    : 	at android.os.Binder.transact(Binder.java:1318)
03-27 14:34:45.472  2791  4831 W Auth    : 	at bzjm.onTransact(:com.google.android.gms@261133035@26.11.33 (260400-887465546):161)
03-27 14:34:45.472  2791  4831 W Auth    : 	at android.os.Binder.execTransactInternal(Binder.java:1466)
03-27 14:34:45.472  2791  4831 W Auth    : 	at android.os.Binder.execTransact(Binder.java:1411)
03-27 14:34:45.492  2840  3297 I .android.gms.ui: Explicit concurrent mark compact GC freed 924KB AllocSpace bytes, 2(40KB) LOS objects, 70% free, 3384KB/11MB, paused 10.881ms,15.780ms total 388.977ms
03-27 14:34:45.493  2840  3327 W Auth    : [GoogleAuthUtil] [GoogleAuthUtil] error status:BAD_AUTHENTICATION with method:getTokenWithDetails
03-27 14:34:45.494  2840  3327 E StorageQuotaStateProvid: Unable to provide StorageQuotaInfo state. [ERROR: UNUSED LOG ARGUMENTS] [CONTEXT service_id=229 ]
03-27 14:34:45.505  2108  2155 D StatusBar##isHomeStatusBarAllowed: newValue: true
03-27 14:34:45.505  2108  2155 D StatusBar##chips: newValue: Chips[allowed=true numChips=0]
03-27 14:34:45.506  2108  2108 E NotifRow: Magnetic state changed from IDLE to IDLE on a null swiped listener, or the logging key of the listener is null
03-27 14:34:45.506  2108  2155 D ShadeStatusBarComponentsInteractor#disableFlagsInteractor: newValue: DisableFlagsModel(disable1=0, disable2=0, animate=false)
03-27 14:34:45.506  2108  2108 D DepthController: appLaunchTransitionIsInProgress is now false from shade expansion event
03-27 14:34:45.506  2108  2108 V WindowManagerShell: Received remote transition finished callback for (#14)
03-27 14:34:45.507  2108  2129 V WindowManagerShell: Transition animation finished (aborted=false), notifying core (#14) android.os.BinderProxy@2f66163@0
03-27 14:34:45.510  1736  1780 V WindowManager: Finish Transition (#14): created at 03-27 14:34:44.914 collect-started=0.09ms request-sent=8.611ms started=9.655ms ready=19.254ms sent=35.351ms commit=7.579ms finished=595.287ms
03-27 14:34:45.512  2415  2415 D VRI[NexusLauncherActivity]: visibilityChanged oldVisibility=true newVisibility=false
03-27 14:34:45.512  2108  2452 D WallpaperService: onVisibilityChanged(false): com.android.systemui.wallpapers.ImageWallpaper$CanvasEngine@15b81c9
03-27 14:34:45.512  2108  2129 V WindowManagerShell: Track 0 became idle
03-27 14:34:45.512  2108  2129 V WindowManagerShell: All active transition animations finished
03-27 14:34:45.520  3199  8284 I Backup  : [GmsBackupAccountManager] Backup account not found in gmscore.
03-27 14:34:45.520  2415  2415 D NexusLauncherModelDelegate: notifySmartspaceEvent: SmartspaceTargetEvent{mSmartspaceTarget=null, mSmartspaceActionId='null', mEventType=7}
03-27 14:34:45.525  2884  3330 I AiAiEcho: (REDACTED) %s No tracked ambient data found for ID: %s; for event type: %d, skipping event processing.
03-27 14:34:45.529  2415  2415 D BaseActivity: Launcher flags updated: [] -[state_started]
03-27 14:34:45.529  2415  2415 D BaseDepthController: setSurface:
03-27 14:34:45.529  2415  2415 D BaseDepthController: 	mWaitingOnSurfaceValidity: false
03-27 14:34:45.529  2415  2415 D BaseDepthController: 	mBaseSurface: null
03-27 14:34:45.529  2415  2415 D BaseDepthController: mSurface is null and mCurrentBlur is: 0
03-27 14:34:45.529  2415  2415 I ActivityThread: Schedule relaunch activity: com.google.android.apps.nexuslauncher.NexusLauncherActivity
03-27 14:34:45.530  2415  2415 D LauncherStateManager: StateManager.goToState: fromState: Normal, toState: Normal, partial trace:
03-27 14:34:45.530  2415  2415 D LauncherStateManager: 	at com.android.launcher3.statemanager.StateManager.moveToRestState(go/retraceme 144566bd9520bc83e5304c26b07b13110d583e327fe0d444e5839d5db5f7f1ec:27)
03-27 14:34:45.530  2415  2415 D LauncherStateManager: 	at com.android.launcher3.statemanager.StateManager.moveToRestState(go/retraceme 144566bd9520bc83e5304c26b07b13110d583e327fe0d444e5839d5db5f7f1ec:36)
03-27 14:34:45.530  2415  2415 D LauncherStateManager: 	at com.android.launcher3.statemanager.StatefulActivity.onStop(go/retraceme 144566bd9520bc83e5304c26b07b13110d583e327fe0d444e5839d5db5f7f1ec:32)
03-27 14:34:45.530  2415  2415 D LauncherStateManager: StateManager.onRepeatStateSetAborted: state: Normal
03-27 14:34:45.530  2415  2415 D KeyboardStateManager: hideKeyboard
03-27 14:34:45.530  2415  2415 D KeyboardStateManager: isImeShown: false
03-27 14:34:45.530  2415  2415 D StatsLog: LAUNCHER_ONSTOP
03-27 14:34:45.530  2415  2415 D StatsLog: LAUNCHER_GOOGLE_SEARCH_RESTORE_LIST_SIZE_AFTER_ACTIVITY_RESTART
03-27 14:34:45.530  2564  2564 D ContextualSuggestFrag: Remove suggestion
03-27 14:34:45.530  2564  2564 D ContextualSuggestFrag: Total loading time: 391 ms
03-27 14:34:45.531  2415  2415 D CannedAnimCoordinator: Wrong controller access from k6.t@d4c0db8, actual provider null
03-27 14:34:45.532  2415  2415 D RecentsView: destroy
03-27 14:34:45.532   932  8244 I ExynosC2H264EncComponent: [onUpdateC2Work] got SYNC FRAME
03-27 14:34:45.532  2415  2415 D TaskbarManager: onActivityDestroyed: displayId=0 isDefaultDisplay=true
03-27 14:34:45.532  2415  2415 D TaskbarManager: onActivityDestroyed: unregistering callbacks displayId=0 isDefaultDisplay=true
03-27 14:34:45.532  2415  2415 D TaskbarManager: onActivityDestroyed: setting taskbarUIController displayId=0 isDefaultDisplay=true
03-27 14:34:45.533  2415  2415 D TaskFragmentComponent: destroy task fragment
03-27 14:34:45.533  2415  2415 D TaskFragmentComponent: java.lang.Exception
03-27 14:34:45.533  2415  2415 D TaskFragmentComponent: 	at com.google.android.apps.nexuslauncher.overlay.TaskFragmentOverlayManager.onActivityDestroyed(go/retraceme 144566bd9520bc83e5304c26b07b13110d583e327fe0d444e5839d5db5f7f1ec:59)
03-27 14:34:45.533  2415  2415 D TaskFragmentComponent: 	at com.android.launcher3.Launcher.onDestroy(go/retraceme 144566bd9520bc83e5304c26b07b13110d583e327fe0d444e5839d5db5f7f1ec:146)
03-27 14:34:45.533  2415  2415 D TaskFragmentComponent: 	at com.android.launcher3.uioverrides.QuickstepLauncher.onDestroy(go/retraceme 144566bd9520bc83e5304c26b07b13110d583e327fe0d444e5839d5db5f7f1ec:135)
03-27 14:34:45.533  2415  2415 D TaskFragmentComponent: 	at com.google.android.apps.nexuslauncher.NexusLauncherActivity.onDestroy(go/retraceme 144566bd9520bc83e5304c26b07b13110d583e327fe0d444e5839d5db5f7f1ec:68)
03-27 14:34:45.533  2415  2415 D TaskFragmentComponent: 	at android.app.Activity.performDestroy(Activity.java:9612)
03-27 14:34:45.533  2415  2415 D TaskFragmentComponent: 	at android.app.Instrumentation.callActivityOnDestroy(Instrumentation.java:1578)
03-27 14:34:45.533  2415  2415 D TaskFragmentComponent: 	at android.app.ActivityThread.performDestroyActivity(ActivityThread.java:6554)
03-27 14:34:45.533  2415  2415 D TaskFragmentComponent: 	at android.app.ActivityThread.handleDestroyActivity(ActivityThread.java:6599)
03-27 14:34:45.533  2415  2415 D TaskFragmentComponent: 	at android.app.ActivityThread.handleRelaunchActivityInner(ActivityThread.java:6884)
03-27 14:34:45.533  2415  2415 D TaskFragmentComponent: 	at android.app.ActivityThread.handleRelaunchActivity(ActivityThread.java:6799)
03-27 14:34:45.533  2415  2415 D TaskFragmentComponent: 	at android.app.servertransaction.ActivityRelaunchItem.execute(ActivityRelaunchItem.java:108)
03-27 14:34:45.533  2415  2415 D TaskFragmentComponent: 	at android.app.servertransaction.ActivityTransactionItem.execute(ActivityTransactionItem.java:63)
03-27 14:34:45.533  2415  2415 D TaskFragmentComponent: 	at android.app.servertransaction.TransactionExecutor.executeNonLifecycleItem(TransactionExecutor.java:133)
03-27 14:34:45.533  2415  2415 D TaskFragmentComponent: 	at android.app.servertransaction.TransactionExecutor.executeTransactionItems(TransactionExecutor.java:103)
03-27 14:34:45.533  2415  2415 D TaskFragmentComponent: 	at android.app.servertransaction.TransactionExecutor.execute(TransactionExecutor.java:80)
03-27 14:34:45.533  2415  2415 D TaskFragmentComponent: 	at android.app.ClientTransactionHandler.executeTransaction(ClientTransactionHandler.java:71)
03-27 14:34:45.533  2415  2415 D TaskFragmentComponent: 	at android.app.ActivityThread.handleRelaunchActivityLocally(ActivityThread.java:6865)
03-27 14:34:45.533  2415  2415 D TaskFragmentComponent: 	at android.app.ActivityThread$H.handleMessage(ActivityThread.java:2993)
03-27 14:34:45.533  2415  2415 D TaskFragmentComponent: 	at android.os.Handler.dispatchMessageImpl(Handler.java:142)
03-27 14:34:45.533  2415  2415 D TaskFragmentComponent: 	at android.os.Handler.dispatchMessage(Handler.java:125)
03-27 14:34:45.533  2415  2415 D TaskFragmentComponent: 	at android.os.Looper.loopOnce(Looper.java:269)
03-27 14:34:45.533  2415  2415 D TaskFragmentComponent: 	at android.os.Looper.loop(Looper.java:367)
03-27 14:34:45.533  2415  2415 D TaskFragmentComponent: 	at android.app.ActivityThread.main(ActivityThread.java:9333)
03-27 14:34:45.533  2415  2415 D TaskFragmentComponent: 	at java.lang.reflect.Method.invoke(Native Method)
03-27 14:34:45.533  2415  2415 D TaskFragmentComponent: 	at com.android.internal.os.RuntimeInit$MethodAndArgsCaller.run(RuntimeInit.java:566)
03-27 14:34:45.533  2415  2415 D TaskFragmentComponent: 	at com.android.internal.os.ZygoteInit.main(ZygoteInit.java:929)
03-27 14:34:45.534  1736  3082 V WindowManager: deferTransitionReady deferReadyDepth=1 stack=com.android.server.wm.WindowOrganizerController.applyTransaction:669 com.android.server.wm.WindowOrganizerController.applyTransaction:647 com.android.server.wm.WindowOrganizerController.lambda$applyTaskFragmentTransactionLocked$5:613 com.android.server.wm.WindowOrganizerController.$r8$lambda$b9SZ7IAloD3MuUhvAJTdz5zHJ5k:0 com.android.server.wm.WindowOrganizerController$$ExternalSyntheticLambda4.onCollectStarted:0 
03-27 14:34:45.534  1736  3082 V WindowManager: continueTransitionReady deferReadyDepth=0 stack=com.android.server.wm.WindowOrganizerController.applyTransaction:810 com.android.server.wm.WindowOrganizerController.applyTransaction:647 com.android.server.wm.WindowOrganizerController.lambda$applyTaskFragmentTransactionLocked$5:613 com.android.server.wm.WindowOrganizerController.$r8$lambda$b9SZ7IAloD3MuUhvAJTdz5zHJ5k:0 com.android.server.wm.WindowOrganizerController$$ExternalSyntheticLambda4.onCollectStarted:0 
03-27 14:34:45.535  1736  3885 V WindowManager: deferTransitionReady deferReadyDepth=1 stack=com.android.server.wm.WindowOrganizerController.applyTransaction:669 com.android.server.wm.WindowOrganizerController.applyTransaction:647 com.android.server.wm.WindowOrganizerController.lambda$applyTaskFragmentTransactionLocked$5:613 com.android.server.wm.WindowOrganizerController.$r8$lambda$b9SZ7IAloD3MuUhvAJTdz5zHJ5k:0 com.android.server.wm.WindowOrganizerController$$ExternalSyntheticLambda4.onCollectStarted:0 
03-27 14:34:45.535  1736  3885 D ActivityTaskManager: Remove task fragment: deleteTaskFragment
03-27 14:34:45.536  1736  3885 V WindowManager: continueTransitionReady deferReadyDepth=0 stack=com.android.server.wm.WindowOrganizerController.applyTransaction:810 com.android.server.wm.WindowOrganizerController.applyTransaction:647 com.android.server.wm.WindowOrganizerController.lambda$applyTaskFragmentTransactionLocked$5:613 com.android.server.wm.WindowOrganizerController.$r8$lambda$b9SZ7IAloD3MuUhvAJTdz5zHJ5k:0 com.android.server.wm.WindowOrganizerController$$ExternalSyntheticLambda4.onCollectStarted:0 
03-27 14:34:45.537  1736  1756 I system_server: Background young concurrent mark compact GC freed 96MB AllocSpace bytes, 97(3340KB) LOS objects, 62% free, 55MB/148MB, paused 13.769ms,2.397ms total 422.188ms
03-27 14:34:45.538  2791  8317 W ChimeraUtils: Module com.google.android.gms.backup_base missing resource null(0)
03-27 14:34:45.540  2108  2108 I SceneTransitionLayoutState: snapTo(scene=SceneKey(debugName=QuickQuickSettingsScene), overlays=[])
03-27 14:34:45.541  2415  2415 D RecentsView: reset - mEnableDrawingLiveTile: false, mRecentsAnimationController: null
03-27 14:34:45.542  1736  3885 V WindowManager: Defer transition id=16 for TaskFragmentTransaction=android.os.Binder@6870e2a
03-27 14:34:45.543  2108  2129 V WindowManagerShell: Transition requested (#16): android.os.BinderProxy@729a1fc TransitionRequestInfo { type = CLOSE, triggerTask = null, pipChange = null, remoteTransitionInfo = RemoteTransitionInfo { remoteTransition = android.window.IRemoteTransition$Stub$Proxy@fcf085, debugName = TaskFragmentComponent }, displayChange = null, requestedLocation = null, userChange = null, windowingLayerChange = null, fullscreenRequestChange = null, flags = 0, debugId = 16 }
03-27 14:34:45.543  2108  2129 W DisplayDisconnectTransitionHandler: No disconnect change found in the transition, not handling request.
03-27 14:34:45.543  2108  2129 V WindowManagerShell: RemoteTransition directly requested for (#16) android.os.BinderProxy@729a1fc: RemoteTransition { remoteTransition = android.window.IRemoteTransition$Stub$Proxy@fcf085, appThread = null, debugName = TaskFragmentComponent, filter = null }
03-27 14:34:45.543  2108  2129 V WindowManagerShell: Transition (#16): request handled by RemoteTransitionHandler
03-27 14:34:45.544  2415  2415 D UnlockComponentFactory: instantiateActivity() com.google.android.apps.nexuslauncher.NexusLauncherActivity isUserLocked: false
03-27 14:34:45.544  2415  2415 D WindowOnBackDispatcher: setTopOnBackInvokedCallback (unwrapped): null
03-27 14:34:45.544  1736  2359 D CoreBackPreview: Window{6d7ec72 u0 com.google.android.apps.nexuslauncher/com.google.android.apps.nexuslauncher.NexusLauncherActivity}: Setting back callback null
03-27 14:34:45.545  2415  2415 D WindowOnBackDispatcher: setTopOnBackInvokedCallback (unwrapped): android.app.Activity$$ExternalSyntheticLambda0@55d9bcd
03-27 14:34:45.545  2415  2415 D WindowOnBackDispatcher: setTopOnBackInvokedCallback (unwrapped): com.android.launcher3.uioverrides.QuickstepLauncher$3@8b44f93
03-27 14:34:45.545  1736  1762 D CoreBackPreview: Window{6d7ec72 u0 com.google.android.apps.nexuslauncher/com.google.android.apps.nexuslauncher.NexusLauncherActivity}: Setting back callback OnBackInvokedCallbackInfo{mCallback=android.window.IOnBackInvokedCallback$Stub$Proxy@c4e041b, mPriority=-1, mIsAnimationCallback=false, mOverrideBehavior=0}
03-27 14:34:45.545  1736  1762 D CoreBackPreview: Window{6d7ec72 u0 com.google.android.apps.nexuslauncher/com.google.android.apps.nexuslauncher.NexusLauncherActivity}: Setting back callback OnBackInvokedCallbackInfo{mCallback=android.window.IOnBackInvokedCallback$Stub$Proxy@a5a29b8, mPriority=0, mIsAnimationCallback=true, mOverrideBehavior=0}
03-27 14:34:45.547  2108  2153 D ControlsListingControllerImpl: Unsubscribing callback
03-27 14:34:45.548  2108  2108 D DLObserver: remove listener: com.android.systemui.dock.DockManagerExtensionsKt$retrieveIsDocked$1$callback$1@62ab0a4
03-27 14:34:45.550  2108  2108 D DLObserver: remove listener: com.android.systemui.dock.DockManagerExtensionsKt$retrieveIsDocked$1$callback$1@4d75e0d
03-27 14:34:45.552  1736  1973 I ImeTracker: com.android.settings:7ceadb12: onRequestHide at ORIGIN_SERVER reason HIDE_UNSPECIFIED_WINDOW fromUser false userId 0 displayId 0
03-27 14:34:45.552  2791  8317 I AndroidBackupEventsLogg: (REDACTED) Logging with sampling event %s
03-27 14:34:45.553  2108  2153 D ControlsListingControllerImpl: Unsubscribing callback
03-27 14:34:45.553  2108  2108 D DLObserver: remove listener: com.android.systemui.dock.DockManagerExtensionsKt$retrieveIsDocked$1$callback$1@58abcf8
03-27 14:34:45.553  2564  2564 D InsetsController: hide(ime())
03-27 14:34:45.553  2564  2564 I ImeTracker: com.android.settings:7ceadb12: onCancelled at PHASE_CLIENT_ALREADY_HIDDEN
03-27 14:34:45.554  2108  2153 D ControlsListingControllerImpl: Unsubscribing callback
03-27 14:34:45.555  2108  2108 D DLObserver: remove listener: com.android.systemui.dock.DockManagerExtensionsKt$retrieveIsDocked$1$callback$1@460c836
03-27 14:34:45.556  2415  2415 E RecyclerView: Cannot scroll to position a LayoutManager set. Call setLayoutManager with a non-null argument.
03-27 14:34:45.556  2415  2415 D ActivityAllAppsContainerView: rebindAdapters: force: true
03-27 14:34:45.556  2415  2415 D ActivityAllAppsContainerView: replaceAppsRVContainer: showTabs: false
03-27 14:34:45.556  2415  2415 D AlphabeticalAppsList: Clearing FastScrollerSections.
03-27 14:34:45.556  2415  2415 D AlphabeticalAppsList: Adding apps with sections. HasPrivateApps: true
03-27 14:34:45.556  2415  2415 E RecyclerView: Cannot scroll to position a LayoutManager set. Call setLayoutManager with a non-null argument.
03-27 14:34:45.557  2415  2415 D DeviceSearchAlg: search timeout = 200
03-27 14:34:45.557  2108  2108 D DLObserver: remove listener: com.android.systemui.dock.DockManagerExtensionsKt$retrieveIsDocked$1$callback$1@17635d1
03-27 14:34:45.557  2415  2415 D OverviewActionsView: updateActionButtonsVisibility() called: showSingleTaskActions = [true], showGroupActions = [false]
03-27 14:34:45.556  3798  3808 W id.apps.restore: userfaultfd: MOVE ioctl seems unsupported: Connection timed out
03-27 14:34:45.559  2660  2660 I GoogleInputMethodService: GoogleInputMethodService.onFinishInput():2114 
03-27 14:34:45.559  2108  2108 D DLObserver: remove listener: com.android.systemui.dock.DockManagerExtensionsKt$retrieveIsDocked$1$callback$1@9f9e337
03-27 14:34:45.559  2415  2415 D TaskbarManager: setActivityInteractor: mActivityInteractor=null displayId=0 isDefaultDisplay=true
03-27 14:34:45.559  2415  2415 D TaskbarManager: unregistering activity lifecycle callbacks displayId=0 isDefaultDisplay=true
03-27 14:34:45.559  2415  2415 D TaskbarManager: updateTaskbarsVisibility displayId=0 isDefaultDisplay=true
03-27 14:34:45.559  2415  2415 D TaskbarManager: getTaskbarRootLayoutForDisplay: displayId=0 isDefaultDisplay=true
03-27 14:34:45.559  2415  2415 D TaskbarManager: setActivityInteractor: registering activity lifecycle callbacks. displayId=0 isDefaultDisplay=true
03-27 14:34:45.559  2415  2415 D TaskbarManager: setRecentsViewContainer displayId=0 isDefaultDisplay=true
03-27 14:34:45.559  2415  2415 D TaskbarManager: createTaskbarUIControllerForRecentsViewContainer displayId=0 isDefaultDisplay=true
03-27 14:34:45.560  2415  2415 D AllAppsTransitionController: shouldProtectHeader: false skipScrim: false state: Normal stateManager.getState(): Normal
03-27 14:34:45.560  1736  2705 I ImeTracker: system_server:a7cd4b2b: onRequestHide at ORIGIN_SERVER reason IME_REQUESTED_CHANGED_LISTENER fromUser false displayId 0
03-27 14:34:45.560  1736  1784 I ImeTracker: system_server:a7cd4b2b: onCancelled at PHASE_SERVER_SHOULD_HIDE
03-27 14:34:45.561  2415  2415 D KeyboardInsetsHandler: setState, toState:Normal StateManager(mLastStableState:Normal, mCurrentStableState:Normal, mState:Normal, mRestState:null, isInTransition:false)
03-27 14:34:45.561  2415  2415 D KeyboardInsetsHandler: removePendingImeController: pendingImeController=null
03-27 14:34:45.561  2415  2415 D KeyboardStateManager: hideKeyboard
03-27 14:34:45.561  2415  2415 D KeyboardStateManager: isImeShown: false
03-27 14:34:45.561  2415  2415 D KeyboardStateManager: hideKeyboard: WIC IS NULL
03-27 14:34:45.561  2415  2415 D KeyboardStateManager: InputMethodManager: android.view.inputmethod.InputMethodManager@145e98a token: null
03-27 14:34:45.561  2415  2415 D ModelCallbacks: startBinding: hotseat layout was vertical: false and is setting to false
03-27 14:34:45.562  2660  2660 I Module  : DeviceLockedStatusModuleProvider$Module.updateDeviceLockedStatus():103 repeatCheckTimes = 0, locked = false
03-27 14:34:45.563  2415  2415 I LauncherAppWidgetHostView: App widget created with id: 2
03-27 14:34:45.563  2415  2415 I LauncherAppWidgetHostView: App widget with id: 2 loaded
03-27 14:34:45.563  2660  2660 I GoogleInputMethodService: GoogleInputMethodService.onStartInput():1385 onStartInput(EditorInfo{EditorInfo{packageName=com.android.settings, inputType=0, inputTypeString=NULL, enableLearning=false, autoCorrection=false, autoComplete=false, imeOptions=0, privateImeOptions=null, actionName=UNSPECIFIED, actionLabel=null, initialSelStart=-1, initialSelEnd=-1, initialCapsMode=0, label=null, fieldId=0, fieldName=null, extras=null, hintText=null, hintLocales=[]}}, false)
03-27 14:34:45.564  2660  2660 W AndroidIME: LatinIMEBase.updateInputViewCoverNavigation():319 Null input view, cannot update padding!
03-27 14:34:45.566  2415  2415 D SsCardRecyclerViewAdapter: Updating Smartspace targets to targets for Lockscreen
03-27 14:34:45.566  2660  2660 I Module  : DeviceLockedStatusModuleProvider$Module.updateDeviceLockedStatus():103 repeatCheckTimes = 1, locked = false
03-27 14:34:45.569  1736  3082 W PackageConfigPersister: App-specific configuration not found for packageName: com.android.settings and userId: 0
03-27 14:34:45.573  2415  2415 D SsCardRecyclerViewAdapter: Updating Smartspace targets to targets for Lockscreen
03-27 14:34:45.574  2415  2415 W BcSmartspaceView: Current card is not present in the Adapter; cannot log.
03-27 14:34:45.574  2415  2415 D NexusLauncherModelDelegate: notifySmartspaceEvent: SmartspaceTargetEvent{mSmartspaceTarget=SmartspaceTarget{mSmartspaceTargetId='date_card_794317_92634', mHeaderAction=null, mBaseAction=null, mCreationTimeMillis=0, mExpiryTimeMillis=0, mScore=0.0, mActionChips=[], mIconGrid=[], mFeatureType=1, mSensitive=false, mShouldShowExpanded=false, mSourceNotificationKey='null', mComponentName=ComponentInfo{com.google.android.apps.nexuslauncher/w7.d0}, mUserHandle=UserHandle{0}, mAssociatedSmartspaceTargetId='null', mSliceUri=null, mWidget=null, mTemplateData=BaseTemplateData{mTemplateType=1, mPrimaryItem=null, mSubtitleItem=null, mSubtitleSupplementalItem=null, mSupplementalLineItem=null, mSupplementalAlarmItem=null, mLayoutWeight=0}, mRemoteViews=null}, mSmartspaceActionId='null', mEventType=8}
03-27 14:34:45.574  2415  2415 D Launcher.Workspace: addInScreenFromBind: hotseat inflation with x = 0 and y = 0
03-27 14:34:45.574  2415  2415 D CellLayout: Adding view to ShortcutsAndWidgetsContainer: com.android.launcher3.views.DoubleShadowBubbleTextView{d1eb89f VFED..C.. ......ID 0,0-0,0 #1}
03-27 14:34:45.574  2415  2415 D Launcher.Workspace: addInScreenFromBind: hotseat inflation with x = 1 and y = 0
03-27 14:34:45.574  2415  2415 D CellLayout: Adding view to ShortcutsAndWidgetsContainer: com.android.launcher3.views.DoubleShadowBubbleTextView{c4f3dec VFED..C.. ......ID 0,0-0,0 #2}
03-27 14:34:45.574  2415  2415 D Launcher.Workspace: addInScreenFromBind: hotseat inflation with x = 2 and y = 0
03-27 14:34:45.574  2415  2415 D CellLayout: Adding view to ShortcutsAndWidgetsContainer: com.android.launcher3.views.DoubleShadowBubbleTextView{2f4744a VFED..C.. ......ID 0,0-0,0 #3}
03-27 14:34:45.574  2415  2415 D Launcher.Workspace: addInScreenFromBind: hotseat inflation with x = 3 and y = 0
03-27 14:34:45.574  2415  2415 D CellLayout: Adding view to ShortcutsAndWidgetsContainer: com.android.launcher3.views.DoubleShadowBubbleTextView{8c03fbb VFED..C.. ......ID 0,0-0,0 #4}
03-27 14:34:45.574  2415  2415 D CellLayout: Adding view to ShortcutsAndWidgetsContainer: com.android.launcher3.widget.LauncherAppWidgetHostView{2e84cd8 VFE...... R.....I. 0,0-0,0 #5}
03-27 14:34:45.574  2415  2415 D CellLayout: Adding view to ShortcutsAndWidgetsContainer: com.android.launcher3.views.DoubleShadowBubbleTextView{b62b831 VFED..C.. ......ID 0,0-0,0 #6}
03-27 14:34:45.574  2415  2415 D CellLayout: Adding view to ShortcutsAndWidgetsContainer: com.android.launcher3.views.DoubleShadowBubbleTextView{40d8b16 VFED..C.. ......ID 0,0-0,0 #7}
03-27 14:34:45.574  2415  2415 D CellLayout: Adding view to ShortcutsAndWidgetsContainer: com.android.launcher3.folder.FolderIcon{3291c97 VFE...C.. ......I. 0,0-0,0 #24}
03-27 14:34:45.574  2415  2415 D CellLayout: Adding view to ShortcutsAndWidgetsContainer: com.google.android.apps.nexuslauncher.qsb.SmartspaceViewContainer{3015e84 V.E...... ......I. 0,0-0,0 #7f0a034e app:id/search_container_workspace}
03-27 14:34:45.576  2415  2415 D ModelCallbacks: Starting async inflation
03-27 14:34:45.577  2415  2415 D SearchTargetUtil: queryLength=0 size=15
03-27 14:34:45.577  2415  2415 D SearchTargetUtil: layoutType=short_icon_row resultType=131072 packageName=com.google.android.googlequicksearchbox
03-27 14:34:45.577  2415  2415 D SearchTargetUtil: layoutType=short_icon_row resultType=131072 packageName=com.google.android.googlequicksearchbox
03-27 14:34:45.577  2415  2415 D SearchTargetUtil: layoutType=short_icon_row resultType=131072 packageName=com.google.android.googlequicksearchbox
03-27 14:34:45.577  2415  2415 D SearchTargetUtil: layoutType=extra_tall_icon_row resultType=131072 packageName=com.google.android.googlequicksearchbox
03-27 14:34:45.577  2415  2415 D SearchTargetUtil: layoutType=extra_tall_icon_row resultType=131072 packageName=com.google.android.googlequicksearchbox
03-27 14:34:45.577  2415  2415 D SearchTargetUtil: layoutType=short_icon_row resultType=131072 packageName=com.google.android.googlequicksearchbox
03-27 14:34:45.577  2415  2415 D SearchTargetUtil: layoutType=short_icon_row resultType=131072 packageName=com.google.android.googlequicksearchbox
03-27 14:34:45.577  2415  2415 D SearchTargetUtil: layoutType=short_icon_row resultType=131072 packageName=com.google.android.googlequicksearchbox
03-27 14:34:45.577  2415  2415 D SearchTargetUtil: layoutType=short_icon_row resultType=131072 packageName=com.google.android.googlequicksearchbox
03-27 14:34:45.577  2415  2415 D SearchTargetUtil: layoutType=short_icon_row resultType=131072 packageName=com.google.android.googlequicksearchbox
03-27 14:34:45.577  2415  2415 D SearchTargetUtil: layoutType=short_icon_row resultType=131072 packageName=com.google.android.googlequicksearchbox
03-27 14:34:45.577  2415  2415 D SearchTargetUtil: layoutType=short_icon_row resultType=131072 packageName=com.google.android.googlequicksearchbox
03-27 14:34:45.577  2415  2415 D SearchTargetUtil: layoutType=short_icon_row resultType=131072 packageName=com.google.android.googlequicksearchbox
03-27 14:34:45.577  2415  2415 D SearchTargetUtil: layoutType=short_icon_row resultType=131072 packageName=com.google.android.googlequicksearchbox
03-27 14:34:45.577  2415  2415 D SearchTargetUtil: layoutType=short_icon_row resultType=131072 packageName=com.google.android.googlequicksearchbox
03-27 14:34:45.577  2415  2415 D AllAppsStore: setApps: apps.length=70
03-27 14:34:45.577  2415  2415 D AllAppsStore: notifyUpdate: notifying listeners
03-27 14:34:45.577  2415  2415 D ActivityAllAppsContainerView: onAppsUpdated; number of apps: 70
03-27 14:34:45.577  2415  2415 D ActivityAllAppsContainerView: rebindAdapters: force: false
03-27 14:34:45.577  2415  2415 D ActivityAllAppsContainerView: rebindAdapters: Not needed.
03-27 14:34:45.577  2415  2415 D StatsLog: LAUNCHER_ALLAPPS_COUNT
03-27 14:34:45.577  2415  2415 D AlphabeticalAppsList: Clearing FastScrollerSections.
03-27 14:34:45.577  2415  2415 D AlphabeticalAppsList: Adding apps with sections. HasPrivateApps: false
03-27 14:34:45.577  2415  2415 D AlphabeticalAppsList: addAppsWithSections: adding sectionName: A with appInfoTitle: Airtel alert
03-27 14:34:45.577  2415  2415 D AlphabeticalAppsList: addAppsWithSections: adding sectionName: B with appInfoTitle: Bakery Stack
03-27 14:34:45.577  2415  2415 D AlphabeticalAppsList: addAppsWithSections: adding sectionName: C with appInfoTitle: Calculator
03-27 14:34:45.577  2415  2415 D AlphabeticalAppsList: addAppsWithSections: adding sectionName: D with appInfoTitle: Dalgona Candy Honeycomb Cookie
03-27 14:34:45.577  2415  2415 D AlphabeticalAppsList: addAppsWithSections: adding sectionName: F with appInfoTitle: Files
03-27 14:34:45.577  2415  2415 D AlphabeticalAppsList: addAppsWithSections: adding sectionName: G with appInfoTitle: Glow Art Drawing - Doodle App
03-27 14:34:45.577  2415  2415 D AlphabeticalAppsList: addAppsWithSections: adding sectionName: L with appInfoTitle: Learn Guitar
03-27 14:34:45.577  2415  2415 D AlphabeticalAppsList: addAppsWithSections: adding sectionName: M with appInfoTitle: Maps
03-27 14:34:45.577  2415  2415 D AlphabeticalAppsList: addAppsWithSections: adding sectionName: N with appInfoTitle: NingYiNing
03-27 14:34:45.577  2415  2415 D AlphabeticalAppsList: addAppsWithSections: adding sectionName: O with appInfoTitle: Ownly
03-27 14:34:45.577  2415  2415 D AlphabeticalAppsList: addAppsWithSections: adding sectionName: P with appInfoTitle: Pattern Breakout
03-27 14:34:45.577  2415  2415 D AlphabeticalAppsList: addAppsWithSections: adding sectionName: R with appInfoTitle: Recorder
03-27 14:34:45.577  2415  2415 D AlphabeticalAppsList: addAppsWithSections: adding sectionName: S with appInfoTitle: Safety
03-27 14:34:45.577  2415  2415 D AlphabeticalAppsList: addAppsWithSections: adding sectionName: T with appInfoTitle: Tap Away Puzzle
03-27 14:34:45.577  2415  2415 D AlphabeticalAppsList: addAppsWithSections: adding sectionName: V with appInfoTitle: Vysor
03-27 14:34:45.578  2415  2415 D AlphabeticalAppsList: addAppsWithSections: adding sectionName: W with appInfoTitle: Weather
03-27 14:34:45.578  2415  2415 D AlphabeticalAppsList: addAppsWithSections: adding sectionName: X with appInfoTitle: X PhotoKit
03-27 14:34:45.578  2415  2415 D AlphabeticalAppsList: addAppsWithSections: adding sectionName: Y with appInfoTitle: YouTube
03-27 14:34:45.578  2415  2415 D AlphabeticalAppsList: Adding FastScrollSection duplicate to scroll to the bottom.
03-27 14:34:45.578  2415  2415 D AlphabeticalAppsList: Clearing FastScrollerSections.
03-27 14:34:45.578  2415  2415 D AlphabeticalAppsList: Adding apps with sections. HasPrivateApps: false
03-27 14:34:45.578  2415  2415 D AlphabeticalAppsList: addAppsWithSections: adding sectionName: A with appInfoTitle: Airtel alert
03-27 14:34:45.578  2415  2415 D AlphabeticalAppsList: addAppsWithSections: adding sectionName: B with appInfoTitle: Bakery Stack
03-27 14:34:45.578  2415  2415 D AlphabeticalAppsList: addAppsWithSections: adding sectionName: C with appInfoTitle: Calculator
03-27 14:34:45.578  2415  2415 D AlphabeticalAppsList: addAppsWithSections: adding sectionName: D with appInfoTitle: Dalgona Candy Honeycomb Cookie
03-27 14:34:45.578  2415  2415 D AlphabeticalAppsList: addAppsWithSections: adding sectionName: F with appInfoTitle: Files
03-27 14:34:45.578  2415  2415 D AlphabeticalAppsList: addAppsWithSections: adding sectionName: G with appInfoTitle: Glow Art Drawing - Doodle App
03-27 14:34:45.578  2415  2415 D AlphabeticalAppsList: addAppsWithSections: adding sectionName: L with appInfoTitle: Learn Guitar
03-27 14:34:45.578  2415  2415 D AlphabeticalAppsList: addAppsWithSections: adding sectionName: M with appInfoTitle: Maps
03-27 14:34:45.578  2415  2415 D AlphabeticalAppsList: addAppsWithSections: adding sectionName: N with appInfoTitle: NingYiNing
03-27 14:34:45.578  2415  2415 D AlphabeticalAppsList: addAppsWithSections: adding sectionName: O with appInfoTitle: Ownly
03-27 14:34:45.578  2415  2415 D AlphabeticalAppsList: addAppsWithSections: adding sectionName: P with appInfoTitle: Pattern Breakout
03-27 14:34:45.578  2415  2415 D AlphabeticalAppsList: addAppsWithSections: adding sectionName: R with appInfoTitle: Recorder
03-27 14:34:45.578  2415  2415 D AlphabeticalAppsList: addAppsWithSections: adding sectionName: S with appInfoTitle: Safety
03-27 14:34:45.578  2415  2415 D AlphabeticalAppsList: addAppsWithSections: adding sectionName: T with appInfoTitle: Tap Away Puzzle
03-27 14:34:45.578  2415  2415 D AlphabeticalAppsList: addAppsWithSections: adding sectionName: V with appInfoTitle: Vysor
03-27 14:34:45.578  2415  2415 D AlphabeticalAppsList: addAppsWithSections: adding sectionName: W with appInfoTitle: Weather
03-27 14:34:45.578  2415  2415 D AlphabeticalAppsList: addAppsWithSections: adding sectionName: X with appInfoTitle: X PhotoKit
03-27 14:34:45.578  2415  2415 D AlphabeticalAppsList: addAppsWithSections: adding sectionName: Y with appInfoTitle: YouTube
03-27 14:34:45.578  2415  2415 D AlphabeticalAppsList: Adding FastScrollSection duplicate to scroll to the bottom.
03-27 14:34:45.579  2415  2415 D AlphabeticIndexCompat: computeSectionName: cs: Settings sectionName: S
03-27 14:34:45.580  2415  2415 D AlphabeticIndexCompat: computeSectionName: cs: Photos sectionName: P
03-27 14:34:45.580  2108  2108 D WindowOnBackDispatcher: setTopOnBackInvokedCallback (unwrapped): null
03-27 14:34:45.581  2108  2153 D ControlsListingControllerImpl: Unsubscribing callback
03-27 14:34:45.581  2415  2415 D AlphabeticIndexCompat: computeSectionName: cs: Google TV sectionName: G
03-27 14:34:45.581  2415  2415 D AlphabeticIndexCompat: computeSectionName: cs: Battery sectionName: B
03-27 14:34:45.582  2415  2415 D AlphabeticIndexCompat: computeSectionName: cs: Chrome sectionName: C
03-27 14:34:45.582  2415  2415 D AlphabeticIndexCompat: computeSectionName: cs: Gmail sectionName: G
03-27 14:34:45.582  1736  3082 D CoreBackPreview: Window{384774c u0 NotificationShade}: Setting back callback null
03-27 14:34:45.582  2415  2415 D AlphabeticIndexCompat: computeSectionName: cs: Users sectionName: U
03-27 14:34:45.582  2415  2415 D AlphabeticIndexCompat: computeSectionName: cs: Drive sectionName: D
03-27 14:34:45.582  2415  2415 D AlphabeticIndexCompat: computeSectionName: cs: Clock sectionName: C
03-27 14:34:45.583  2415  2415 D AlphabeticIndexCompat: computeSectionName: cs: Pixel Weather sectionName: P
