03-27 14:32:57.815  1709  1724 I pixel-thermal: VIRTUAL-SKIN-CPU-GPU power_budget=2998.62 err=7.4005 s_power=800 time_elapsed_ms=7037 p=2220.15 i=-21.5306 d=0 dt_per_min=nan compensation=0 budget transient=0 control target=3 excluded power budget=0
03-27 14:32:57.816  1709  1724 I pixel-thermal: VIRTUAL-SKIN-CPU-GPU binded power rails: (S4M_VDD_CPUCL0: 11.67 mW)(S2M_VDD_CPUCL2: 0.40 mW)(S3M_VDD_CPUCL1: 0.10 mW)(S2S_VDD_G3D: 0.06 mW)
03-27 14:32:57.816  1709  1724 I pixel-thermal: cellular-emergency:37.5995 raw data: VIRTUAL-SKIN:37599.5 cellular-emergency:37599.5 
03-27 14:32:57.816  1709  1724 I pixel-thermal: skin_therm1:38.784 raw data: skin_therm1:38784 
03-27 14:32:57.819  1709  1724 I pixel-thermal: Successfully update cdev dc_icl sysfs to 7
03-27 14:32:57.832  1736  2015 D InetDiagMessage: Destroyed 0 sockets, proto=IPPROTO_TCP, family=AF_INET, states=14
03-27 14:32:57.833  1736  2015 D InetDiagMessage: Destroyed 0 sockets, proto=IPPROTO_TCP, family=AF_INET6, states=14
03-27 14:32:57.833  1736  2015 D InetDiagMessage: Destroyed live tcp sockets for uids={10194} in 4ms
03-27 14:32:57.835  1736  2015 D InetDiagMessage: Destroyed 0 sockets, proto=IPPROTO_TCP, family=AF_INET, states=14
03-27 14:32:57.836  1736  2015 D InetDiagMessage: Destroyed 0 sockets, proto=IPPROTO_TCP, family=AF_INET6, states=14
03-27 14:32:57.836  1736  2015 D InetDiagMessage: Destroyed live tcp sockets for uids={20194} in 2ms
03-27 14:33:00.871  2251  2742 D HbmSvManager: Ambient sensor :  TMD3719 Ambient Light update Lux : 153.68529
03-27 14:33:01.873  1736  3320 D OomAdjuster: Not killing cached processes
03-27 14:33:04.853  1709  1724 I pixel-thermal: VIRTUAL-SKIN-CHARGE-WLC:39.1355 raw data: VIRTUAL-SKIN-CHARGE-WLC:39135.5 disp_therm:38539 skin_therm2:39763 usb_pwr_therm2:38428 
03-27 14:33:04.854  1709  1724 I pixel-thermal: VIRTUAL-SKIN-CHARGE-WLC power_budget=1726.25 err=-0.13549 s_power=2000 time_elapsed_ms=7036 p=-108.392 i=-0.677452 d=0 dt_per_min=nan compensation=0 budget transient=0 control target=2 excluded power budget=164.678 (PARTIAL_SYSTEM_POWER: 205.85 mW, cdev_weight: 0.800000)
03-27 14:33:04.858  1709  1724 I pixel-thermal: VIRTUAL-SKIN-CPU:37.5815 raw data: VIRTUAL-NEU-QUT-SKIN1-SKIN2-USB-USB2-GNSS-1:37261.9 VIRTUAL-NEU-QUT-SKIN1-SKIN2-USB-USB2-GNSS-4:36812.1 VIRTUAL-QUT-SKIN2-USB-GNSS-3:37084 VIRTUAL-QUT-SKIN2-USB-USB2-2:37581.5 VIRTUAL-SKIN:37581.5 VIRTUAL-SKIN-CPU:37581.5 gnss_tcxo_therm:38851 neutral_therm:38984 quiet_therm:38383 skin_therm1:38762 skin_therm2:39763 usb_pwr_therm:38161 usb_pwr_therm2:38428 
03-27 14:33:04.858  1709  1724 I pixel-thermal: VIRTUAL-SKIN-CPU power_budget=2161.75 err=3.41854 s_power=800 time_elapsed_ms=7036 p=1367.42 i=0 d=0 dt_per_min=nan compensation=0 budget transient=0 control target=3 excluded power budget=5.66486 (VSYS_PWR_MODEM: 18.88 mW, cdev_weight: 0.300000)
03-27 14:33:04.858  1709  1724 I pixel-thermal: VIRTUAL-SKIN-CPU binded power rails: (S4M_VDD_CPUCL0: 16.21 mW)(S2M_VDD_CPUCL2: 0.24 mW)(S3M_VDD_CPUCL1: 1.02 mW)
03-27 14:33:04.859  1709  1724 I pixel-thermal: VIRTUAL-SKIN:37.5815 raw data: VIRTUAL-SKIN:37581.5 
03-27 14:33:04.859  1709  1724 I pixel-thermal: VIRTUAL-SKIN-CHARGE:37.5815 raw data: VIRTUAL-SKIN:37581.5 VIRTUAL-SKIN-CHARGE:37581.5 
03-27 14:33:04.859  1709  1724 I pixel-thermal: VIRTUAL-SKIN-CHARGE power_budget=2176.33 err=1.41854 s_power=1200 time_elapsed_ms=7036 p=992.981 i=148.032 d=0 dt_per_min=nan compensation=0 budget transient=0 control target=2 excluded power budget=164.678 (PARTIAL_SYSTEM_POWER: 205.85 mW, cdev_weight: 0.800000)
03-27 14:33:04.860  1709  1724 I pixel-thermal: VIRTUAL-SKIN-HINT:37.5815 raw data: VIRTUAL-SKIN:37581.5 VIRTUAL-SKIN-HINT:37581.5 
03-27 14:33:04.860  1709  1724 I pixel-thermal: VIRTUAL-SKIN-CPU-GPU:37.5815 raw data: VIRTUAL-SKIN:37581.5 VIRTUAL-SKIN-CPU-GPU:37581.5 
03-27 14:33:04.860  1709  1724 I pixel-thermal: VIRTUAL-SKIN-CPU-GPU power_budget=3004.03 err=7.41854 s_power=800 time_elapsed_ms=7036 p=2225.56 i=-21.5306 d=0 dt_per_min=nan compensation=0 budget transient=0 control target=3 excluded power budget=0
03-27 14:33:04.860  1709  1724 I pixel-thermal: VIRTUAL-SKIN-CPU-GPU binded power rails: (S4M_VDD_CPUCL0: 16.21 mW)(S2M_VDD_CPUCL2: 0.24 mW)(S3M_VDD_CPUCL1: 1.02 mW)(S2S_VDD_G3D: 0.46 mW)
03-27 14:33:04.861  1709  1724 I pixel-thermal: cellular-emergency:37.5815 raw data: VIRTUAL-SKIN:37581.5 cellular-emergency:37581.5 
03-27 14:33:04.861  1709  1724 I pixel-thermal: skin_therm1:38.762 raw data: skin_therm1:38762 
03-27 14:33:11.887  1709  1724 I pixel-thermal: VIRTUAL-SKIN-CHARGE-WLC:39.0745 raw data: VIRTUAL-SKIN-CHARGE-WLC:39074.5 disp_therm:38495 skin_therm2:39719 usb_pwr_therm2:38316 
03-27 14:33:11.887  1709  1724 I pixel-thermal: VIRTUAL-SKIN-CHARGE-WLC power_budget=1774.55 err=-0.0744896 s_power=2000 time_elapsed_ms=7041 p=-59.5917 i=-1.0499 d=0 dt_per_min=nan compensation=0 budget transient=0 control target=2 excluded power budget=164.813 (PARTIAL_SYSTEM_POWER: 206.02 mW, cdev_weight: 0.800000)
03-27 14:33:11.890  1709  1724 I pixel-thermal: VIRTUAL-SKIN-CPU:37.4965 raw data: VIRTUAL-NEU-QUT-SKIN1-SKIN2-USB-USB2-GNSS-1:37162.3 VIRTUAL-NEU-QUT-SKIN1-SKIN2-USB-USB2-GNSS-4:36687.7 VIRTUAL-QUT-SKIN2-USB-GNSS-3:37036.9 VIRTUAL-QUT-SKIN2-USB-USB2-2:37496.5 VIRTUAL-SKIN:37496.5 VIRTUAL-SKIN-CPU:37496.5 gnss_tcxo_therm:38806 neutral_therm:38873 quiet_therm:38294 skin_therm1:38650 skin_therm2:39719 usb_pwr_therm:38138 usb_pwr_therm2:38316 
03-27 14:33:11.890  1709  1724 I pixel-thermal: VIRTUAL-SKIN-CPU power_budget=2195.45 err=3.50354 s_power=800 time_elapsed_ms=7041 p=1401.42 i=0 d=0 dt_per_min=nan compensation=0 budget transient=0 control target=3 excluded power budget=5.96652 (VSYS_PWR_MODEM: 19.89 mW, cdev_weight: 0.300000)
03-27 14:33:11.890  1709  1724 I pixel-thermal: VIRTUAL-SKIN-CPU binded power rails: (S4M_VDD_CPUCL0: 11.22 mW)(S2M_VDD_CPUCL2: 0.32 mW)(S3M_VDD_CPUCL1: 0.04 mW)
03-27 14:33:11.891  1709  1724 I pixel-thermal: VIRTUAL-SKIN:37.4965 raw data: VIRTUAL-SKIN:37496.5 
03-27 14:33:11.892  1709  1724 I pixel-thermal: VIRTUAL-SKIN-CHARGE:37.4965 raw data: VIRTUAL-SKIN:37496.5 VIRTUAL-SKIN-CHARGE:37496.5 
03-27 14:33:11.892  1709  1724 I pixel-thermal: VIRTUAL-SKIN-CHARGE power_budget=2243.22 err=1.50354 s_power=1200 time_elapsed_ms=7041 p=1052.48 i=155.549 d=0 dt_per_min=nan compensation=0 budget transient=0 control target=2 excluded power budget=164.813 (PARTIAL_SYSTEM_POWER: 206.02 mW, cdev_weight: 0.800000)
03-27 14:33:11.892  1709  1724 I pixel-thermal: VIRTUAL-SKIN-HINT:37.4965 raw data: VIRTUAL-SKIN:37496.5 VIRTUAL-SKIN-HINT:37496.5 
03-27 14:33:11.892  1709  1724 I pixel-thermal: VIRTUAL-SKIN-CPU-GPU:37.4965 raw data: VIRTUAL-SKIN:37496.5 VIRTUAL-SKIN-CPU-GPU:37496.5 
03-27 14:33:11.893  1709  1724 I pixel-thermal: VIRTUAL-SKIN-CPU-GPU power_budget=3029.53 err=7.50354 s_power=800 time_elapsed_ms=7041 p=2251.06 i=-21.5306 d=0 dt_per_min=nan compensation=0 budget transient=0 control target=3 excluded power budget=0
03-27 14:33:11.893  1709  1724 I pixel-thermal: VIRTUAL-SKIN-CPU-GPU binded power rails: (S4M_VDD_CPUCL0: 11.22 mW)(S2M_VDD_CPUCL2: 0.32 mW)(S3M_VDD_CPUCL1: 0.04 mW)(S2S_VDD_G3D: 0.05 mW)
03-27 14:33:11.893  1709  1724 I pixel-thermal: cellular-emergency:37.4965 raw data: VIRTUAL-SKIN:37496.5 cellular-emergency:37496.5 
03-27 14:33:11.893  1709  1724 I pixel-thermal: skin_therm1:38.65 raw data: skin_therm1:38650 
03-27 14:33:12.836  1736  1803 D OomAdjuster: Not killing cached processes
03-27 14:33:13.383  2251  2742 D HbmSvManager: Ambient sensor :  TMD3719 Ambient Light update Lux : 168.92865
03-27 14:33:15.570  1178  1178 D AOC     : A3:MSG: usf_sensor.cc, 1713: USF: Received stop sampling request for LSM6DSV Accelerometer (active:3).
03-27 14:33:15.574   891  1020 I CHRE    : @ 593.058: [AR] ON => IDLE
03-27 14:33:18.922  1709  1724 I pixel-thermal: VIRTUAL-SKIN-CHARGE-WLC:39.0527 raw data: VIRTUAL-SKIN-CHARGE-WLC:39052.7 disp_therm:38450 skin_therm2:39719 usb_pwr_therm2:38272 
03-27 14:33:18.922  1709  1724 I pixel-thermal: VIRTUAL-SKIN-CHARGE-WLC power_budget=1791.72 err=-0.0526886 s_power=2000 time_elapsed_ms=7032 p=-42.1509 i=-1.31334 d=0 dt_per_min=nan compensation=0 budget transient=0 control target=2 excluded power budget=164.813 (PARTIAL_SYSTEM_POWER: 206.02 mW, cdev_weight: 0.800000)
03-27 14:33:18.926  1709  1724 I pixel-thermal: VIRTUAL-SKIN-CPU:37.4624 raw data: VIRTUAL-NEU-QUT-SKIN1-SKIN2-USB-USB2-GNSS-1:37141.4 VIRTUAL-NEU-QUT-SKIN1-SKIN2-USB-USB2-GNSS-4:36664.6 VIRTUAL-QUT-SKIN2-USB-GNSS-3:37020 VIRTUAL-QUT-SKIN2-USB-USB2-2:37462.4 VIRTUAL-SKIN:37462.4 VIRTUAL-SKIN-CPU:37462.4 gnss_tcxo_therm:38784 neutral_therm:38895 quiet_therm:38272 skin_therm1:38628 skin_therm2:39719 usb_pwr_therm:38094 usb_pwr_therm2:38272 
03-27 14:33:18.926  1709  1724 I pixel-thermal: VIRTUAL-SKIN-CPU power_budget=2209.27 err=3.53765 s_power=800 time_elapsed_ms=7032 p=1415.06 i=0 d=0 dt_per_min=nan compensation=0 budget transient=0 control target=3 excluded power budget=5.79228 (VSYS_PWR_MODEM: 19.31 mW, cdev_weight: 0.300000)
03-27 14:33:18.926  1709  1724 I pixel-thermal: VIRTUAL-SKIN-CPU binded power rails: (S4M_VDD_CPUCL0: 11.35 mW)(S2M_VDD_CPUCL2: 0.22 mW)(S3M_VDD_CPUCL1: 0.04 mW)
03-27 14:33:18.926  1709  1724 I pixel-thermal: VIRTUAL-SKIN:37.4624 raw data: VIRTUAL-SKIN:37462.4 
03-27 14:33:18.927  1709  1724 I pixel-thermal: VIRTUAL-SKIN-CHARGE:37.4624 raw data: VIRTUAL-SKIN:37462.4 VIRTUAL-SKIN-CHARGE:37462.4 
03-27 14:33:18.927  1709  1724 I pixel-thermal: VIRTUAL-SKIN-CHARGE power_budget=2274.78 err=1.53765 s_power=1200 time_elapsed_ms=7032 p=1076.35 i=163.238 d=0 dt_per_min=nan compensation=0 budget transient=0 control target=2 excluded power budget=164.813 (PARTIAL_SYSTEM_POWER: 206.02 mW, cdev_weight: 0.800000)
03-27 14:33:18.927  1709  1724 I pixel-thermal: VIRTUAL-SKIN-HINT:37.4624 raw data: VIRTUAL-SKIN:37462.4 VIRTUAL-SKIN-HINT:37462.4 
03-27 14:33:18.928  1709  1724 I pixel-thermal: VIRTUAL-SKIN-CPU-GPU:37.4624 raw data: VIRTUAL-SKIN:37462.4 VIRTUAL-SKIN-CPU-GPU:37462.4 
03-27 14:33:18.928  1709  1724 I pixel-thermal: VIRTUAL-SKIN-CPU-GPU power_budget=3039.76 err=7.53765 s_power=800 time_elapsed_ms=7032 p=2261.29 i=-21.5306 d=0 dt_per_min=nan compensation=0 budget transient=0 control target=3 excluded power budget=0
03-27 14:33:18.928  1709  1724 I pixel-thermal: VIRTUAL-SKIN-CPU-GPU binded power rails: (S4M_VDD_CPUCL0: 11.35 mW)(S2M_VDD_CPUCL2: 0.22 mW)(S3M_VDD_CPUCL1: 0.04 mW)(S2S_VDD_G3D: 0.06 mW)
03-27 14:33:18.928  1709  1724 I pixel-thermal: cellular-emergency:37.4624 raw data: VIRTUAL-SKIN:37462.4 cellular-emergency:37462.4 
03-27 14:33:18.929  1709  1724 I pixel-thermal: skin_therm1:38.628 raw data: skin_therm1:38628 
03-27 14:33:22.877  1736  1954 D ActivityManager: freezing 4420 com.google.android.apps.photos
03-27 14:33:22.894  1736  2015 D InetDiagMessage: Destroyed 0 sockets, proto=IPPROTO_TCP, family=AF_INET, states=14
03-27 14:33:22.899  1736  2015 D InetDiagMessage: Destroyed 0 sockets, proto=IPPROTO_TCP, family=AF_INET6, states=14
03-27 14:33:22.900  1736  2015 D InetDiagMessage: Destroyed live tcp sockets for uids={10194} in 12ms
03-27 14:33:23.768  1177  1177 W TracingMuxer: type=1400 audit(0.0:83): avc:  denied  { write } for  name="traced_producer" dev="tmpfs" ino=1270 scontext=u:r:gxp_logging:s0 tcontext=u:object_r:traced_producer_socket:s0 tclass=sock_file permissive=0
03-27 14:33:25.957  1709  1724 I pixel-thermal: VIRTUAL-SKIN-CHARGE-WLC:39.0297 raw data: VIRTUAL-SKIN-CHARGE-WLC:39029.7 disp_therm:38450 skin_therm2:39674 usb_pwr_therm2:38272 
03-27 14:33:25.957  1709  1724 I pixel-thermal: VIRTUAL-SKIN-CHARGE-WLC power_budget=1809.87 err=-0.0297432 s_power=2000 time_elapsed_ms=7035 p=-23.7946 i=-1.46206 d=0 dt_per_min=nan compensation=0 budget transient=0 control target=2 excluded power budget=164.871 (PARTIAL_SYSTEM_POWER: 206.09 mW, cdev_weight: 0.800000)
03-27 14:33:25.961  1709  1724 I pixel-thermal: VIRTUAL-SKIN-CPU:37.4556 raw data: VIRTUAL-NEU-QUT-SKIN1-SKIN2-USB-USB2-GNSS-1:37119.3 VIRTUAL-NEU-QUT-SKIN1-SKIN2-USB-USB2-GNSS-4:36642.7 VIRTUAL-QUT-SKIN2-USB-GNSS-3:36996.1 VIRTUAL-QUT-SKIN2-USB-USB2-2:37455.6 VIRTUAL-SKIN:37455.6 VIRTUAL-SKIN-CPU:37455.6 gnss_tcxo_therm:38762 neutral_therm:38828 quiet_therm:38272 skin_therm1:38606 skin_therm2:39674 usb_pwr_therm:38094 usb_pwr_therm2:38272 
03-27 14:33:25.962  1709  1724 I pixel-thermal: VIRTUAL-SKIN-CPU power_budget=2212.03 err=3.5444 s_power=800 time_elapsed_ms=7035 p=1417.76 i=0 d=0 dt_per_min=nan compensation=0 budget transient=0 control target=3 excluded power budget=5.72992 (VSYS_PWR_MODEM: 19.10 mW, cdev_weight: 0.300000)
03-27 14:33:25.962  1709  1724 I pixel-thermal: VIRTUAL-SKIN-CPU binded power rails: (S4M_VDD_CPUCL0: 13.03 mW)(S2M_VDD_CPUCL2: 0.28 mW)(S3M_VDD_CPUCL1: 0.10 mW)
03-27 14:33:25.962  1709  1724 I pixel-thermal: VIRTUAL-SKIN:37.4556 raw data: VIRTUAL-SKIN:37455.6 
03-27 14:33:25.963  1709  1724 I pixel-thermal: VIRTUAL-SKIN-CHARGE:37.4556 raw data: VIRTUAL-SKIN:37455.6 VIRTUAL-SKIN-CHARGE:37455.6 
03-27 14:33:25.963  1709  1724 I pixel-thermal: VIRTUAL-SKIN-CHARGE power_budget=2287.17 err=1.5444 s_power=1200 time_elapsed_ms=7035 p=1081.08 i=170.96 d=0 dt_per_min=nan compensation=0 budget transient=0 control target=2 excluded power budget=164.871 (PARTIAL_SYSTEM_POWER: 206.09 mW, cdev_weight: 0.800000)
03-27 14:33:25.964  1709  1724 I pixel-thermal: VIRTUAL-SKIN-HINT:37.4556 raw data: VIRTUAL-SKIN:37455.6 VIRTUAL-SKIN-HINT:37455.6 
03-27 14:33:25.964  1709  1724 I pixel-thermal: VIRTUAL-SKIN-CPU-GPU:37.4556 raw data: VIRTUAL-SKIN:37455.6 VIRTUAL-SKIN-CPU-GPU:37455.6 
03-27 14:33:25.964  1709  1724 I pixel-thermal: VIRTUAL-SKIN-CPU-GPU power_budget=3041.79 err=7.5444 s_power=800 time_elapsed_ms=7035 p=2263.32 i=-21.5306 d=0 dt_per_min=nan compensation=0 budget transient=0 control target=3 excluded power budget=0
03-27 14:33:25.964  1709  1724 I pixel-thermal: VIRTUAL-SKIN-CPU-GPU binded power rails: (S4M_VDD_CPUCL0: 13.03 mW)(S2M_VDD_CPUCL2: 0.28 mW)(S3M_VDD_CPUCL1: 0.10 mW)(S2S_VDD_G3D: 0.05 mW)
03-27 14:33:25.965  1709  1724 I pixel-thermal: cellular-emergency:37.4556 raw data: VIRTUAL-SKIN:37455.6 cellular-emergency:37455.6 
03-27 14:33:25.965  1709  1724 I pixel-thermal: skin_therm1:38.606 raw data: skin_therm1:38606 
03-27 14:33:27.184  1736  3320 W BestClock: java.time.DateTimeException: No network time available
03-27 14:33:27.195  1736  3320 W BestClock: java.time.DateTimeException: No network time available
03-27 14:33:27.208  1709  1709 I pixel-thermal: VIRTUAL-USB-THROTTLING:0 raw data: USB-MINUS-SKIN2:-1580 VIRTUAL-USB-THROTTLING:0 skin_therm2:39674 usb_pwr_therm:38094 
03-27 14:33:27.208  1709  1709 I pixel-thermal: cellular-emergency:37.4556 raw data: cellular-emergency:37455.6 
03-27 14:33:27.208  1709  1709 I pixel-thermal: VIRTUAL-SKIN-CHARGE:37.4556 raw data: VIRTUAL-SKIN-CHARGE:37455.6 
03-27 14:33:27.209  1709  1709 I pixel-thermal: VIRTUAL-SKIN-HINT:37.4556 raw data: VIRTUAL-SKIN-HINT:37455.6 
03-27 14:33:27.209  1709  1709 I pixel-thermal: VIRTUAL-SKIN:37.4556 raw data: VIRTUAL-SKIN:37455.6 
03-27 14:33:27.209  1709  1709 I pixel-thermal: USB-MINUS-SKIN2:-1.58 raw data: USB-MINUS-SKIN2:-1580 
03-27 14:33:27.209  1709  1709 I pixel-thermal: VIRTUAL-USB-UI:0 raw data: USB-MINUS-SKIN2:-1580 VIRTUAL-USB-UI:0 usb_pwr_therm:38094 
03-27 14:33:27.209  1709  1709 I pixel-thermal: skin_therm1:38.606 raw data: skin_therm1:38606 
03-27 14:33:27.209  1709  1709 I pixel-thermal: usb_pwr_therm:38.094 raw data: usb_pwr_therm:38094 
03-27 14:33:27.209  1709  1709 I pixel-thermal: VIRTUAL-SKIN-CHARGE-WLC:39.0297 raw data: VIRTUAL-SKIN-CHARGE-WLC:39029.7 
03-27 14:33:28.813   898   898 I android.hardware.health-service.gs201: Recording a sample at time 604
03-27 14:33:29.320   912  1040 D USF     : AP/AOC clock synced: AOC: 606810834640 ns (14912981208 tk), AP: 605400820729 ns, diff = 1410013911 ns
03-27 14:33:29.895  1709  1724 I pixel-thermal: VIRTUAL-USB-UI:0 raw data: USB-MINUS-SKIN2:-1580 VIRTUAL-USB-UI:0 skin_therm2:39674 usb_pwr_therm:38094 
03-27 14:33:29.896  1709  1724 I pixel-thermal: VIRTUAL-USB-THROTTLING:0 raw data: USB-MINUS-SKIN2:-1580 VIRTUAL-USB-THROTTLING:0 usb_pwr_therm:38094 
03-27 14:33:29.896  1709  1724 I pixel-thermal: usb_pwr_therm:38.094 raw data: usb_pwr_therm:38094 
03-27 14:33:29.896  1709  1724 I pixel-thermal: Power rails total power: 389.37 mW for 60037 ms
03-27 14:33:29.896  1709  1724 I pixel-thermal: Power rails [S6M_LLDO1: 25.44 mW] [L7S_SENSORS: 3.30 mW] [S10M_VDD_TPU: 0.00 mW] [S6S_LLDO2: 14.84 mW] [S8M_LLDO2: 33.85 mW] [S5M_VDD_INT: 5.77 mW] 
03-27 14:33:29.896  1709  1724 I pixel-thermal: Power rails [S3M_VDD_CPUCL1: 0.42 mW] [VSYS_PWR_CAM: 3.66 mW] [S2M_VDD_CPUCL2: 0.37 mW] [S1M_VDD_MIF: 12.57 mW] [S4M_VDD_CPUCL0: 12.46 mW] [VSYS_PWR_WLAN_BT: 6.55 mW] 
03-27 14:33:29.896  1709  1724 I pixel-thermal: Power rails [VSYS_PWR_RFFE: 1.93 mW] [VSYS_PWR_MODEM: 20.32 mW] [VSYS_PWR_MMWAVE: 1.95 mW] [S7S_MLDO: 43.87 mW] [S8S_VDD_G3D_L2: 0.01 mW] [S5S_VDDQ_MEM: 1.15 mW] 
03-27 14:33:29.896  1709  1724 I pixel-thermal: Power rails [S1S_VDD_CAM: 11.01 mW] [S2S_VDD_G3D: 0.10 mW] [S9S_VDD_AOC: 7.66 mW] [S4S_VDD2H_MEM: 22.51 mW] [L15M_VDD_SLC_M: 11.82 mW] [VSYS_PWR_DISPLAY: 147.82 mW] 
03-27 14:33:29.897  1709  1724 I pixel-thermal: CDEV log dc_icl state:7 gxp-cooling state:0 tpu_cooling state:2 usbc-port state:0 thermal-cpufreq-1 state:0 fcc state:6 thermal-gpufreq-0 state:0 thermal-cpufreq-2 state:0 thermal-cpufreq-0 state:0 
03-27 14:33:32.982  1709  1724 I pixel-thermal: VIRTUAL-SKIN-CHARGE-WLC:38.9747 raw data: VIRTUAL-SKIN-CHARGE-WLC:38974.7 disp_therm:38361 skin_therm2:39608 usb_pwr_therm2:38272 
03-27 14:33:32.982  1709  1724 I pixel-thermal: VIRTUAL-SKIN-CHARGE-WLC power_budget=1854.02 err=0.02528 s_power=2000 time_elapsed_ms=7028 p=20.224 i=-1.33566 d=0 dt_per_min=nan compensation=0 budget transient=0 control target=2 excluded power budget=164.871 (PARTIAL_SYSTEM_POWER: 206.09 mW, cdev_weight: 0.800000)
03-27 14:33:32.986  1709  1724 I pixel-thermal: VIRTUAL-SKIN-CPU:37.4356 raw data: VIRTUAL-NEU-QUT-SKIN1-SKIN2-USB-USB2-GNSS-1:37096.2 VIRTUAL-NEU-QUT-SKIN1-SKIN2-USB-USB2-GNSS-4:36621.8 VIRTUAL-QUT-SKIN2-USB-GNSS-3:36954.2 VIRTUAL-QUT-SKIN2-USB-USB2-2:37435.6 VIRTUAL-SKIN:37435.6 VIRTUAL-SKIN-CPU:37435.6 gnss_tcxo_therm:38762 neutral_therm:38806 quiet_therm:38227 skin_therm1:38584 skin_therm2:39608 usb_pwr_therm:38072 usb_pwr_therm2:38272 
03-27 14:33:32.986  1709  1724 I pixel-thermal: VIRTUAL-SKIN-CPU power_budget=2219.78 err=3.56435 s_power=800 time_elapsed_ms=7028 p=1425.74 i=0 d=0 dt_per_min=nan compensation=0 budget transient=0 control target=3 excluded power budget=5.958 (VSYS_PWR_MODEM: 19.86 mW, cdev_weight: 0.300000)
03-27 14:33:32.986  1709  1724 I pixel-thermal: VIRTUAL-SKIN-CPU binded power rails: (S4M_VDD_CPUCL0: 12.62 mW)(S2M_VDD_CPUCL2: 0.49 mW)(S3M_VDD_CPUCL1: 0.12 mW)
03-27 14:33:32.987  1709  1724 I pixel-thermal: VIRTUAL-SKIN:37.4356 raw data: VIRTUAL-SKIN:37435.6 
03-27 14:33:32.987  1709  1724 I pixel-thermal: VIRTUAL-SKIN-CHARGE:37.4356 raw data: VIRTUAL-SKIN:37435.6 VIRTUAL-SKIN-CHARGE:37435.6 
03-27 14:33:32.987  1709  1724 I pixel-thermal: VIRTUAL-SKIN-CHARGE power_budget=2308.96 err=1.56435 s_power=1200 time_elapsed_ms=7028 p=1095.05 i=178.781 d=0 dt_per_min=nan compensation=0 budget transient=0 control target=2 excluded power budget=164.871 (PARTIAL_SYSTEM_POWER: 206.09 mW, cdev_weight: 0.800000)
03-27 14:33:32.988  1709  1724 I pixel-thermal: VIRTUAL-SKIN-HINT:37.4356 raw data: VIRTUAL-SKIN:37435.6 VIRTUAL-SKIN-HINT:37435.6 
03-27 14:33:32.988  1709  1724 I pixel-thermal: VIRTUAL-SKIN-CPU-GPU:37.4356 raw data: VIRTUAL-SKIN:37435.6 VIRTUAL-SKIN-CPU-GPU:37435.6 
03-27 14:33:32.988  1709  1724 I pixel-thermal: VIRTUAL-SKIN-CPU-GPU power_budget=3047.77 err=7.56435 s_power=800 time_elapsed_ms=7028 p=2269.3 i=-21.5306 d=0 dt_per_min=nan compensation=0 budget transient=0 control target=3 excluded power budget=0
03-27 14:33:32.988  1709  1724 I pixel-thermal: VIRTUAL-SKIN-CPU-GPU binded power rails: (S4M_VDD_CPUCL0: 12.62 mW)(S2M_VDD_CPUCL2: 0.49 mW)(S3M_VDD_CPUCL1: 0.12 mW)(S2S_VDD_G3D: 0.04 mW)
03-27 14:33:32.989  1709  1724 I pixel-thermal: cellular-emergency:37.4356 raw data: VIRTUAL-SKIN:37435.6 cellular-emergency:37435.6 
03-27 14:33:32.989  1709  1724 I pixel-thermal: skin_therm1:38.584 raw data: skin_therm1:38584 
03-27 14:33:35.481  2108  2153 D ControlsListingControllerImpl: Subscribing callback, service count: 0
03-27 14:33:35.483  2108  2153 D ControlsListingControllerImpl: Unsubscribing callback
03-27 14:33:35.547  1736  2065 D BackgroundInstallControlService: Package event received: 0
03-27 14:33:35.764  2108  2153 I QuickAccessWalletTile: QAW service is unavailable, recreating the wallet client.
03-27 14:33:35.764  2387  2408 W System  : A resource failed to call AbstractCursor.close. 
03-27 14:33:35.764  2387  2408 W System  : A resource failed to call AbstractCursor.close. 
03-27 14:33:35.764  2387  2408 W System  : A resource failed to call AbstractCursor.close. 
03-27 14:33:35.765  2387  2408 W System  : A resource failed to call AbstractCursor.close. 
03-27 14:33:35.765  2387  2408 W System  : A resource failed to call AbstractCursor.close. 
03-27 14:33:35.765  2387  2408 W System  : A resource failed to call AbstractCursor.close. 
03-27 14:33:37.278  2228  2237 I BluetoothAdapterProperties: getBondedDevices: length=1
03-27 14:33:37.282  2228  2237 I BluetoothAdapterProperties: getBondedDevices: length=1
03-27 14:33:37.562  2837  3395 I duju    : (REDACTED) Probing voice interaction service recovery for condition(%s).
03-27 14:33:37.564  2837  3395 I duju    : (REDACTED) Skipping voice interaction service recovery(%s) for condition(%s).
03-27 14:33:37.565  2837  3395 I duju    : (REDACTED) Skipping voice interaction service recovery(%s) for condition(%s).
03-27 14:33:40.018  1709  1724 I pixel-thermal: VIRTUAL-SKIN-CHARGE-WLC:38.9912 raw data: VIRTUAL-SKIN-CHARGE-WLC:38991.2 disp_therm:38383 skin_therm2:39652 usb_pwr_therm2:38227 
03-27 14:33:40.019  1709  1724 I pixel-thermal: VIRTUAL-SKIN-CHARGE-WLC power_budget=1840.25 err=0.00881195 s_power=2000 time_elapsed_ms=7031 p=7.04956 i=-1.2916 d=-0 dt_per_min=nan compensation=0 budget transient=0 control target=2 excluded power budget=165.503 (PARTIAL_SYSTEM_POWER: 206.88 mW, cdev_weight: 0.800000)
03-27 14:33:40.023  1709  1724 I pixel-thermal: VIRTUAL-SKIN-CPU:37.4042 raw data: VIRTUAL-NEU-QUT-SKIN1-SKIN2-USB-USB2-GNSS-1:37057.9 VIRTUAL-NEU-QUT-SKIN1-SKIN2-USB-USB2-GNSS-4:36570.1 VIRTUAL-QUT-SKIN2-USB-GNSS-3:36949.4 VIRTUAL-QUT-SKIN2-USB-USB2-2:37404.1 VIRTUAL-SKIN:37404.1 VIRTUAL-SKIN-CPU:37404.1 gnss_tcxo_therm:38717 neutral_therm:38806 quiet_therm:38183 skin_therm1:38539 skin_therm2:39652 usb_pwr_therm:38027 usb_pwr_therm2:38227 
03-27 14:33:40.023  1709  1724 I pixel-thermal: VIRTUAL-SKIN-CPU power_budget=2232.6 err=3.59585 s_power=800 time_elapsed_ms=7031 p=1438.34 i=0 d=0 dt_per_min=nan compensation=0 budget transient=0 control target=3 excluded power budget=5.7359 (VSYS_PWR_MODEM: 19.12 mW, cdev_weight: 0.300000)
03-27 14:33:40.024  1709  1724 I pixel-thermal: VIRTUAL-SKIN-CPU binded power rails: (S4M_VDD_CPUCL0: 15.97 mW)(S2M_VDD_CPUCL2: 0.54 mW)(S3M_VDD_CPUCL1: 2.71 mW)
03-27 14:33:40.024  1709  1724 I pixel-thermal: VIRTUAL-SKIN:37.4042 raw data: VIRTUAL-SKIN:37404.1 
03-27 14:33:40.024  1709  1724 I pixel-thermal: VIRTUAL-SKIN-CHARGE:37.4042 raw data: VIRTUAL-SKIN:37404.1 VIRTUAL-SKIN-CHARGE:37404.1 
03-27 14:33:40.025  1709  1724 I pixel-thermal: VIRTUAL-SKIN-CHARGE power_budget=2338.35 err=1.59585 s_power=1200 time_elapsed_ms=7031 p=1117.09 i=186.76 d=0 dt_per_min=nan compensation=0 budget transient=0 control target=2 excluded power budget=165.503 (PARTIAL_SYSTEM_POWER: 206.88 mW, cdev_weight: 0.800000)
03-27 14:33:40.025  1709  1724 I pixel-thermal: VIRTUAL-SKIN-HINT:37.4042 raw data: VIRTUAL-SKIN:37404.1 VIRTUAL-SKIN-HINT:37404.1 
03-27 14:33:40.025  1709  1724 I pixel-thermal: VIRTUAL-SKIN-CPU-GPU:37.4042 raw data: VIRTUAL-SKIN:37404.1 VIRTUAL-SKIN-CPU-GPU:37404.1 
03-27 14:33:40.025  1709  1724 I pixel-thermal: VIRTUAL-SKIN-CPU-GPU power_budget=3057.22 err=7.59585 s_power=800 time_elapsed_ms=7031 p=2278.75 i=-21.5306 d=0 dt_per_min=nan compensation=0 budget transient=0 control target=3 excluded power budget=0
03-27 14:33:40.026  1709  1724 I pixel-thermal: VIRTUAL-SKIN-CPU-GPU binded power rails: (S4M_VDD_CPUCL0: 15.97 mW)(S2M_VDD_CPUCL2: 0.54 mW)(S3M_VDD_CPUCL1: 2.71 mW)(S2S_VDD_G3D: 0.05 mW)
03-27 14:33:40.026  1709  1724 I pixel-thermal: cellular-emergency:37.4042 raw data: VIRTUAL-SKIN:37404.1 cellular-emergency:37404.1 
03-27 14:33:40.026  1709  1724 I pixel-thermal: skin_therm1:38.539 raw data: skin_therm1:38539 
03-27 14:33:41.115  8211  8211 W libbinder.BackendUnifiedServiceManager: Thread Pool max thread count is 0. Cannot cache binder as linkToDeath cannot be implemented. serviceName: SurfaceFlingerAIDL
03-27 14:33:41.115  8211  8211 W libbinder.BpBinder: Linking to death on android.gui.ISurfaceComposer but there are no threads (yet?) listening to incoming transactions. See ProcessState::startThreadPool and ProcessState::setThreadPoolMaxThreadCount. Generally you should setup the binder threadpool before other initialization steps.
03-27 14:33:41.115  8211  8211 W libbinder.ProcessState: Extra binder thread started, but 0 threads requested. Do not use *startThreadPool when zero threads are requested.
03-27 14:33:44.687  2251  2742 D HbmSvManager: Ambient sensor :  TMD3719 Ambient Light update Lux : 152.97844
03-27 14:33:45.427  1736  2065 D BackgroundInstallControlService: Package event received: 0
03-27 14:33:47.052  1709  1724 I pixel-thermal: VIRTUAL-SKIN-CHARGE-WLC:39.128 raw data: VIRTUAL-SKIN-CHARGE-WLC:39128 disp_therm:38339 skin_therm2:39941 usb_pwr_therm2:38227 
03-27 14:33:47.053  1709  1724 I pixel-thermal: VIRTUAL-SKIN-CHARGE-WLC power_budget=1730.15 err=-0.128021 s_power=2000 time_elapsed_ms=7037 p=-102.417 i=-1.93171 d=-0 dt_per_min=nan compensation=0 budget transient=0 control target=2 excluded power budget=165.503 (PARTIAL_SYSTEM_POWER: 206.88 mW, cdev_weight: 0.800000)
03-27 14:33:47.057  1709  1724 I pixel-thermal: VIRTUAL-SKIN-CPU:37.4409 raw data: VIRTUAL-NEU-QUT-SKIN1-SKIN2-USB-USB2-GNSS-1:37053.7 VIRTUAL-NEU-QUT-SKIN1-SKIN2-USB-USB2-GNSS-4:36530.3 VIRTUAL-QUT-SKIN2-USB-GNSS-3:37074.4 VIRTUAL-QUT-SKIN2-USB-USB2-2:37440.9 VIRTUAL-SKIN:37440.9 VIRTUAL-SKIN-CPU:37440.9 gnss_tcxo_therm:38717 neutral_therm:38784 quiet_therm:38094 skin_therm1:38517 skin_therm2:39941 usb_pwr_therm:38072 usb_pwr_therm2:38227 
03-27 14:33:47.057  1709  1724 I pixel-thermal: VIRTUAL-SKIN-CPU power_budget=2218.13 err=3.5591 s_power=800 time_elapsed_ms=7037 p=1423.64 i=0 d=-0 dt_per_min=nan compensation=0 budget transient=0 control target=3 excluded power budget=5.50618 (VSYS_PWR_MODEM: 18.35 mW, cdev_weight: 0.300000)
03-27 14:33:47.057  1709  1724 I pixel-thermal: VIRTUAL-SKIN-CPU binded power rails: (S4M_VDD_CPUCL0: 34.46 mW)(S2M_VDD_CPUCL2: 264.61 mW)(S3M_VDD_CPUCL1: 2.01 mW)
03-27 14:33:47.058  1709  1724 I pixel-thermal: VIRTUAL-SKIN:37.4409 raw data: VIRTUAL-SKIN:37440.9 
03-27 14:33:47.058  1709  1724 I pixel-thermal: VIRTUAL-SKIN-CHARGE:37.4409 raw data: VIRTUAL-SKIN:37440.9 VIRTUAL-SKIN-CHARGE:37440.9 
03-27 14:33:47.058  1709  1724 I pixel-thermal: VIRTUAL-SKIN-CHARGE power_budget=2320.42 err=1.5591 s_power=1200 time_elapsed_ms=7037 p=1091.37 i=194.556 d=-0 dt_per_min=nan compensation=0 budget transient=0 control target=2 excluded power budget=165.503 (PARTIAL_SYSTEM_POWER: 206.88 mW, cdev_weight: 0.800000)
03-27 14:33:47.059  1709  1724 I pixel-thermal: VIRTUAL-SKIN-HINT:37.4409 raw data: VIRTUAL-SKIN:37440.9 VIRTUAL-SKIN-HINT:37440.9 
03-27 14:33:47.059  1709  1724 I pixel-thermal: VIRTUAL-SKIN-CPU-GPU:37.4409 raw data: VIRTUAL-SKIN:37440.9 VIRTUAL-SKIN-CPU-GPU:37440.9 
03-27 14:33:47.059  1709  1724 I pixel-thermal: VIRTUAL-SKIN-CPU-GPU power_budget=3046.2 err=7.5591 s_power=800 time_elapsed_ms=7037 p=2267.73 i=-21.5306 d=-0 dt_per_min=nan compensation=0 budget transient=0 control target=3 excluded power budget=0
03-27 14:33:47.060  1709  1724 I pixel-thermal: VIRTUAL-SKIN-CPU-GPU binded power rails: (S4M_VDD_CPUCL0: 34.46 mW)(S2M_VDD_CPUCL2: 264.61 mW)(S3M_VDD_CPUCL1: 2.01 mW)(S2S_VDD_G3D: 0.42 mW)
03-27 14:33:47.060  1709  1724 I pixel-thermal: cellular-emergency:37.4409 raw data: VIRTUAL-SKIN:37440.9 cellular-emergency:37440.9 
03-27 14:33:47.060  1709  1724 I pixel-thermal: skin_therm1:38.517 raw data: skin_therm1:38517 
03-27 14:33:50.811  2884  3526 I WM-WorkerWrapper: Worker result SUCCESS for Work [ id=eb2a48e8-d041-416a-b615-6080f2070b9e, tags={ com.google.android.apps.miphone.aiai.echo.dota.worker.AssetLoadingWorker,AssetLoadingWorker } ]
03-27 14:33:50.836  1736  1939 D ActivityManager: sync unfroze 3981 com.google.android.apps.turbo for 6
03-27 14:33:50.839  1736  2065 D BackgroundInstallControlService: Package event received: 0
03-27 14:33:50.848  1736  3184 W ProcessStats: Tracking association SourceState{314501f system/1000 ImpBg #3245} whose proc state 6 is better than process ProcessState{9e7a060 com.google.android.apps.turbo/10174 pkg=com.google.android.apps.turbo} proc state 14 (0 skipped)
03-27 14:33:50.855  3981  4094 W Turbo.ImpulseRegistrationJobService: ImpulseRegistrationJobService onStartJob
03-27 14:33:50.861  1736  2065 D BackgroundInstallControlService: Package event received: 0
03-27 14:33:50.861  1736  2065 D BackgroundInstallControlService: Package event received: 0
03-27 14:33:50.888  1736  2065 D BackgroundInstallControlService: Package event received: 0
03-27 14:33:50.891  2884  3531 W JobInfo : Requested important-while-foreground flag for job679 is ignored and takes no effect
03-27 14:33:50.893  2884  3531 I WM-WorkerWrapper: Worker result SUCCESS for Work [ id=3630e925-e78d-40e8-9d0e-a17552183d26, tags={ com.google.android.apps.miphone.aiai.echo.dota.worker.DataDownloadClientWorker,DataDownloadClientWorker } ]
03-27 14:33:50.896  1736  3320 D ActivityManager: sync unfroze 4214 com.google.android.pixelsystemservice:ephemeral for 4
03-27 14:33:50.901  2884  3531 W JobInfo : Requested important-while-foreground flag for job680 is ignored and takes no effect
03-27 14:33:50.910  2241  2267 D ServerContainer: registerPixelStateListeners from 10174
03-27 14:33:50.913  2241  2267 D BusinessScope: Enqueuing the block
03-27 14:33:50.913  2241  2461 D BusinessScope: Start running the #4 block
03-27 14:33:50.915  2241  3643 D ImpulseLoggerImpl: Checking if IStats service is declared
03-27 14:33:50.916  2241  2461 I CameraManagerGlobal: Connecting to camera service
03-27 14:33:50.916  2241  2361 D ImpulseLoggerImpl: Checking if IStats service is declared
03-27 14:33:50.916  2241  2381 D ImpulseLoggerImpl: Checking if IStats service is declared
03-27 14:33:50.916  2241  3643 D ImpulseLoggerImpl: Obtaining IStats service
03-27 14:33:50.917  2241  2241 D ThermalStatusSource: onThermalStatusChanged: status=1
03-27 14:33:50.917  2241  2361 D ImpulseLoggerImpl: Obtaining IStats service
03-27 14:33:50.917  2241  2241 D BusinessScope: Enqueuing the block
03-27 14:33:50.918  2241  2381 D ImpulseLoggerImpl: Obtaining IStats service
03-27 14:33:50.919  2241  3643 D ImpulseLoggerImpl: Checking if IStats service is declared
03-27 14:33:50.922  2241  3643 D ImpulseLoggerImpl: Obtaining IStats service
03-27 14:33:50.922  2241  2361 D CameraStateSource: onCameraAvailable: cameraId=0
03-27 14:33:50.922  2241  2361 D CameraStateSource: onCameraAvailable: cameraId=1
03-27 14:33:50.922  2241  2361 D ImpulseLoggerImpl: Obtaining IStats service
03-27 14:33:50.923  2241  2381 D ImpulseLoggerImpl: Obtaining IStats service
03-27 14:33:50.923  2241  3643 D CameraStateSource: report CameraAvailability now. CameraAvailability(cameraId=0, availability=true, sequenceNumber=0)
03-27 14:33:50.923  2241  3643 D BusinessScope: Enqueuing the block
03-27 14:33:50.924  2241  3643 D CameraStateSource: Delay 100 ms to report CameraAvailability now. CameraAvailability(cameraId=1, availability=true, sequenceNumber=1)
03-27 14:33:50.924  2241  2461 D BusinessScope: Finish running the #4 block
03-27 14:33:50.924  2241  2461 D BusinessScope: Start running the #5 block
03-27 14:33:50.924  2241  3643 D ImpulseLoggerImpl: Checking if IStats service is declared
03-27 14:33:50.925  2241  2361 D TemperatureStateSource: Reading temperature: sequence=1
03-27 14:33:50.926  2241  2381 D ImpulseLoggerImpl: Checking if IStats service is declared
03-27 14:33:50.927  2241  3643 D ImpulseLoggerImpl: Obtaining IStats service
03-27 14:33:50.928  2241  2381 D ImpulseLoggerImpl: Obtaining IStats service
03-27 14:33:50.932  1709  1709 I pixel-thermal: VIRTUAL-SKIN:37.4175 raw data: VIRTUAL-NEU-QUT-SKIN1-SKIN2-USB-USB2-GNSS-1:37057.9 VIRTUAL-NEU-QUT-SKIN1-SKIN2-USB-USB2-GNSS-4:36570.1 VIRTUAL-QUT-SKIN2-USB-GNSS-3:37004.4 VIRTUAL-QUT-SKIN2-USB-USB2-2:37417.5 VIRTUAL-SKIN:37417.5 gnss_tcxo_therm:38606 neutral_therm:38828 quiet_therm:38138 skin_therm1:38539 skin_therm2:39875 usb_pwr_therm:37938 usb_pwr_therm2:38227 
03-27 14:33:50.933  1709  1709 I pixel-thermal: VIRTUAL-SKIN:37.4175 raw data: VIRTUAL-SKIN:37417.5 
03-27 14:33:50.933  2241  2361 D TemperatureStateSource: getDeviceTemperatures: sequence=1 deviceTemperatureType=3 temperatureSource=0 temperatures=[37.417503]
03-27 14:33:50.933  2241  2361 D BusinessScope: Enqueuing the block
03-27 14:33:50.933  2241  2361 D TemperatureStateSource: sequence=1 waitTime=10000
03-27 14:33:50.934  2241  2461 D BusinessScope: Enqueuing the block
03-27 14:33:50.934  2241  2461 D ImpulseStateSource: Notify clients: 1
03-27 14:33:50.934  2241  2461 D BusinessScope: Finish running the #5 block
03-27 14:33:50.934  2241  2461 D BusinessScope: Start running the #6 block
03-27 14:33:50.935  1709  1709 I pixel-thermal: VIRTUAL-SKIN:37.4175 raw data: VIRTUAL-SKIN:37417.5 
03-27 14:33:50.935  2241  2461 D BusinessScope: Enqueuing the block
03-27 14:33:50.935  2241  2461 D ImpulseStateSource: Notify clients: 2
03-27 14:33:50.935  2241  2461 D BusinessScope: Finish running the #6 block
03-27 14:33:50.935  2241  2461 D BusinessScope: Start running the #7 block
03-27 14:33:50.936  1709  1709 I pixel-thermal: VIRTUAL-SKIN:37.4175 raw data: VIRTUAL-SKIN:37417.5 
03-27 14:33:50.936  2241  2461 I TemperatureStateSource: temperature was set
03-27 14:33:50.936  2241  2461 D BusinessScope: Enqueuing the block
03-27 14:33:50.936  2241  2461 D ImpulseStateSource: Notify clients: 3
03-27 14:33:50.936  2241  2461 D BusinessScope: Finish running the #7 block
03-27 14:33:50.936  2241  2461 D BusinessScope: Start running the #8 block
03-27 14:33:50.937  2241  3643 D ImpulseConnection: bindService: com.google.android.apps.turbo
03-27 14:33:50.939  1736  2065 D BackgroundInstallControlService: Package event received: 0
03-27 14:33:50.944  1736  2065 D BackgroundInstallControlService: Package event received: 0
03-27 14:33:50.944  1736  2065 D BackgroundInstallControlService: Package event received: 0
03-27 14:33:50.945  2241  2241 D ImpulseConnection: onServiceConnected: ComponentInfo{com.google.android.apps.turbo/com.google.android.apps.turbo.adaptiveplatform.impulse.ImpulseClientService} service is null false
03-27 14:33:50.946  2241  2381 D BusinessScope: Finish running the #8 block
03-27 14:33:50.946  2241  2381 D BusinessScope: Start running the #9 block
03-27 14:33:50.947  2241  2381 D BusinessScope: Finish running the #9 block
03-27 14:33:50.947  2241  2381 D BusinessScope: Start running the #10 block
03-27 14:33:50.947  2241  2381 D BusinessScope: Finish running the #10 block
03-27 14:33:50.992  3981  8221 W Turbo.DeviceHealthLeversManagerImpl: applyLeversWithMaintenanceWindow: ignore the same request
03-27 14:33:50.992  3981  8223 W Turbo.DeviceHealthLeversManagerImpl: applyLeversWithMaintenanceWindow: ignore the same request
03-27 14:33:50.993  3981  8224 W Turbo.DeviceHealthLeversManagerImpl: applyLeversWithMaintenanceWindow: ignore the same request
03-27 14:33:51.024  2241  2381 D CameraStateSource: report CameraAvailability now. CameraAvailability(cameraId=1, availability=true, sequenceNumber=1)
03-27 14:33:51.025  2241  2381 D BusinessScope: Enqueuing the block
03-27 14:33:51.026  2241  2381 D BusinessScope: Start running the #11 block
03-27 14:33:51.028  1709  1709 I pixel-thermal: VIRTUAL-SKIN:37.4175 raw data: VIRTUAL-SKIN:37417.5 
03-27 14:33:51.029  2241  2381 D BusinessScope: Enqueuing the block
03-27 14:33:51.029  2241  2381 D ImpulseStateSource: Notify clients: 4
03-27 14:33:51.029  2241  2381 D BusinessScope: Finish running the #11 block
03-27 14:33:51.029  2241  2381 D BusinessScope: Start running the #12 block
03-27 14:33:51.030  2241  3643 D BusinessScope: Finish running the #12 block
03-27 14:33:51.037  3981  8224 W Turbo.DeviceHealthLeversManagerImpl: applyLeversWithMaintenanceWindow: ignore the same request
03-27 14:33:53.800  1177  1177 W TracingMuxer: type=1400 audit(0.0:84): avc:  denied  { write } for  name="traced_producer" dev="tmpfs" ino=1270 scontext=u:r:gxp_logging:s0 tcontext=u:object_r:traced_producer_socket:s0 tclass=sock_file permissive=0
03-27 14:33:54.086  1709  1724 I pixel-thermal: VIRTUAL-SKIN-CHARGE-WLC:39.0888 raw data: VIRTUAL-SKIN-CHARGE-WLC:39088.8 disp_therm:38316 skin_therm2:39875 usb_pwr_therm2:38227 
03-27 14:33:54.087  1709  1724 I pixel-thermal: VIRTUAL-SKIN-CHARGE-WLC power_budget=1736.46 err=-0.0888405 s_power=2000 time_elapsed_ms=7034 p=-71.0724 i=-2.37591 d=0 dt_per_min=nan compensation=0 budget transient=0 control target=2 excluded power budget=190.09 (PARTIAL_SYSTEM_POWER: 237.61 mW, cdev_weight: 0.800000)
03-27 14:33:54.091  1709  1724 I pixel-thermal: VIRTUAL-SKIN-CPU:37.4175 raw data: VIRTUAL-NEU-QUT-SKIN1-SKIN2-USB-USB2-GNSS-1:37057.9 VIRTUAL-NEU-QUT-SKIN1-SKIN2-USB-USB2-GNSS-4:36570.1 VIRTUAL-QUT-SKIN2-USB-GNSS-3:37004.4 VIRTUAL-QUT-SKIN2-USB-USB2-2:37417.5 VIRTUAL-SKIN:37417.5 VIRTUAL-SKIN-CPU:37417.5 gnss_tcxo_therm:38606 neutral_therm:38828 quiet_therm:38138 skin_therm1:38539 skin_therm2:39875 usb_pwr_therm:37938 usb_pwr_therm2:38227 
03-27 14:33:54.091  1709  1724 I pixel-thermal: VIRTUAL-SKIN-CPU power_budget=2227.26 err=3.5825 s_power=800 time_elapsed_ms=7034 p=1433 i=0 d=0 dt_per_min=nan compensation=0 budget transient=0 control target=3 excluded power budget=5.73994 (VSYS_PWR_MODEM: 19.13 mW, cdev_weight: 0.300000)
03-27 14:33:54.092  1709  1724 I pixel-thermal: VIRTUAL-SKIN-CPU binded power rails: (S4M_VDD_CPUCL0: 20.52 mW)(S2M_VDD_CPUCL2: 0.65 mW)(S3M_VDD_CPUCL1: 0.80 mW)
03-27 14:33:54.092  1709  1724 I pixel-thermal: VIRTUAL-SKIN:37.4175 raw data: VIRTUAL-SKIN:37417.5 
03-27 14:33:54.092  1709  1724 I pixel-thermal: VIRTUAL-SKIN-CHARGE:37.4175 raw data: VIRTUAL-SKIN:37417.5 VIRTUAL-SKIN-CHARGE:37417.5 
03-27 14:33:54.093  1709  1724 I pixel-thermal: VIRTUAL-SKIN-CHARGE power_budget=2320.13 err=1.5825 s_power=1200 time_elapsed_ms=7034 p=1107.75 i=202.468 d=0 dt_per_min=nan compensation=0 budget transient=0 control target=2 excluded power budget=190.09 (PARTIAL_SYSTEM_POWER: 237.61 mW, cdev_weight: 0.800000)
03-27 14:33:54.093  1709  1724 I pixel-thermal: VIRTUAL-SKIN-HINT:37.4175 raw data: VIRTUAL-SKIN:37417.5 VIRTUAL-SKIN-HINT:37417.5 
03-27 14:33:54.093  1709  1724 I pixel-thermal: VIRTUAL-SKIN-CPU-GPU:37.4175 raw data: VIRTUAL-SKIN:37417.5 VIRTUAL-SKIN-CPU-GPU:37417.5 
03-27 14:33:54.093  1709  1724 I pixel-thermal: VIRTUAL-SKIN-CPU-GPU power_budget=3053.22 err=7.5825 s_power=800 time_elapsed_ms=7034 p=2274.75 i=-21.5306 d=0 dt_per_min=nan compensation=0 budget transient=0 control target=3 excluded power budget=0
03-27 14:33:54.094  1709  1724 I pixel-thermal: VIRTUAL-SKIN-CPU-GPU binded power rails: (S4M_VDD_CPUCL0: 20.52 mW)(S2M_VDD_CPUCL2: 0.65 mW)(S3M_VDD_CPUCL1: 0.80 mW)(S2S_VDD_G3D: 0.06 mW)
03-27 14:33:54.094  1709  1724 I pixel-thermal: cellular-emergency:37.4175 raw data: VIRTUAL-SKIN:37417.5 cellular-emergency:37417.5 
03-27 14:33:54.094  1709  1724 I pixel-thermal: skin_therm1:38.539 raw data: skin_therm1:38539 
03-27 14:33:56.741  2251  2742 D HbmSvManager: Ambient sensor :  TMD3719 Ambient Light update Lux : 168.36847
03-27 14:33:59.336  2251  2742 D HbmSvManager: Ambient sensor :  TMD3719 Ambient Light update Lux : 152.76082
03-27 14:34:00.935  2241  3643 D TemperatureStateSource: sequence=1 actualDelay=10002
03-27 14:34:00.940  2241  3643 D TemperatureStateSource: Reading temperature: sequence=2
03-27 14:34:00.947  1709  1709 I pixel-thermal: VIRTUAL-SKIN:37.3398 raw data: VIRTUAL-NEU-QUT-SKIN1-SKIN2-USB-USB2-GNSS-1:37035.9 VIRTUAL-NEU-QUT-SKIN1-SKIN2-USB-USB2-GNSS-4:36548.1 VIRTUAL-QUT-SKIN2-USB-GNSS-3:36969.9 VIRTUAL-QUT-SKIN2-USB-USB2-2:37339.8 VIRTUAL-SKIN:37339.8 gnss_tcxo_therm:38717 neutral_therm:38806 quiet_therm:38094 skin_therm1:38517 skin_therm2:39741 usb_pwr_therm:38005 usb_pwr_therm2:38116 
03-27 14:34:00.949  2241  3643 D TemperatureStateSource: getDeviceTemperatures: sequence=2 deviceTemperatureType=3 temperatureSource=0 temperatures=[37.3398]
03-27 14:34:00.949  2241  3643 D BusinessScope: Enqueuing the block
03-27 14:34:00.950  2241  3643 D TemperatureStateSource: sequence=2 waitTime=10000
03-27 14:34:00.950  2241  2361 D BusinessScope: Start running the #13 block
03-27 14:34:00.952  2241  2361 D BusinessScope: Enqueuing the block
03-27 14:34:00.952  2241  2361 D ImpulseStateSource: Notify clients: 5
03-27 14:34:00.952  2241  2361 D BusinessScope: Finish running the #13 block
03-27 14:34:00.953  2241  2361 D BusinessScope: Start running the #14 block
03-27 14:34:00.953  2241  2361 D BusinessScope: Finish running the #14 block
03-27 14:34:01.122  1709  1724 I pixel-thermal: VIRTUAL-SKIN-CHARGE-WLC:38.9928 raw data: VIRTUAL-SKIN-CHARGE-WLC:38992.8 disp_therm:38316 skin_therm2:39741 usb_pwr_therm2:38116 
03-27 14:34:01.123  1709  1724 I pixel-thermal: VIRTUAL-SKIN-CHARGE-WLC power_budget=1813.37 err=0.00724792 s_power=2000 time_elapsed_ms=7033 p=5.79834 i=-2.33967 d=0 dt_per_min=nan compensation=0 budget transient=0 control target=2 excluded power budget=190.09 (PARTIAL_SYSTEM_POWER: 237.61 mW, cdev_weight: 0.800000)
03-27 14:34:01.124  1709  1724 I pixel-thermal: VIRTUAL-SKIN-CPU:37.3398 raw data: VIRTUAL-SKIN:37339.8 VIRTUAL-SKIN-CPU:37339.8 
03-27 14:34:01.124  1709  1724 I pixel-thermal: VIRTUAL-SKIN-CPU power_budget=2258.51 err=3.6602 s_power=800 time_elapsed_ms=7033 p=1464.08 i=0 d=0 dt_per_min=nan compensation=0 budget transient=0 control target=3 excluded power budget=5.5669 (VSYS_PWR_MODEM: 18.56 mW, cdev_weight: 0.300000)
03-27 14:34:01.124  1709  1724 I pixel-thermal: VIRTUAL-SKIN-CPU binded power rails: (S4M_VDD_CPUCL0: 12.84 mW)(S2M_VDD_CPUCL2: 0.92 mW)(S3M_VDD_CPUCL1: 0.97 mW)
03-27 14:34:01.124  1709  1724 I pixel-thermal: VIRTUAL-SKIN:37.3398 raw data: VIRTUAL-SKIN:37339.8 
03-27 14:34:01.125  1709  1724 I pixel-thermal: VIRTUAL-SKIN-CHARGE:37.3398 raw data: VIRTUAL-SKIN:37339.8 VIRTUAL-SKIN-CHARGE:37339.8 
03-27 14:34:01.125  1709  1724 I pixel-thermal: VIRTUAL-SKIN-CHARGE power_budget=2382.82 err=1.6602 s_power=1200 time_elapsed_ms=7033 p=1162.14 i=210.769 d=0 dt_per_min=nan compensation=0 budget transient=0 control target=2 excluded power budget=190.09 (PARTIAL_SYSTEM_POWER: 237.61 mW, cdev_weight: 0.800000)
03-27 14:34:01.125  1709  1724 I pixel-thermal: VIRTUAL-SKIN-HINT:37.3398 raw data: VIRTUAL-SKIN:37339.8 VIRTUAL-SKIN-HINT:37339.8 
03-27 14:34:01.126  1709  1724 I pixel-thermal: VIRTUAL-SKIN-CPU-GPU:37.3398 raw data: VIRTUAL-SKIN:37339.8 VIRTUAL-SKIN-CPU-GPU:37339.8 
03-27 14:34:01.126  1709  1724 I pixel-thermal: VIRTUAL-SKIN-CPU-GPU power_budget=3076.53 err=7.6602 s_power=800 time_elapsed_ms=7033 p=2298.06 i=-21.5306 d=0 dt_per_min=nan compensation=0 budget transient=0 control target=3 excluded power budget=0
03-27 14:34:01.126  1709  1724 I pixel-thermal: VIRTUAL-SKIN-CPU-GPU binded power rails: (S4M_VDD_CPUCL0: 12.84 mW)(S2M_VDD_CPUCL2: 0.92 mW)(S3M_VDD_CPUCL1: 0.97 mW)(S2S_VDD_G3D: 0.47 mW)
03-27 14:34:01.127  1709  1724 I pixel-thermal: cellular-emergency:37.3398 raw data: VIRTUAL-SKIN:37339.8 cellular-emergency:37339.8 
03-27 14:34:01.128  1709  1724 I pixel-thermal: skin_therm1:38.517 raw data: skin_therm1:38517 
03-27 14:34:01.129  1709  1724 I pixel-thermal: Successfully update cdev fcc sysfs to 5
03-27 14:34:05.583  2714  2714 I pixelstats: MmMetrics: kernel: old PSI sysfs node.
03-27 14:34:08.160  1709  1724 I pixel-thermal: VIRTUAL-SKIN-CHARGE-WLC:38.9641 raw data: VIRTUAL-SKIN-CHARGE-WLC:38964.1 disp_therm:38339 skin_therm2:39674 usb_pwr_therm2:38116 
03-27 14:34:08.161  1709  1724 I pixel-thermal: VIRTUAL-SKIN-CHARGE-WLC power_budget=1837 err=0.0358963 s_power=2000 time_elapsed_ms=7034 p=28.717 i=-2.16019 d=0 dt_per_min=nan compensation=0 budget transient=0 control target=2 excluded power budget=189.558 (PARTIAL_SYSTEM_POWER: 236.95 mW, cdev_weight: 0.800000)
03-27 14:34:08.165  1709  1724 I pixel-thermal: VIRTUAL-SKIN-CPU:37.3131 raw data: VIRTUAL-NEU-QUT-SKIN1-SKIN2-USB-USB2-GNSS-1:36975.6 VIRTUAL-NEU-QUT-SKIN1-SKIN2-USB-USB2-GNSS-4:36474.4 VIRTUAL-QUT-SKIN2-USB-GNSS-3:36909.4 VIRTUAL-QUT-SKIN2-USB-USB2-2:37313.1 VIRTUAL-SKIN:37313.1 VIRTUAL-SKIN-CPU:37313.1 gnss_tcxo_therm:38673 neutral_therm:38762 quiet_therm:38072 skin_therm1:38450 skin_therm2:39674 usb_pwr_therm:37916 usb_pwr_therm2:38116 
03-27 14:34:08.166  1709  1724 I pixel-thermal: VIRTUAL-SKIN-CPU power_budget=2268.51 err=3.6869 s_power=800 time_elapsed_ms=7034 p=1474.76 i=0 d=0 dt_per_min=nan compensation=0 budget transient=0 control target=3 excluded power budget=6.25084 (VSYS_PWR_MODEM: 20.84 mW, cdev_weight: 0.300000)
03-27 14:34:08.166  1709  1724 I pixel-thermal: VIRTUAL-SKIN-CPU binded power rails: (S4M_VDD_CPUCL0: 11.40 mW)(S2M_VDD_CPUCL2: 0.41 mW)(S3M_VDD_CPUCL1: 0.10 mW)
03-27 14:34:08.166  1709  1724 I pixel-thermal: VIRTUAL-SKIN:37.3131 raw data: VIRTUAL-SKIN:37313.1 
03-27 14:34:08.166  1709  1724 I pixel-thermal: VIRTUAL-SKIN-CHARGE:37.3131 raw data: VIRTUAL-SKIN:37313.1 VIRTUAL-SKIN-CHARGE:37313.1 
03-27 14:34:08.167  1709  1724 I pixel-thermal: VIRTUAL-SKIN-CHARGE power_budget=2410.47 err=1.6869 s_power=1200 time_elapsed_ms=7034 p=1180.83 i=219.204 d=0 dt_per_min=nan compensation=0 budget transient=0 control target=2 excluded power budget=189.558 (PARTIAL_SYSTEM_POWER: 236.95 mW, cdev_weight: 0.800000)
03-27 14:34:08.167  1709  1724 I pixel-thermal: VIRTUAL-SKIN-HINT:37.3131 raw data: VIRTUAL-SKIN:37313.1 VIRTUAL-SKIN-HINT:37313.1 
03-27 14:34:08.167  1709  1724 I pixel-thermal: VIRTUAL-SKIN-CPU-GPU:37.3131 raw data: VIRTUAL-SKIN:37313.1 VIRTUAL-SKIN-CPU-GPU:37313.1 
03-27 14:34:08.168  1709  1724 I pixel-thermal: VIRTUAL-SKIN-CPU-GPU power_budget=3084.54 err=7.6869 s_power=800 time_elapsed_ms=7034 p=2306.07 i=-21.5306 d=0 dt_per_min=nan compensation=0 budget transient=0 control target=3 excluded power budget=0
03-27 14:34:08.168  1709  1724 I pixel-thermal: VIRTUAL-SKIN-CPU-GPU binded power rails: (S4M_VDD_CPUCL0: 11.40 mW)(S2M_VDD_CPUCL2: 0.41 mW)(S3M_VDD_CPUCL1: 0.10 mW)(S2S_VDD_G3D: 0.04 mW)
03-27 14:34:08.168  1709  1724 I pixel-thermal: cellular-emergency:37.3131 raw data: VIRTUAL-SKIN:37313.1 cellular-emergency:37313.1 
03-27 14:34:08.168  1709  1724 I pixel-thermal: skin_therm1:38.45 raw data: skin_therm1:38450 
03-27 14:34:10.109  2108  2108 D DLObserver: onReceive(); android.intent.action.BATTERY_CHANGED
03-27 14:34:10.110  2108  2108 D DLObserver: plugged=2
03-27 14:34:10.114  2108  2108 D SystemEventDataSource: onReceive: intentAction
03-27 14:34:10.115  2108  2108 D PowerNotificationWarningsGoogleImpl: onReceive: android.intent.action.BATTERY_CHANGED
03-27 14:34:10.115  2108  2108 D PulsarController: dispatchIntent: android.intent.action.BATTERY_CHANGED
03-27 14:34:10.115  2108  2108 D IncompatibleChargerNotification: dispatchIntent: android.intent.action.BATTERY_CHANGED
03-27 14:34:10.118  2108  2161 D GoogleBatteryDataSource: fetchDwellDefendStatus: CONNECTED
03-27 14:34:10.119  2108  2161 D GoogleBatteryDataSource: fetchTempDefendStatus: t_sum=264925, time_sum=645 t_avg=410 lst_v=4359609 lst_t=398 lst_u=646, dt=1, t=0 e=1
03-27 14:34:10.119  2108  2161 D SystemEventDataSource: updatedEventData: SystemEventData(intentAction=android.intent.action.BATTERY_CHANGED, plugged=EventData(value=2), batteryScale=EventData(value=100), batteryLevel=EventData(value=100), chargingStatus=EventData(value=1), maxChargingCurrent=EventData(value=500000), maxChargingVoltage=EventData(value=5000000), batteryStatus=EventData(value=4), halEventData=HalEventData(dockDefendStatus=EventData(value=-3), tempDefendEventData=EventData(value=false), dwellDefendEventData=EventData(value=false)), settingsEventData=SettingsEventData(dockDefenderBypass=EventData(value=0), chargingLimitSettings=EventData(value=0), dndState=EventData(value=false), airplaneState=EventData(value=false)), frameworkApiEventData=FrameworkApiEventData(batterySaverState=EventData(value=false), extremeBatterySaverState=EventData(value=false)))
03-27 14:34:10.119  2108  2161 D SystemEventDataSource: extra doesn't changed, no need to onEventSourceUpdate
03-27 14:34:10.119  2108  8227 D PowerUI : can't show warning due to - plugged: true status unknown: false
03-27 14:34:10.951  2241  2361 D TemperatureStateSource: sequence=2 actualDelay=10002
03-27 14:34:10.952  2241  2361 D TemperatureStateSource: Reading temperature: sequence=3
03-27 14:34:10.957  1709  1709 I pixel-thermal: VIRTUAL-SKIN:37.2877 raw data: VIRTUAL-NEU-QUT-SKIN1-SKIN2-USB-USB2-GNSS-1:36965.6 VIRTUAL-NEU-QUT-SKIN1-SKIN2-USB-USB2-GNSS-4:36484.4 VIRTUAL-QUT-SKIN2-USB-GNSS-3:36868.4 VIRTUAL-QUT-SKIN2-USB-USB2-2:37287.7 VIRTUAL-SKIN:37287.7 gnss_tcxo_therm:38628 neutral_therm:38717 quiet_therm:38049 skin_therm1:38450 skin_therm2:39608 usb_pwr_therm:37916 usb_pwr_therm2:38094 
03-27 14:34:10.958  2241  2361 D TemperatureStateSource: getDeviceTemperatures: sequence=3 deviceTemperatureType=3 temperatureSource=0 temperatures=[37.287655]
03-27 14:34:10.958  2241  2361 D BusinessScope: Enqueuing the block
03-27 14:34:10.958  2241  2361 D TemperatureStateSource: sequence=3 waitTime=10000
